================================================================================
JobID = 13801420
User = u26864, Account = scc_mgmn_soeding
Partition = scc-gpu, Nodelist = ggpu211
================================================================================
Using device: cuda
Config: layer_norm=True, regularization=l1, reg_lambda=0.0001
Model parameters: 129

============================================================
Run=thr_70_layer_norm_l1_0.0001  Fold=0
============================================================
  Loaded 213,726 rows from /user/hasmig.aintablian01/u26864/.project/dir.project/hasmig/data/combined_dendrogram_splits/70/splits/fold_0/train.parquet
  Loaded 13,798 rows from /user/hasmig.aintablian01/u26864/.project/dir.project/hasmig/data/combined_dendrogram_splits/70/splits/fold_0/val.parquet
  Epoch   1/50 | val loss=0.2766 auc=0.9213 ap=0.9808 f1=0.9327
    -> Saved best model (val AUC=0.9213)
  Epoch   2/50 | val loss=0.2665 auc=0.9264 ap=0.9822 f1=0.9348
    -> Saved best model (val AUC=0.9264)
  Epoch   3/50 | val loss=0.2615 auc=0.9306 ap=0.9839 f1=0.9364
    -> Saved best model (val AUC=0.9306)
  Epoch   4/50 | val loss=0.2459 auc=0.9346 ap=0.9850 f1=0.9415
    -> Saved best model (val AUC=0.9346)
  Epoch   5/50 | val loss=0.2409 auc=0.9431 ap=0.9872 f1=0.9425
    -> Saved best model (val AUC=0.9431)
  Epoch   6/50 | val loss=0.2291 auc=0.9492 ap=0.9888 f1=0.9453
    -> Saved best model (val AUC=0.9492)
  Epoch   7/50 | val loss=0.2339 auc=0.9499 ap=0.9889 f1=0.9449
    -> Saved best model (val AUC=0.9499)
  Epoch   8/50 | val loss=0.2129 auc=0.9506 ap=0.9889 f1=0.9506
    -> Saved best model (val AUC=0.9506)
  Epoch   9/50 | val loss=0.2324 auc=0.9523 ap=0.9895 f1=0.9458
    -> Saved best model (val AUC=0.9523)
  Epoch  10/50 | val loss=0.2284 auc=0.9524 ap=0.9895 f1=0.9474
    -> Saved best model (val AUC=0.9524)
  Epoch  11/50 | val loss=0.2117 auc=0.9531 ap=0.9897 f1=0.9519
    -> Saved best model (val AUC=0.9531)
  Epoch  12/50 | val loss=0.2158 auc=0.9544 ap=0.9900 f1=0.9509
    -> Saved best model (val AUC=0.9544)
  Epoch  13/50 | val loss=0.2279 auc=0.9556 ap=0.9903 f1=0.9475
    -> Saved best model (val AUC=0.9556)
  Epoch  14/50 | val loss=0.2064 auc=0.9557 ap=0.9902 f1=0.9525
    -> Saved best model (val AUC=0.9557)
  Epoch  15/50 | val loss=0.2029 auc=0.9571 ap=0.9907 f1=0.9536
    -> Saved best model (val AUC=0.9571)
  Epoch  16/50 | val loss=0.2015 auc=0.9575 ap=0.9908 f1=0.9538
    -> Saved best model (val AUC=0.9575)
  Epoch  17/50 | val loss=0.2002 auc=0.9570 ap=0.9906 f1=0.9536
  Epoch  18/50 | val loss=0.1980 auc=0.9572 ap=0.9907 f1=0.9539
  Epoch  19/50 | val loss=0.2027 auc=0.9578 ap=0.9909 f1=0.9531
    -> Saved best model (val AUC=0.9578)
  Epoch  20/50 | val loss=0.1958 auc=0.9571 ap=0.9906 f1=0.9551
  Epoch  21/50 | val loss=0.2006 auc=0.9582 ap=0.9910 f1=0.9537
    -> Saved best model (val AUC=0.9582)
  Epoch  22/50 | val loss=0.1970 auc=0.9581 ap=0.9910 f1=0.9543
  Epoch  23/50 | val loss=0.2039 auc=0.9586 ap=0.9911 f1=0.9529
    -> Saved best model (val AUC=0.9586)
  Epoch  24/50 | val loss=0.2073 auc=0.9587 ap=0.9911 f1=0.9520
    -> Saved best model (val AUC=0.9587)
  Epoch  25/50 | val loss=0.2052 auc=0.9583 ap=0.9909 f1=0.9529
  Epoch  26/50 | val loss=0.1958 auc=0.9589 ap=0.9912 f1=0.9543
    -> Saved best model (val AUC=0.9589)
  Epoch  27/50 | val loss=0.1938 auc=0.9588 ap=0.9911 f1=0.9550
  Epoch  28/50 | val loss=0.1898 auc=0.9589 ap=0.9911 f1=0.9556
  Epoch  29/50 | val loss=0.1984 auc=0.9597 ap=0.9913 f1=0.9537
    -> Saved best model (val AUC=0.9597)
  Epoch  30/50 | val loss=0.2092 auc=0.9591 ap=0.9912 f1=0.9513
  Epoch  31/50 | val loss=0.1917 auc=0.9593 ap=0.9912 f1=0.9555
  Epoch  32/50 | val loss=0.1944 auc=0.9594 ap=0.9912 f1=0.9549
  Epoch  33/50 | val loss=0.1958 auc=0.9595 ap=0.9912 f1=0.9544
  Epoch  34/50 | val loss=0.1951 auc=0.9601 ap=0.9914 f1=0.9548
    -> Saved best model (val AUC=0.9601)
  Epoch  35/50 | val loss=0.2000 auc=0.9599 ap=0.9913 f1=0.9536
  Epoch  36/50 | val loss=0.1986 auc=0.9593 ap=0.9911 f1=0.9534
  Epoch  37/50 | val loss=0.1915 auc=0.9597 ap=0.9913 f1=0.9553
  Epoch  38/50 | val loss=0.1927 auc=0.9600 ap=0.9914 f1=0.9551
  Epoch  39/50 | val loss=0.2008 auc=0.9604 ap=0.9915 f1=0.9525
    -> Saved best model (val AUC=0.9604)
  Epoch  40/50 | val loss=0.2009 auc=0.9595 ap=0.9911 f1=0.9527
  Epoch  41/50 | val loss=0.1975 auc=0.9607 ap=0.9916 f1=0.9537
    -> Saved best model (val AUC=0.9607)
  Epoch  42/50 | val loss=0.2091 auc=0.9602 ap=0.9914 f1=0.9509
  Epoch  43/50 | val loss=0.1894 auc=0.9596 ap=0.9912 f1=0.9555
  Epoch  44/50 | val loss=0.1869 auc=0.9606 ap=0.9915 f1=0.9569
  Epoch  45/50 | val loss=0.1860 auc=0.9603 ap=0.9914 f1=0.9567
  Epoch  46/50 | val loss=0.1910 auc=0.9601 ap=0.9914 f1=0.9551
  Epoch  47/50 | val loss=0.2076 auc=0.9609 ap=0.9916 f1=0.9510
    -> Saved best model (val AUC=0.9609)
  Epoch  48/50 | val loss=0.1925 auc=0.9609 ap=0.9916 f1=0.9549
  Epoch  49/50 | val loss=0.1967 auc=0.9608 ap=0.9916 f1=0.9537
  Epoch  50/50 | val loss=0.1874 auc=0.9610 ap=0.9916 f1=0.9571
    -> Saved best model (val AUC=0.9610)

============================================================
Run=thr_70_layer_norm_l1_0.0001  Fold=1
============================================================
  Loaded 225,170 rows from /user/hasmig.aintablian01/u26864/.project/dir.project/hasmig/data/combined_dendrogram_splits/70/splits/fold_1/train.parquet
  Loaded 5,979 rows from /user/hasmig.aintablian01/u26864/.project/dir.project/hasmig/data/combined_dendrogram_splits/70/splits/fold_1/val.parquet
  Epoch   1/50 | val loss=0.2112 auc=0.9574 ap=0.9922 f1=0.9541
    -> Saved best model (val AUC=0.9574)
  Epoch   2/50 | val loss=0.2394 auc=0.9593 ap=0.9925 f1=0.9437
    -> Saved best model (val AUC=0.9593)
  Epoch   3/50 | val loss=0.1979 auc=0.9613 ap=0.9930 f1=0.9567
    -> Saved best model (val AUC=0.9613)
  Epoch   4/50 | val loss=0.2030 auc=0.9642 ap=0.9935 f1=0.9555
    -> Saved best model (val AUC=0.9642)
  Epoch   5/50 | val loss=0.2249 auc=0.9674 ap=0.9941 f1=0.9478
    -> Saved best model (val AUC=0.9674)
  Epoch   6/50 | val loss=0.2256 auc=0.9691 ap=0.9945 f1=0.9460
    -> Saved best model (val AUC=0.9691)
  Epoch   7/50 | val loss=0.2019 auc=0.9706 ap=0.9947 f1=0.9548
    -> Saved best model (val AUC=0.9706)
  Epoch   8/50 | val loss=0.1922 auc=0.9725 ap=0.9951 f1=0.9569
    -> Saved best model (val AUC=0.9725)
  Epoch   9/50 | val loss=0.1847 auc=0.9744 ap=0.9955 f1=0.9595
    -> Saved best model (val AUC=0.9744)
  Epoch  10/50 | val loss=0.1856 auc=0.9749 ap=0.9955 f1=0.9586
    -> Saved best model (val AUC=0.9749)
  Epoch  11/50 | val loss=0.1663 auc=0.9753 ap=0.9956 f1=0.9638
    -> Saved best model (val AUC=0.9753)
  Epoch  12/50 | val loss=0.1727 auc=0.9757 ap=0.9957 f1=0.9601
    -> Saved best model (val AUC=0.9757)
  Epoch  13/50 | val loss=0.1593 auc=0.9762 ap=0.9958 f1=0.9656
    -> Saved best model (val AUC=0.9762)
  Epoch  14/50 | val loss=0.1759 auc=0.9769 ap=0.9959 f1=0.9596
    -> Saved best model (val AUC=0.9769)
  Epoch  15/50 | val loss=0.2132 auc=0.9762 ap=0.9958 f1=0.9484
  Epoch  16/50 | val loss=0.1670 auc=0.9770 ap=0.9959 f1=0.9639
    -> Saved best model (val AUC=0.9770)
  Epoch  17/50 | val loss=0.1600 auc=0.9772 ap=0.9960 f1=0.9653
    -> Saved best model (val AUC=0.9772)
  Epoch  18/50 | val loss=0.1650 auc=0.9767 ap=0.9959 f1=0.9646
  Epoch  19/50 | val loss=0.1833 auc=0.9772 ap=0.9960 f1=0.9572
  Epoch  20/50 | val loss=0.1789 auc=0.9769 ap=0.9959 f1=0.9601
  Epoch  21/50 | val loss=0.1537 auc=0.9767 ap=0.9959 f1=0.9692
  Epoch  22/50 | val loss=0.1464 auc=0.9770 ap=0.9959 f1=0.9695
  Epoch  23/50 | val loss=0.1858 auc=0.9773 ap=0.9960 f1=0.9569
    -> Saved best model (val AUC=0.9773)
  Epoch  24/50 | val loss=0.1672 auc=0.9768 ap=0.9959 f1=0.9645
  Epoch  25/50 | val loss=0.1732 auc=0.9774 ap=0.9960 f1=0.9608
    -> Saved best model (val AUC=0.9774)
  Epoch  26/50 | val loss=0.1528 auc=0.9774 ap=0.9960 f1=0.9682
  Epoch  27/50 | val loss=0.1820 auc=0.9775 ap=0.9960 f1=0.9580
    -> Saved best model (val AUC=0.9775)
  Epoch  28/50 | val loss=0.1699 auc=0.9775 ap=0.9960 f1=0.9643
    -> Saved best model (val AUC=0.9775)
  Epoch  29/50 | val loss=0.2090 auc=0.9773 ap=0.9959 f1=0.9491
  Epoch  30/50 | val loss=0.1950 auc=0.9776 ap=0.9960 f1=0.9543
    -> Saved best model (val AUC=0.9776)
  Epoch  31/50 | val loss=0.1772 auc=0.9777 ap=0.9960 f1=0.9608
    -> Saved best model (val AUC=0.9777)
  Epoch  32/50 | val loss=0.1829 auc=0.9776 ap=0.9960 f1=0.9587
  Epoch  33/50 | val loss=0.1771 auc=0.9783 ap=0.9961 f1=0.9602
    -> Saved best model (val AUC=0.9783)
  Epoch  34/50 | val loss=0.1878 auc=0.9784 ap=0.9961 f1=0.9562
    -> Saved best model (val AUC=0.9784)
  Epoch  35/50 | val loss=0.1617 auc=0.9778 ap=0.9960 f1=0.9648
  Epoch  36/50 | val loss=0.1744 auc=0.9784 ap=0.9961 f1=0.9616
    -> Saved best model (val AUC=0.9784)
  Epoch  37/50 | val loss=0.1869 auc=0.9784 ap=0.9961 f1=0.9576
  Epoch  38/50 | val loss=0.1634 auc=0.9785 ap=0.9961 f1=0.9665
    -> Saved best model (val AUC=0.9785)
  Epoch  39/50 | val loss=0.1738 auc=0.9786 ap=0.9962 f1=0.9619
    -> Saved best model (val AUC=0.9786)
  Epoch  40/50 | val loss=0.1739 auc=0.9788 ap=0.9962 f1=0.9612
    -> Saved best model (val AUC=0.9788)
  Epoch  41/50 | val loss=0.1796 auc=0.9786 ap=0.9962 f1=0.9592
  Epoch  42/50 | val loss=0.1704 auc=0.9789 ap=0.9962 f1=0.9629
    -> Saved best model (val AUC=0.9789)
  Epoch  43/50 | val loss=0.1546 auc=0.9784 ap=0.9961 f1=0.9682
  Epoch  44/50 | val loss=0.1998 auc=0.9790 ap=0.9962 f1=0.9538
    -> Saved best model (val AUC=0.9790)
  Epoch  45/50 | val loss=0.1462 auc=0.9790 ap=0.9962 f1=0.9705
    -> Saved best model (val AUC=0.9790)
  Epoch  46/50 | val loss=0.1491 auc=0.9789 ap=0.9962 f1=0.9688
  Epoch  47/50 | val loss=0.1997 auc=0.9793 ap=0.9963 f1=0.9518
    -> Saved best model (val AUC=0.9793)
  Epoch  48/50 | val loss=0.1609 auc=0.9793 ap=0.9963 f1=0.9651
  Epoch  49/50 | val loss=0.1691 auc=0.9794 ap=0.9963 f1=0.9624
    -> Saved best model (val AUC=0.9794)
  Epoch  50/50 | val loss=0.1656 auc=0.9799 ap=0.9964 f1=0.9642
    -> Saved best model (val AUC=0.9799)

============================================================
Run=thr_70_layer_norm_l1_0.0001  Fold=2
============================================================
  Loaded 217,259 rows from /user/hasmig.aintablian01/u26864/.project/dir.project/hasmig/data/combined_dendrogram_splits/70/splits/fold_2/train.parquet
  Loaded 8,079 rows from /user/hasmig.aintablian01/u26864/.project/dir.project/hasmig/data/combined_dendrogram_splits/70/splits/fold_2/val.parquet
  Epoch   1/50 | val loss=0.2688 auc=0.9427 ap=0.9872 f1=0.9346
    -> Saved best model (val AUC=0.9427)
  Epoch   2/50 | val loss=0.2412 auc=0.9448 ap=0.9877 f1=0.9416
    -> Saved best model (val AUC=0.9448)
  Epoch   3/50 | val loss=0.2517 auc=0.9457 ap=0.9889 f1=0.9380
    -> Saved best model (val AUC=0.9457)
  Epoch   4/50 | val loss=0.2778 auc=0.9462 ap=0.9895 f1=0.9293
    -> Saved best model (val AUC=0.9462)
  Epoch   5/50 | val loss=0.2528 auc=0.9456 ap=0.9894 f1=0.9373
  Epoch   6/50 | val loss=0.2389 auc=0.9447 ap=0.9891 f1=0.9388
  Epoch   7/50 | val loss=0.2630 auc=0.9464 ap=0.9897 f1=0.9330
    -> Saved best model (val AUC=0.9464)
  Epoch   8/50 | val loss=0.2665 auc=0.9460 ap=0.9896 f1=0.9300
  Epoch   9/50 | val loss=0.2504 auc=0.9467 ap=0.9897 f1=0.9371
    -> Saved best model (val AUC=0.9467)
  Epoch  10/50 | val loss=0.2677 auc=0.9468 ap=0.9898 f1=0.9301
    -> Saved best model (val AUC=0.9468)
  Epoch  11/50 | val loss=0.2566 auc=0.9465 ap=0.9898 f1=0.9357
  Epoch  12/50 | val loss=0.2885 auc=0.9473 ap=0.9899 f1=0.9218
    -> Saved best model (val AUC=0.9473)
  Epoch  13/50 | val loss=0.2676 auc=0.9477 ap=0.9900 f1=0.9293
    -> Saved best model (val AUC=0.9477)
  Epoch  14/50 | val loss=0.2517 auc=0.9476 ap=0.9900 f1=0.9343
  Epoch  15/50 | val loss=0.2469 auc=0.9481 ap=0.9901 f1=0.9368
    -> Saved best model (val AUC=0.9481)
  Epoch  16/50 | val loss=0.2505 auc=0.9485 ap=0.9902 f1=0.9365
    -> Saved best model (val AUC=0.9485)
  Epoch  17/50 | val loss=0.2476 auc=0.9487 ap=0.9903 f1=0.9366
    -> Saved best model (val AUC=0.9487)
  Epoch  18/50 | val loss=0.2452 auc=0.9495 ap=0.9905 f1=0.9371
    -> Saved best model (val AUC=0.9495)
  Epoch  19/50 | val loss=0.2631 auc=0.9493 ap=0.9905 f1=0.9304
  Epoch  20/50 | val loss=0.2445 auc=0.9495 ap=0.9905 f1=0.9370
  Epoch  21/50 | val loss=0.2208 auc=0.9502 ap=0.9907 f1=0.9451
    -> Saved best model (val AUC=0.9502)
  Epoch  22/50 | val loss=0.2516 auc=0.9505 ap=0.9908 f1=0.9344
    -> Saved best model (val AUC=0.9505)
  Epoch  23/50 | val loss=0.2494 auc=0.9508 ap=0.9909 f1=0.9350
    -> Saved best model (val AUC=0.9508)
  Epoch  24/50 | val loss=0.2704 auc=0.9508 ap=0.9910 f1=0.9273
    -> Saved best model (val AUC=0.9508)
  Epoch  25/50 | val loss=0.2217 auc=0.9505 ap=0.9909 f1=0.9441
  Epoch  26/50 | val loss=0.2754 auc=0.9507 ap=0.9911 f1=0.9247
  Epoch  27/50 | val loss=0.2334 auc=0.9512 ap=0.9911 f1=0.9407
    -> Saved best model (val AUC=0.9512)
  Epoch  28/50 | val loss=0.2824 auc=0.9510 ap=0.9912 f1=0.9220
  Epoch  29/50 | val loss=0.2865 auc=0.9517 ap=0.9914 f1=0.9209
    -> Saved best model (val AUC=0.9517)
  Epoch  30/50 | val loss=0.2735 auc=0.9515 ap=0.9914 f1=0.9244
  Epoch  31/50 | val loss=0.2349 auc=0.9527 ap=0.9917 f1=0.9395
    -> Saved best model (val AUC=0.9527)
  Epoch  32/50 | val loss=0.2506 auc=0.9517 ap=0.9914 f1=0.9330
  Epoch  33/50 | val loss=0.2315 auc=0.9515 ap=0.9914 f1=0.9404
  Epoch  34/50 | val loss=0.2434 auc=0.9516 ap=0.9915 f1=0.9354
  Epoch  35/50 | val loss=0.2450 auc=0.9529 ap=0.9918 f1=0.9360
    -> Saved best model (val AUC=0.9529)
  Epoch  36/50 | val loss=0.2412 auc=0.9531 ap=0.9919 f1=0.9362
    -> Saved best model (val AUC=0.9531)
  Epoch  37/50 | val loss=0.2313 auc=0.9533 ap=0.9919 f1=0.9398
    -> Saved best model (val AUC=0.9533)
  Epoch  38/50 | val loss=0.2464 auc=0.9534 ap=0.9919 f1=0.9350
    -> Saved best model (val AUC=0.9534)
  Epoch  39/50 | val loss=0.2235 auc=0.9535 ap=0.9919 f1=0.9428
    -> Saved best model (val AUC=0.9535)
  Epoch  40/50 | val loss=0.2355 auc=0.9540 ap=0.9921 f1=0.9392
    -> Saved best model (val AUC=0.9540)
  Epoch  41/50 | val loss=0.2475 auc=0.9537 ap=0.9920 f1=0.9342
  Epoch  42/50 | val loss=0.2266 auc=0.9539 ap=0.9921 f1=0.9424
  Epoch  43/50 | val loss=0.2271 auc=0.9547 ap=0.9922 f1=0.9418
    -> Saved best model (val AUC=0.9547)
  Epoch  44/50 | val loss=0.2654 auc=0.9542 ap=0.9922 f1=0.9263
  Epoch  45/50 | val loss=0.2026 auc=0.9551 ap=0.9923 f1=0.9496
    -> Saved best model (val AUC=0.9551)
  Epoch  46/50 | val loss=0.2394 auc=0.9549 ap=0.9923 f1=0.9374
  Epoch  47/50 | val loss=0.2440 auc=0.9558 ap=0.9925 f1=0.9355
    -> Saved best model (val AUC=0.9558)
  Epoch  48/50 | val loss=0.2615 auc=0.9551 ap=0.9923 f1=0.9280
  Epoch  49/50 | val loss=0.2174 auc=0.9555 ap=0.9924 f1=0.9443
  Epoch  50/50 | val loss=0.2068 auc=0.9552 ap=0.9924 f1=0.9482

============================================================
Run=thr_70_layer_norm_l1_0.0001  Fold=3
============================================================
  Loaded 222,925 rows from /user/hasmig.aintablian01/u26864/.project/dir.project/hasmig/data/combined_dendrogram_splits/70/splits/fold_3/train.parquet
  Loaded 5,771 rows from /user/hasmig.aintablian01/u26864/.project/dir.project/hasmig/data/combined_dendrogram_splits/70/splits/fold_3/val.parquet
  Epoch   1/50 | val loss=0.2954 auc=0.9551 ap=0.9576 f1=0.8852
    -> Saved best model (val AUC=0.9551)
  Epoch   2/50 | val loss=0.3013 auc=0.9501 ap=0.9554 f1=0.8772
  Epoch   3/50 | val loss=0.2753 auc=0.9536 ap=0.9588 f1=0.8847
  Epoch   4/50 | val loss=0.2539 auc=0.9606 ap=0.9637 f1=0.8959
    -> Saved best model (val AUC=0.9606)
  Epoch   5/50 | val loss=0.2443 auc=0.9649 ap=0.9672 f1=0.9003
    -> Saved best model (val AUC=0.9649)
  Epoch   6/50 | val loss=0.2442 auc=0.9656 ap=0.9683 f1=0.8988
    -> Saved best model (val AUC=0.9656)
  Epoch   7/50 | val loss=0.2427 auc=0.9652 ap=0.9681 f1=0.9005
  Epoch   8/50 | val loss=0.2424 auc=0.9653 ap=0.9683 f1=0.8997
  Epoch   9/50 | val loss=0.2377 auc=0.9653 ap=0.9682 f1=0.9033
  Epoch  10/50 | val loss=0.2409 auc=0.9648 ap=0.9678 f1=0.8996
  Epoch  11/50 | val loss=0.2400 auc=0.9651 ap=0.9680 f1=0.9000
  Epoch  12/50 | val loss=0.2387 auc=0.9648 ap=0.9678 f1=0.8996
  Epoch  13/50 | val loss=0.2490 auc=0.9648 ap=0.9676 f1=0.8920
  Epoch  14/50 | val loss=0.2480 auc=0.9642 ap=0.9671 f1=0.8947
  Epoch  15/50 | val loss=0.2430 auc=0.9641 ap=0.9669 f1=0.8952
  Epoch  16/50 | val loss=0.2469 auc=0.9650 ap=0.9676 f1=0.8942
  Epoch  17/50 | val loss=0.2467 auc=0.9645 ap=0.9672 f1=0.8932
  Epoch  18/50 | val loss=0.2475 auc=0.9650 ap=0.9677 f1=0.8933
  Epoch  19/50 | val loss=0.2551 auc=0.9649 ap=0.9675 f1=0.8868
  Epoch  20/50 | val loss=0.2370 auc=0.9654 ap=0.9679 f1=0.8999
  Epoch  21/50 | val loss=0.2397 auc=0.9649 ap=0.9674 f1=0.8980
  Epoch  22/50 | val loss=0.2498 auc=0.9657 ap=0.9681 f1=0.8920
    -> Saved best model (val AUC=0.9657)
  Epoch  23/50 | val loss=0.2437 auc=0.9659 ap=0.9681 f1=0.8947
    -> Saved best model (val AUC=0.9659)
  Epoch  24/50 | val loss=0.2393 auc=0.9657 ap=0.9681 f1=0.8991
  Epoch  25/50 | val loss=0.2351 auc=0.9659 ap=0.9682 f1=0.9019
    -> Saved best model (val AUC=0.9659)
  Epoch  26/50 | val loss=0.2354 auc=0.9659 ap=0.9681 f1=0.9011
    -> Saved best model (val AUC=0.9659)
  Epoch  27/50 | val loss=0.2347 auc=0.9662 ap=0.9682 f1=0.9025
    -> Saved best model (val AUC=0.9662)
  Epoch  28/50 | val loss=0.2364 auc=0.9657 ap=0.9676 f1=0.9059
  Epoch  29/50 | val loss=0.2428 auc=0.9666 ap=0.9678 f1=0.8946
    -> Saved best model (val AUC=0.9666)
  Epoch  30/50 | val loss=0.2346 auc=0.9664 ap=0.9677 f1=0.9066
  Epoch  31/50 | val loss=0.2310 auc=0.9674 ap=0.9686 f1=0.9104
    -> Saved best model (val AUC=0.9674)
  Epoch  32/50 | val loss=0.2334 auc=0.9676 ap=0.9686 f1=0.9109
    -> Saved best model (val AUC=0.9676)
  Epoch  33/50 | val loss=0.2342 auc=0.9688 ap=0.9693 f1=0.9024
    -> Saved best model (val AUC=0.9688)
  Epoch  34/50 | val loss=0.2293 auc=0.9687 ap=0.9694 f1=0.9122
  Epoch  35/50 | val loss=0.2252 auc=0.9691 ap=0.9695 f1=0.9120
    -> Saved best model (val AUC=0.9691)
  Epoch  36/50 | val loss=0.2261 auc=0.9700 ap=0.9701 f1=0.9097
    -> Saved best model (val AUC=0.9700)
  Epoch  37/50 | val loss=0.2258 auc=0.9697 ap=0.9702 f1=0.9146
  Epoch  38/50 | val loss=0.2358 auc=0.9706 ap=0.9700 f1=0.9007
    -> Saved best model (val AUC=0.9706)
  Epoch  39/50 | val loss=0.2191 auc=0.9707 ap=0.9707 f1=0.9164
    -> Saved best model (val AUC=0.9707)
  Epoch  40/50 | val loss=0.2192 auc=0.9707 ap=0.9709 f1=0.9173
    -> Saved best model (val AUC=0.9707)
  Epoch  41/50 | val loss=0.2206 auc=0.9712 ap=0.9708 f1=0.9141
    -> Saved best model (val AUC=0.9712)
  Epoch  42/50 | val loss=0.2155 auc=0.9716 ap=0.9715 f1=0.9181
    -> Saved best model (val AUC=0.9716)
  Epoch  43/50 | val loss=0.2139 auc=0.9719 ap=0.9715 f1=0.9191
    -> Saved best model (val AUC=0.9719)
  Epoch  44/50 | val loss=0.2182 auc=0.9718 ap=0.9715 f1=0.9145
  Epoch  45/50 | val loss=0.2343 auc=0.9716 ap=0.9722 f1=0.9162
  Epoch  46/50 | val loss=0.2134 auc=0.9718 ap=0.9713 f1=0.9188
  Epoch  47/50 | val loss=0.2090 auc=0.9731 ap=0.9729 f1=0.9212
    -> Saved best model (val AUC=0.9731)
  Epoch  48/50 | val loss=0.2127 auc=0.9731 ap=0.9728 f1=0.9160
    -> Saved best model (val AUC=0.9731)
  Epoch  49/50 | val loss=0.2066 auc=0.9744 ap=0.9748 f1=0.9227
    -> Saved best model (val AUC=0.9744)
  Epoch  50/50 | val loss=0.2125 auc=0.9739 ap=0.9738 f1=0.9139

============================================================
Run=thr_70_layer_norm_l1_0.0001  Fold=4
============================================================
  Loaded 213,674 rows from /user/hasmig.aintablian01/u26864/.project/dir.project/hasmig/data/combined_dendrogram_splits/70/splits/fold_4/train.parquet
  Loaded 11,176 rows from /user/hasmig.aintablian01/u26864/.project/dir.project/hasmig/data/combined_dendrogram_splits/70/splits/fold_4/val.parquet
  Epoch   1/50 | val loss=0.2357 auc=0.9468 ap=0.9873 f1=0.9414
    -> Saved best model (val AUC=0.9468)
  Epoch   2/50 | val loss=0.2383 auc=0.9514 ap=0.9885 f1=0.9405
    -> Saved best model (val AUC=0.9514)
  Epoch   3/50 | val loss=0.2275 auc=0.9534 ap=0.9887 f1=0.9441
    -> Saved best model (val AUC=0.9534)
  Epoch   4/50 | val loss=0.2123 auc=0.9552 ap=0.9889 f1=0.9506
    -> Saved best model (val AUC=0.9552)
  Epoch   5/50 | val loss=0.2106 auc=0.9561 ap=0.9891 f1=0.9506
    -> Saved best model (val AUC=0.9561)
  Epoch   6/50 | val loss=0.2209 auc=0.9552 ap=0.9887 f1=0.9463
  Epoch   7/50 | val loss=0.2228 auc=0.9561 ap=0.9891 f1=0.9461
  Epoch   8/50 | val loss=0.2394 auc=0.9547 ap=0.9887 f1=0.9406
  Epoch   9/50 | val loss=0.2206 auc=0.9562 ap=0.9891 f1=0.9468
    -> Saved best model (val AUC=0.9562)
  Epoch  10/50 | val loss=0.2034 auc=0.9558 ap=0.9890 f1=0.9522
  Epoch  11/50 | val loss=0.2141 auc=0.9558 ap=0.9890 f1=0.9489
  Epoch  12/50 | val loss=0.2222 auc=0.9561 ap=0.9891 f1=0.9458
  Epoch  13/50 | val loss=0.2027 auc=0.9553 ap=0.9888 f1=0.9521
  Epoch  14/50 | val loss=0.2054 auc=0.9556 ap=0.9888 f1=0.9516
  Epoch  15/50 | val loss=0.2091 auc=0.9561 ap=0.9890 f1=0.9503
  Epoch  16/50 | val loss=0.2302 auc=0.9559 ap=0.9889 f1=0.9433
  Epoch  17/50 | val loss=0.1983 auc=0.9567 ap=0.9891 f1=0.9534
    -> Saved best model (val AUC=0.9567)
  Epoch  18/50 | val loss=0.2035 auc=0.9564 ap=0.9891 f1=0.9514
  Epoch  19/50 | val loss=0.2187 auc=0.9565 ap=0.9891 f1=0.9471
  Epoch  20/50 | val loss=0.2045 auc=0.9570 ap=0.9893 f1=0.9512
    -> Saved best model (val AUC=0.9570)
  Epoch  21/50 | val loss=0.2192 auc=0.9567 ap=0.9892 f1=0.9461
  Epoch  22/50 | val loss=0.2015 auc=0.9567 ap=0.9895 f1=0.9521
  Epoch  23/50 | val loss=0.2107 auc=0.9566 ap=0.9890 f1=0.9499
  Epoch  24/50 | val loss=0.1975 auc=0.9574 ap=0.9896 f1=0.9534
    -> Saved best model (val AUC=0.9574)
  Epoch  25/50 | val loss=0.2112 auc=0.9569 ap=0.9890 f1=0.9493
  Epoch  26/50 | val loss=0.2201 auc=0.9577 ap=0.9895 f1=0.9467
    -> Saved best model (val AUC=0.9577)
  Epoch  27/50 | val loss=0.2170 auc=0.9568 ap=0.9890 f1=0.9477
  Epoch  28/50 | val loss=0.2091 auc=0.9573 ap=0.9892 f1=0.9491
  Epoch  29/50 | val loss=0.2213 auc=0.9571 ap=0.9891 f1=0.9468
  Epoch  30/50 | val loss=0.1901 auc=0.9572 ap=0.9888 f1=0.9544
  Epoch  31/50 | val loss=0.2281 auc=0.9586 ap=0.9897 f1=0.9441
    -> Saved best model (val AUC=0.9586)
  Epoch  32/50 | val loss=0.2044 auc=0.9577 ap=0.9890 f1=0.9502
  Epoch  33/50 | val loss=0.1905 auc=0.9580 ap=0.9892 f1=0.9546
  Epoch  34/50 | val loss=0.2221 auc=0.9585 ap=0.9895 f1=0.9447
  Epoch  35/50 | val loss=0.2130 auc=0.9596 ap=0.9899 f1=0.9477
    -> Saved best model (val AUC=0.9596)
  Epoch  36/50 | val loss=0.2333 auc=0.9589 ap=0.9897 f1=0.9410
  Epoch  37/50 | val loss=0.2140 auc=0.9599 ap=0.9899 f1=0.9473
    -> Saved best model (val AUC=0.9599)
  Epoch  38/50 | val loss=0.2272 auc=0.9596 ap=0.9900 f1=0.9431
  Epoch  39/50 | val loss=0.2118 auc=0.9594 ap=0.9899 f1=0.9466
  Epoch  40/50 | val loss=0.2365 auc=0.9590 ap=0.9903 f1=0.9393
  Epoch  41/50 | val loss=0.1915 auc=0.9609 ap=0.9901 f1=0.9526
    -> Saved best model (val AUC=0.9609)
  Epoch  42/50 | val loss=0.1902 auc=0.9608 ap=0.9904 f1=0.9525
  Epoch  43/50 | val loss=0.2093 auc=0.9590 ap=0.9898 f1=0.9468
  Epoch  44/50 | val loss=0.1966 auc=0.9604 ap=0.9900 f1=0.9512
  Epoch  45/50 | val loss=0.2008 auc=0.9604 ap=0.9902 f1=0.9494
  Epoch  46/50 | val loss=0.2290 auc=0.9610 ap=0.9905 f1=0.9415
    -> Saved best model (val AUC=0.9610)
  Epoch  47/50 | val loss=0.2071 auc=0.9606 ap=0.9904 f1=0.9470
  Epoch  48/50 | val loss=0.1911 auc=0.9617 ap=0.9905 f1=0.9518
    -> Saved best model (val AUC=0.9617)
  Epoch  49/50 | val loss=0.1878 auc=0.9612 ap=0.9902 f1=0.9537
  Epoch  50/50 | val loss=0.2027 auc=0.9600 ap=0.9902 f1=0.9476

============================================================
Run=thr_70_layer_norm_l1_0.0001 -- Retraining final model on all folds combined
============================================================
  Combined dataset: 234,800 rows
  Loaded 234,800 rows from /user/hasmig.aintablian01/u26864/.project/dir.project/hasmig/pmhc-binding-prediction/results/02_baseline_lr/thr_70_layer_norm_l1_0.0001/combined_train.parquet
  Final model epoch 10/50
  Final model epoch 20/50
  Final model epoch 30/50
  Final model epoch 40/50
  Final model epoch 50/50
  Loaded 8,494 rows from /user/hasmig.aintablian01/u26864/.project/dir.project/hasmig/data/combined_dendrogram_splits/70/splits/test/test.parquet
  Test | auc=0.9647 ap=0.9965 f1=0.9627 precision=0.9825 recall=0.9438 tpr@fpr10=0.9016

Metrics saved to /user/hasmig.aintablian01/u26864/.project/dir.project/hasmig/pmhc-binding-prediction/results/02_baseline_lr/all_metrics.csv  (126 rows total)

=== Summary (median val AUC per threshold / config) ===
threshold  layer_norm  regularization
50         False       l1                0.9536
                       l2                0.9560
                       none              0.9581
           True        l1                0.9512
                       l2                0.9596
                       none              0.9629
60         False       l1                0.9551
                       l2                0.9462
                       none              0.9620
           True        l1                0.9608
                       l2                0.9577
                       none              0.9659
70         False       l1                0.9612
                       l2                0.9573
                       none              0.9613
           True        none              0.9679
80         False       l1                0.9569
                       l2                0.9588
                       none              0.9658
           True        none              0.9638
70         True        l1                0.9617
============ Job Information ===================================================
Submitted: 2026-05-14T13:37:24
Started: 2026-05-14T14:13:30
Ended: 2026-05-14T16:35:19
Elapsed: 142 min, Limit: 720 min, Difference: 578 min
CPUs: 4, Nodes: 1
Estimated credit Consumption: 355.00 core-hours
================================================================================
