================================================================================
JobID = 13787469
User = u26864, Account = scc_mgmn_soeding
Partition = scc-gpu, Nodelist = ggpu197
================================================================================
Using device: cuda
Config: layer_norm=False, regularization=none, reg_lambda=0.0001
Model parameters: 97

============================================================
Run=thr_70_baseline  Fold=0
============================================================
  Loaded 213,726 rows from /user/hasmig.aintablian01/u26864/.project/dir.project/hasmig/data/combined_dendrogram_splits/70/splits/fold_0/train.parquet
  Loaded 13,798 rows from /user/hasmig.aintablian01/u26864/.project/dir.project/hasmig/data/combined_dendrogram_splits/70/splits/fold_0/val.parquet
  Epoch   1/50 | val loss=0.2729 auc=0.9239 ap=0.9820 f1=0.9325
    -> Saved best model (val AUC=0.9239)
  Epoch   2/50 | val loss=0.2582 auc=0.9361 ap=0.9852 f1=0.9406
    -> Saved best model (val AUC=0.9361)
  Epoch   3/50 | val loss=0.2435 auc=0.9402 ap=0.9863 f1=0.9442
    -> Saved best model (val AUC=0.9402)
  Epoch   4/50 | val loss=0.2254 auc=0.9429 ap=0.9871 f1=0.9490
    -> Saved best model (val AUC=0.9429)
  Epoch   5/50 | val loss=0.2314 auc=0.9442 ap=0.9875 f1=0.9472
    -> Saved best model (val AUC=0.9442)
  Epoch   6/50 | val loss=0.2258 auc=0.9460 ap=0.9879 f1=0.9482
    -> Saved best model (val AUC=0.9460)
  Epoch   7/50 | val loss=0.2354 auc=0.9471 ap=0.9882 f1=0.9456
    -> Saved best model (val AUC=0.9471)
  Epoch   8/50 | val loss=0.2257 auc=0.9480 ap=0.9885 f1=0.9486
    -> Saved best model (val AUC=0.9480)
  Epoch   9/50 | val loss=0.2154 auc=0.9499 ap=0.9890 f1=0.9516
    -> Saved best model (val AUC=0.9499)
  Epoch  10/50 | val loss=0.2186 auc=0.9510 ap=0.9893 f1=0.9512
    -> Saved best model (val AUC=0.9510)
  Epoch  11/50 | val loss=0.2294 auc=0.9517 ap=0.9895 f1=0.9473
    -> Saved best model (val AUC=0.9517)
  Epoch  12/50 | val loss=0.2150 auc=0.9528 ap=0.9898 f1=0.9521
    -> Saved best model (val AUC=0.9528)
  Epoch  13/50 | val loss=0.2157 auc=0.9531 ap=0.9898 f1=0.9511
    -> Saved best model (val AUC=0.9531)
  Epoch  14/50 | val loss=0.2299 auc=0.9538 ap=0.9900 f1=0.9476
    -> Saved best model (val AUC=0.9538)
  Epoch  15/50 | val loss=0.2311 auc=0.9544 ap=0.9899 f1=0.9470
    -> Saved best model (val AUC=0.9544)
  Epoch  16/50 | val loss=0.2233 auc=0.9550 ap=0.9902 f1=0.9501
    -> Saved best model (val AUC=0.9550)
  Epoch  17/50 | val loss=0.2150 auc=0.9556 ap=0.9902 f1=0.9516
    -> Saved best model (val AUC=0.9556)
  Epoch  18/50 | val loss=0.2109 auc=0.9564 ap=0.9904 f1=0.9526
    -> Saved best model (val AUC=0.9564)
  Epoch  19/50 | val loss=0.1990 auc=0.9569 ap=0.9904 f1=0.9550
    -> Saved best model (val AUC=0.9569)
  Epoch  20/50 | val loss=0.2299 auc=0.9570 ap=0.9904 f1=0.9470
    -> Saved best model (val AUC=0.9570)
  Epoch  21/50 | val loss=0.2185 auc=0.9571 ap=0.9903 f1=0.9500
    -> Saved best model (val AUC=0.9571)
  Epoch  22/50 | val loss=0.2075 auc=0.9577 ap=0.9905 f1=0.9532
    -> Saved best model (val AUC=0.9577)
  Epoch  23/50 | val loss=0.2022 auc=0.9575 ap=0.9904 f1=0.9542
  Epoch  24/50 | val loss=0.2045 auc=0.9581 ap=0.9910 f1=0.9541
    -> Saved best model (val AUC=0.9581)
  Epoch  25/50 | val loss=0.2001 auc=0.9585 ap=0.9907 f1=0.9542
    -> Saved best model (val AUC=0.9585)
  Epoch  26/50 | val loss=0.2034 auc=0.9584 ap=0.9907 f1=0.9539
  Epoch  27/50 | val loss=0.1978 auc=0.9588 ap=0.9908 f1=0.9547
    -> Saved best model (val AUC=0.9588)
  Epoch  28/50 | val loss=0.2173 auc=0.9587 ap=0.9906 f1=0.9507
  Epoch  29/50 | val loss=0.2175 auc=0.9593 ap=0.9912 f1=0.9501
    -> Saved best model (val AUC=0.9593)
  Epoch  30/50 | val loss=0.2196 auc=0.9582 ap=0.9904 f1=0.9500
  Epoch  31/50 | val loss=0.2020 auc=0.9595 ap=0.9913 f1=0.9544
    -> Saved best model (val AUC=0.9595)
  Epoch  32/50 | val loss=0.2018 auc=0.9599 ap=0.9911 f1=0.9542
    -> Saved best model (val AUC=0.9599)
  Epoch  33/50 | val loss=0.2004 auc=0.9600 ap=0.9910 f1=0.9545
    -> Saved best model (val AUC=0.9600)
  Epoch  34/50 | val loss=0.1935 auc=0.9600 ap=0.9912 f1=0.9551
    -> Saved best model (val AUC=0.9600)
  Epoch  35/50 | val loss=0.2013 auc=0.9600 ap=0.9910 f1=0.9544
  Epoch  36/50 | val loss=0.1997 auc=0.9604 ap=0.9912 f1=0.9547
    -> Saved best model (val AUC=0.9604)
  Epoch  37/50 | val loss=0.2238 auc=0.9606 ap=0.9914 f1=0.9488
    -> Saved best model (val AUC=0.9606)
  Epoch  38/50 | val loss=0.1935 auc=0.9606 ap=0.9911 f1=0.9560
    -> Saved best model (val AUC=0.9606)
  Epoch  39/50 | val loss=0.1953 auc=0.9609 ap=0.9912 f1=0.9559
    -> Saved best model (val AUC=0.9609)
  Epoch  40/50 | val loss=0.2074 auc=0.9602 ap=0.9912 f1=0.9526
  Epoch  41/50 | val loss=0.2193 auc=0.9602 ap=0.9914 f1=0.9498
  Epoch  42/50 | val loss=0.1969 auc=0.9609 ap=0.9915 f1=0.9546
    -> Saved best model (val AUC=0.9609)
  Epoch  43/50 | val loss=0.2036 auc=0.9609 ap=0.9915 f1=0.9534
    -> Saved best model (val AUC=0.9609)
  Epoch  44/50 | val loss=0.2068 auc=0.9610 ap=0.9916 f1=0.9526
    -> Saved best model (val AUC=0.9610)
  Epoch  45/50 | val loss=0.2042 auc=0.9610 ap=0.9915 f1=0.9535
    -> Saved best model (val AUC=0.9610)
  Epoch  46/50 | val loss=0.1905 auc=0.9613 ap=0.9918 f1=0.9566
    -> Saved best model (val AUC=0.9613)
  Epoch  47/50 | val loss=0.1874 auc=0.9606 ap=0.9913 f1=0.9565
  Epoch  48/50 | val loss=0.1940 auc=0.9615 ap=0.9918 f1=0.9561
    -> Saved best model (val AUC=0.9615)
  Epoch  49/50 | val loss=0.2092 auc=0.9615 ap=0.9918 f1=0.9531
  Epoch  50/50 | val loss=0.1990 auc=0.9616 ap=0.9919 f1=0.9549
    -> Saved best model (val AUC=0.9616)

============================================================
Run=thr_70_baseline  Fold=1
============================================================
  Loaded 225,170 rows from /user/hasmig.aintablian01/u26864/.project/dir.project/hasmig/data/combined_dendrogram_splits/70/splits/fold_1/train.parquet
  Loaded 5,979 rows from /user/hasmig.aintablian01/u26864/.project/dir.project/hasmig/data/combined_dendrogram_splits/70/splits/fold_1/val.parquet
  Epoch   1/50 | val loss=0.2589 auc=0.9292 ap=0.9858 f1=0.9476
    -> Saved best model (val AUC=0.9292)
  Epoch   2/50 | val loss=0.2348 auc=0.9434 ap=0.9892 f1=0.9513
    -> Saved best model (val AUC=0.9434)
  Epoch   3/50 | val loss=0.2181 auc=0.9570 ap=0.9923 f1=0.9536
    -> Saved best model (val AUC=0.9570)
  Epoch   4/50 | val loss=0.2370 auc=0.9607 ap=0.9930 f1=0.9463
    -> Saved best model (val AUC=0.9607)
  Epoch   5/50 | val loss=0.2059 auc=0.9630 ap=0.9935 f1=0.9559
    -> Saved best model (val AUC=0.9630)
  Epoch   6/50 | val loss=0.2180 auc=0.9641 ap=0.9937 f1=0.9534
    -> Saved best model (val AUC=0.9641)
  Epoch   7/50 | val loss=0.2139 auc=0.9657 ap=0.9940 f1=0.9551
    -> Saved best model (val AUC=0.9657)
  Epoch   8/50 | val loss=0.1955 auc=0.9666 ap=0.9941 f1=0.9592
    -> Saved best model (val AUC=0.9666)
  Epoch   9/50 | val loss=0.1930 auc=0.9674 ap=0.9942 f1=0.9598
    -> Saved best model (val AUC=0.9674)
  Epoch  10/50 | val loss=0.1902 auc=0.9678 ap=0.9943 f1=0.9606
    -> Saved best model (val AUC=0.9678)
  Epoch  11/50 | val loss=0.2058 auc=0.9688 ap=0.9945 f1=0.9577
    -> Saved best model (val AUC=0.9688)
  Epoch  12/50 | val loss=0.2187 auc=0.9694 ap=0.9945 f1=0.9552
    -> Saved best model (val AUC=0.9694)
  Epoch  13/50 | val loss=0.2029 auc=0.9697 ap=0.9946 f1=0.9592
    -> Saved best model (val AUC=0.9697)
  Epoch  14/50 | val loss=0.1683 auc=0.9701 ap=0.9947 f1=0.9654
    -> Saved best model (val AUC=0.9701)
  Epoch  15/50 | val loss=0.1820 auc=0.9709 ap=0.9948 f1=0.9642
    -> Saved best model (val AUC=0.9709)
  Epoch  16/50 | val loss=0.1968 auc=0.9707 ap=0.9947 f1=0.9610
  Epoch  17/50 | val loss=0.2122 auc=0.9712 ap=0.9949 f1=0.9572
    -> Saved best model (val AUC=0.9712)
  Epoch  18/50 | val loss=0.1679 auc=0.9712 ap=0.9949 f1=0.9668
    -> Saved best model (val AUC=0.9712)
  Epoch  19/50 | val loss=0.1843 auc=0.9717 ap=0.9949 f1=0.9642
    -> Saved best model (val AUC=0.9717)
  Epoch  20/50 | val loss=0.1880 auc=0.9725 ap=0.9951 f1=0.9635
    -> Saved best model (val AUC=0.9725)
  Epoch  21/50 | val loss=0.1672 auc=0.9729 ap=0.9952 f1=0.9676
    -> Saved best model (val AUC=0.9729)
  Epoch  22/50 | val loss=0.1648 auc=0.9732 ap=0.9952 f1=0.9680
    -> Saved best model (val AUC=0.9732)
  Epoch  23/50 | val loss=0.1907 auc=0.9734 ap=0.9953 f1=0.9634
    -> Saved best model (val AUC=0.9734)
  Epoch  24/50 | val loss=0.1667 auc=0.9734 ap=0.9953 f1=0.9680
  Epoch  25/50 | val loss=0.1770 auc=0.9741 ap=0.9954 f1=0.9661
    -> Saved best model (val AUC=0.9741)
  Epoch  26/50 | val loss=0.1789 auc=0.9748 ap=0.9955 f1=0.9664
    -> Saved best model (val AUC=0.9748)
  Epoch  27/50 | val loss=0.1622 auc=0.9752 ap=0.9956 f1=0.9694
    -> Saved best model (val AUC=0.9752)
  Epoch  28/50 | val loss=0.1752 auc=0.9773 ap=0.9960 f1=0.9682
    -> Saved best model (val AUC=0.9773)
  Epoch  29/50 | val loss=0.1805 auc=0.9786 ap=0.9963 f1=0.9680
    -> Saved best model (val AUC=0.9786)
  Epoch  30/50 | val loss=0.1632 auc=0.9790 ap=0.9964 f1=0.9715
    -> Saved best model (val AUC=0.9790)
  Epoch  31/50 | val loss=0.1778 auc=0.9798 ap=0.9965 f1=0.9687
    -> Saved best model (val AUC=0.9798)
  Epoch  32/50 | val loss=0.1479 auc=0.9796 ap=0.9965 f1=0.9729
  Epoch  33/50 | val loss=0.1655 auc=0.9806 ap=0.9966 f1=0.9715
    -> Saved best model (val AUC=0.9806)
  Epoch  34/50 | val loss=0.1434 auc=0.9815 ap=0.9968 f1=0.9742
    -> Saved best model (val AUC=0.9815)
  Epoch  35/50 | val loss=0.1665 auc=0.9817 ap=0.9969 f1=0.9703
    -> Saved best model (val AUC=0.9817)
  Epoch  36/50 | val loss=0.1354 auc=0.9820 ap=0.9969 f1=0.9743
    -> Saved best model (val AUC=0.9820)
  Epoch  37/50 | val loss=0.1455 auc=0.9820 ap=0.9969 f1=0.9752
    -> Saved best model (val AUC=0.9820)
  Epoch  38/50 | val loss=0.1658 auc=0.9822 ap=0.9969 f1=0.9715
    -> Saved best model (val AUC=0.9822)
  Epoch  39/50 | val loss=0.1726 auc=0.9819 ap=0.9968 f1=0.9699
  Epoch  40/50 | val loss=0.2190 auc=0.9819 ap=0.9968 f1=0.9604
  Epoch  41/50 | val loss=0.1694 auc=0.9818 ap=0.9968 f1=0.9709
  Epoch  42/50 | val loss=0.1422 auc=0.9817 ap=0.9967 f1=0.9740
  Epoch  43/50 | val loss=0.1495 auc=0.9816 ap=0.9967 f1=0.9730
  Epoch  44/50 | val loss=0.1663 auc=0.9814 ap=0.9966 f1=0.9704
  Epoch  45/50 | val loss=0.1596 auc=0.9815 ap=0.9966 f1=0.9724
  Epoch  46/50 | val loss=0.1385 auc=0.9817 ap=0.9966 f1=0.9741
  Epoch  47/50 | val loss=0.1567 auc=0.9815 ap=0.9966 f1=0.9718
  Epoch  48/50 | val loss=0.1332 auc=0.9817 ap=0.9966 f1=0.9747
  Epoch  49/50 | val loss=0.1462 auc=0.9817 ap=0.9966 f1=0.9734
  Epoch  50/50 | val loss=0.1549 auc=0.9818 ap=0.9966 f1=0.9718

============================================================
Run=thr_70_baseline  Fold=2
============================================================
  Loaded 217,259 rows from /user/hasmig.aintablian01/u26864/.project/dir.project/hasmig/data/combined_dendrogram_splits/70/splits/fold_2/train.parquet
  Loaded 8,079 rows from /user/hasmig.aintablian01/u26864/.project/dir.project/hasmig/data/combined_dendrogram_splits/70/splits/fold_2/val.parquet
  Epoch   1/50 | val loss=0.2285 auc=0.9445 ap=0.9900 f1=0.9447
    -> Saved best model (val AUC=0.9445)
  Epoch   2/50 | val loss=0.2572 auc=0.9452 ap=0.9904 f1=0.9344
    -> Saved best model (val AUC=0.9452)
  Epoch   3/50 | val loss=0.2564 auc=0.9447 ap=0.9903 f1=0.9353
  Epoch   4/50 | val loss=0.2431 auc=0.9454 ap=0.9904 f1=0.9395
    -> Saved best model (val AUC=0.9454)
  Epoch   5/50 | val loss=0.2509 auc=0.9460 ap=0.9905 f1=0.9372
    -> Saved best model (val AUC=0.9460)
  Epoch   6/50 | val loss=0.2380 auc=0.9464 ap=0.9906 f1=0.9410
    -> Saved best model (val AUC=0.9464)
  Epoch   7/50 | val loss=0.2476 auc=0.9477 ap=0.9909 f1=0.9382
    -> Saved best model (val AUC=0.9477)
  Epoch   8/50 | val loss=0.2543 auc=0.9487 ap=0.9911 f1=0.9362
    -> Saved best model (val AUC=0.9487)
  Epoch   9/50 | val loss=0.2548 auc=0.9494 ap=0.9912 f1=0.9358
    -> Saved best model (val AUC=0.9494)
  Epoch  10/50 | val loss=0.2489 auc=0.9499 ap=0.9914 f1=0.9377
    -> Saved best model (val AUC=0.9499)
  Epoch  11/50 | val loss=0.2464 auc=0.9501 ap=0.9914 f1=0.9391
    -> Saved best model (val AUC=0.9501)
  Epoch  12/50 | val loss=0.2374 auc=0.9507 ap=0.9915 f1=0.9417
    -> Saved best model (val AUC=0.9507)
  Epoch  13/50 | val loss=0.2407 auc=0.9515 ap=0.9917 f1=0.9410
    -> Saved best model (val AUC=0.9515)
  Epoch  14/50 | val loss=0.2303 auc=0.9519 ap=0.9917 f1=0.9444
    -> Saved best model (val AUC=0.9519)
  Epoch  15/50 | val loss=0.2312 auc=0.9519 ap=0.9917 f1=0.9447
  Epoch  16/50 | val loss=0.2499 auc=0.9514 ap=0.9916 f1=0.9377
  Epoch  17/50 | val loss=0.2441 auc=0.9522 ap=0.9918 f1=0.9394
    -> Saved best model (val AUC=0.9522)
  Epoch  18/50 | val loss=0.2424 auc=0.9517 ap=0.9917 f1=0.9404
  Epoch  19/50 | val loss=0.2303 auc=0.9521 ap=0.9918 f1=0.9441
  Epoch  20/50 | val loss=0.2288 auc=0.9525 ap=0.9919 f1=0.9443
    -> Saved best model (val AUC=0.9525)
  Epoch  21/50 | val loss=0.2430 auc=0.9524 ap=0.9918 f1=0.9408
  Epoch  22/50 | val loss=0.2340 auc=0.9523 ap=0.9918 f1=0.9435
  Epoch  23/50 | val loss=0.2393 auc=0.9521 ap=0.9918 f1=0.9415
  Epoch  24/50 | val loss=0.2337 auc=0.9525 ap=0.9919 f1=0.9433
  Epoch  25/50 | val loss=0.2457 auc=0.9524 ap=0.9919 f1=0.9390
  Epoch  26/50 | val loss=0.2209 auc=0.9525 ap=0.9919 f1=0.9468
    -> Saved best model (val AUC=0.9525)
  Epoch  27/50 | val loss=0.2499 auc=0.9529 ap=0.9919 f1=0.9375
    -> Saved best model (val AUC=0.9529)
  Epoch  28/50 | val loss=0.2314 auc=0.9525 ap=0.9918 f1=0.9440
  Epoch  29/50 | val loss=0.2260 auc=0.9529 ap=0.9920 f1=0.9451
    -> Saved best model (val AUC=0.9529)
  Epoch  30/50 | val loss=0.2553 auc=0.9520 ap=0.9917 f1=0.9364
  Epoch  31/50 | val loss=0.2379 auc=0.9520 ap=0.9917 f1=0.9421
  Epoch  32/50 | val loss=0.2252 auc=0.9529 ap=0.9920 f1=0.9460
  Epoch  33/50 | val loss=0.2471 auc=0.9521 ap=0.9918 f1=0.9395
  Epoch  34/50 | val loss=0.2460 auc=0.9519 ap=0.9917 f1=0.9393
  Epoch  35/50 | val loss=0.2482 auc=0.9520 ap=0.9918 f1=0.9386
  Epoch  36/50 | val loss=0.2308 auc=0.9529 ap=0.9919 f1=0.9437
  Epoch  37/50 | val loss=0.2478 auc=0.9525 ap=0.9919 f1=0.9386
  Epoch  38/50 | val loss=0.2438 auc=0.9529 ap=0.9919 f1=0.9402
  Epoch  39/50 | val loss=0.2348 auc=0.9524 ap=0.9919 f1=0.9432
  Epoch  40/50 | val loss=0.2446 auc=0.9531 ap=0.9920 f1=0.9398
    -> Saved best model (val AUC=0.9531)
  Epoch  41/50 | val loss=0.2462 auc=0.9522 ap=0.9918 f1=0.9398
  Epoch  42/50 | val loss=0.2385 auc=0.9522 ap=0.9918 f1=0.9422
  Epoch  43/50 | val loss=0.2475 auc=0.9524 ap=0.9919 f1=0.9394
  Epoch  44/50 | val loss=0.2577 auc=0.9524 ap=0.9919 f1=0.9360
  Epoch  45/50 | val loss=0.2281 auc=0.9531 ap=0.9920 f1=0.9451
    -> Saved best model (val AUC=0.9531)
  Epoch  46/50 | val loss=0.2392 auc=0.9528 ap=0.9920 f1=0.9416
  Epoch  47/50 | val loss=0.2305 auc=0.9528 ap=0.9920 f1=0.9448
  Epoch  48/50 | val loss=0.2352 auc=0.9532 ap=0.9921 f1=0.9431
    -> Saved best model (val AUC=0.9532)
  Epoch  49/50 | val loss=0.2224 auc=0.9533 ap=0.9921 f1=0.9471
    -> Saved best model (val AUC=0.9533)
  Epoch  50/50 | val loss=0.2375 auc=0.9529 ap=0.9920 f1=0.9425

============================================================
Run=thr_70_baseline  Fold=3
============================================================
  Loaded 222,925 rows from /user/hasmig.aintablian01/u26864/.project/dir.project/hasmig/data/combined_dendrogram_splits/70/splits/fold_3/train.parquet
  Loaded 5,771 rows from /user/hasmig.aintablian01/u26864/.project/dir.project/hasmig/data/combined_dendrogram_splits/70/splits/fold_3/val.parquet
  Epoch   1/50 | val loss=0.2941 auc=0.9547 ap=0.9586 f1=0.8800
    -> Saved best model (val AUC=0.9547)
  Epoch   2/50 | val loss=0.2722 auc=0.9594 ap=0.9639 f1=0.8893
    -> Saved best model (val AUC=0.9594)
  Epoch   3/50 | val loss=0.2643 auc=0.9600 ap=0.9647 f1=0.8923
    -> Saved best model (val AUC=0.9600)
  Epoch   4/50 | val loss=0.2565 auc=0.9606 ap=0.9647 f1=0.8975
    -> Saved best model (val AUC=0.9606)
  Epoch   5/50 | val loss=0.2528 auc=0.9610 ap=0.9644 f1=0.8980
    -> Saved best model (val AUC=0.9610)
  Epoch   6/50 | val loss=0.2528 auc=0.9613 ap=0.9636 f1=0.8962
    -> Saved best model (val AUC=0.9613)
  Epoch   7/50 | val loss=0.2539 auc=0.9608 ap=0.9629 f1=0.8956
  Epoch   8/50 | val loss=0.2603 auc=0.9598 ap=0.9611 f1=0.8909
  Epoch   9/50 | val loss=0.2675 auc=0.9596 ap=0.9611 f1=0.8896
  Epoch  10/50 | val loss=0.2598 auc=0.9596 ap=0.9612 f1=0.8936
  Epoch  11/50 | val loss=0.2734 auc=0.9589 ap=0.9603 f1=0.8863
  Epoch  12/50 | val loss=0.2705 auc=0.9586 ap=0.9602 f1=0.8881
  Epoch  13/50 | val loss=0.2730 auc=0.9579 ap=0.9594 f1=0.8870
  Epoch  14/50 | val loss=0.2769 auc=0.9573 ap=0.9587 f1=0.8840
  Epoch  15/50 | val loss=0.2747 auc=0.9576 ap=0.9593 f1=0.8864
  Epoch  16/50 | val loss=0.2872 auc=0.9571 ap=0.9586 f1=0.8791
  Epoch  17/50 | val loss=0.2791 auc=0.9571 ap=0.9589 f1=0.8834
  Epoch  18/50 | val loss=0.2713 auc=0.9586 ap=0.9608 f1=0.8875
  Epoch  19/50 | val loss=0.2698 auc=0.9595 ap=0.9618 f1=0.8887
  Epoch  20/50 | val loss=0.2707 auc=0.9601 ap=0.9623 f1=0.8894
  Epoch  21/50 | val loss=0.2723 auc=0.9601 ap=0.9621 f1=0.8873
  Epoch  22/50 | val loss=0.2665 auc=0.9600 ap=0.9621 f1=0.8900
  Epoch  23/50 | val loss=0.2686 auc=0.9602 ap=0.9622 f1=0.8877
  Epoch  24/50 | val loss=0.2655 auc=0.9600 ap=0.9620 f1=0.8907
  Epoch  25/50 | val loss=0.2739 auc=0.9606 ap=0.9628 f1=0.8884
  Epoch  26/50 | val loss=0.2632 auc=0.9606 ap=0.9630 f1=0.8936
  Epoch  27/50 | val loss=0.2763 auc=0.9600 ap=0.9619 f1=0.8850
  Epoch  28/50 | val loss=0.2636 auc=0.9601 ap=0.9626 f1=0.8934
  Epoch  29/50 | val loss=0.2646 auc=0.9605 ap=0.9626 f1=0.8894
  Epoch  30/50 | val loss=0.2656 auc=0.9599 ap=0.9618 f1=0.8903
  Epoch  31/50 | val loss=0.2652 auc=0.9603 ap=0.9626 f1=0.8906
  Epoch  32/50 | val loss=0.2692 auc=0.9603 ap=0.9625 f1=0.8889
  Epoch  33/50 | val loss=0.2756 auc=0.9603 ap=0.9624 f1=0.8849
  Epoch  34/50 | val loss=0.2759 auc=0.9599 ap=0.9618 f1=0.8854
  Epoch  35/50 | val loss=0.2858 auc=0.9602 ap=0.9623 f1=0.8794
  Epoch  36/50 | val loss=0.2650 auc=0.9606 ap=0.9629 f1=0.8913
  Epoch  37/50 | val loss=0.2645 auc=0.9604 ap=0.9628 f1=0.8913
  Epoch  38/50 | val loss=0.2685 auc=0.9603 ap=0.9625 f1=0.8901
  Epoch  39/50 | val loss=0.2725 auc=0.9605 ap=0.9627 f1=0.8890
  Epoch  40/50 | val loss=0.2610 auc=0.9605 ap=0.9629 f1=0.8940
  Epoch  41/50 | val loss=0.2691 auc=0.9604 ap=0.9624 f1=0.8894
  Epoch  42/50 | val loss=0.2693 auc=0.9604 ap=0.9625 f1=0.8895
  Epoch  43/50 | val loss=0.2649 auc=0.9605 ap=0.9626 f1=0.8907
  Epoch  44/50 | val loss=0.2693 auc=0.9607 ap=0.9629 f1=0.8900
  Epoch  45/50 | val loss=0.2726 auc=0.9607 ap=0.9628 f1=0.8887
  Epoch  46/50 | val loss=0.2723 auc=0.9605 ap=0.9627 f1=0.8876
  Epoch  47/50 | val loss=0.2671 auc=0.9607 ap=0.9632 f1=0.8908
  Epoch  48/50 | val loss=0.2651 auc=0.9611 ap=0.9636 f1=0.8918
  Epoch  49/50 | val loss=0.2602 auc=0.9606 ap=0.9632 f1=0.8958
  Epoch  50/50 | val loss=0.2596 auc=0.9611 ap=0.9636 f1=0.8950

============================================================
Run=thr_70_baseline  Fold=4
============================================================
  Loaded 213,674 rows from /user/hasmig.aintablian01/u26864/.project/dir.project/hasmig/data/combined_dendrogram_splits/70/splits/fold_4/train.parquet
  Loaded 11,176 rows from /user/hasmig.aintablian01/u26864/.project/dir.project/hasmig/data/combined_dendrogram_splits/70/splits/fold_4/val.parquet
  Epoch   1/50 | val loss=0.2751 auc=0.9391 ap=0.9842 f1=0.9295
    -> Saved best model (val AUC=0.9391)
  Epoch   2/50 | val loss=0.2491 auc=0.9396 ap=0.9845 f1=0.9402
    -> Saved best model (val AUC=0.9396)
  Epoch   3/50 | val loss=0.2553 auc=0.9403 ap=0.9850 f1=0.9384
    -> Saved best model (val AUC=0.9403)
  Epoch   4/50 | val loss=0.2471 auc=0.9410 ap=0.9853 f1=0.9412
    -> Saved best model (val AUC=0.9410)
  Epoch   5/50 | val loss=0.2414 auc=0.9425 ap=0.9858 f1=0.9414
    -> Saved best model (val AUC=0.9425)
  Epoch   6/50 | val loss=0.2545 auc=0.9459 ap=0.9869 f1=0.9366
    -> Saved best model (val AUC=0.9459)
  Epoch   7/50 | val loss=0.2487 auc=0.9471 ap=0.9873 f1=0.9380
    -> Saved best model (val AUC=0.9471)
  Epoch   8/50 | val loss=0.2261 auc=0.9488 ap=0.9879 f1=0.9454
    -> Saved best model (val AUC=0.9488)
  Epoch   9/50 | val loss=0.2318 auc=0.9493 ap=0.9881 f1=0.9435
    -> Saved best model (val AUC=0.9493)
  Epoch  10/50 | val loss=0.2313 auc=0.9498 ap=0.9883 f1=0.9443
    -> Saved best model (val AUC=0.9498)
  Epoch  11/50 | val loss=0.2526 auc=0.9490 ap=0.9880 f1=0.9374
  Epoch  12/50 | val loss=0.2338 auc=0.9485 ap=0.9880 f1=0.9415
  Epoch  13/50 | val loss=0.2416 auc=0.9490 ap=0.9881 f1=0.9401
  Epoch  14/50 | val loss=0.2411 auc=0.9479 ap=0.9879 f1=0.9406
  Epoch  15/50 | val loss=0.2612 auc=0.9494 ap=0.9883 f1=0.9360
  Epoch  16/50 | val loss=0.2404 auc=0.9490 ap=0.9881 f1=0.9404
  Epoch  17/50 | val loss=0.2560 auc=0.9494 ap=0.9883 f1=0.9370
  Epoch  18/50 | val loss=0.2485 auc=0.9491 ap=0.9882 f1=0.9388
  Epoch  19/50 | val loss=0.2454 auc=0.9494 ap=0.9883 f1=0.9407
  Epoch  20/50 | val loss=0.2257 auc=0.9499 ap=0.9884 f1=0.9455
    -> Saved best model (val AUC=0.9499)
  Epoch  21/50 | val loss=0.2362 auc=0.9496 ap=0.9884 f1=0.9418
  Epoch  22/50 | val loss=0.2430 auc=0.9501 ap=0.9885 f1=0.9412
    -> Saved best model (val AUC=0.9501)
  Epoch  23/50 | val loss=0.2374 auc=0.9496 ap=0.9884 f1=0.9424
  Epoch  24/50 | val loss=0.2461 auc=0.9493 ap=0.9883 f1=0.9398
  Epoch  25/50 | val loss=0.2361 auc=0.9499 ap=0.9885 f1=0.9421
  Epoch  26/50 | val loss=0.2284 auc=0.9499 ap=0.9885 f1=0.9443
  Epoch  27/50 | val loss=0.2587 auc=0.9492 ap=0.9882 f1=0.9358
  Epoch  28/50 | val loss=0.2280 auc=0.9502 ap=0.9886 f1=0.9448
    -> Saved best model (val AUC=0.9502)
  Epoch  29/50 | val loss=0.2514 auc=0.9501 ap=0.9885 f1=0.9384
  Epoch  30/50 | val loss=0.2189 auc=0.9504 ap=0.9886 f1=0.9481
    -> Saved best model (val AUC=0.9504)
  Epoch  31/50 | val loss=0.2329 auc=0.9499 ap=0.9885 f1=0.9432
  Epoch  32/50 | val loss=0.2518 auc=0.9497 ap=0.9884 f1=0.9376
  Epoch  33/50 | val loss=0.2634 auc=0.9505 ap=0.9886 f1=0.9338
    -> Saved best model (val AUC=0.9505)
  Epoch  34/50 | val loss=0.2453 auc=0.9502 ap=0.9885 f1=0.9399
  Epoch  35/50 | val loss=0.2393 auc=0.9502 ap=0.9885 f1=0.9411
  Epoch  36/50 | val loss=0.2192 auc=0.9508 ap=0.9887 f1=0.9472
    -> Saved best model (val AUC=0.9508)
  Epoch  37/50 | val loss=0.2479 auc=0.9508 ap=0.9887 f1=0.9387
    -> Saved best model (val AUC=0.9508)
  Epoch  38/50 | val loss=0.2344 auc=0.9510 ap=0.9888 f1=0.9424
    -> Saved best model (val AUC=0.9510)
  Epoch  39/50 | val loss=0.2220 auc=0.9505 ap=0.9886 f1=0.9450
  Epoch  40/50 | val loss=0.2258 auc=0.9512 ap=0.9888 f1=0.9457
    -> Saved best model (val AUC=0.9512)
  Epoch  41/50 | val loss=0.2317 auc=0.9512 ap=0.9888 f1=0.9427
    -> Saved best model (val AUC=0.9512)
  Epoch  42/50 | val loss=0.2345 auc=0.9515 ap=0.9889 f1=0.9425
    -> Saved best model (val AUC=0.9515)
  Epoch  43/50 | val loss=0.2573 auc=0.9513 ap=0.9888 f1=0.9348
  Epoch  44/50 | val loss=0.2331 auc=0.9513 ap=0.9888 f1=0.9429
  Epoch  45/50 | val loss=0.2274 auc=0.9514 ap=0.9889 f1=0.9442
  Epoch  46/50 | val loss=0.2318 auc=0.9516 ap=0.9889 f1=0.9433
    -> Saved best model (val AUC=0.9516)
  Epoch  47/50 | val loss=0.2256 auc=0.9514 ap=0.9889 f1=0.9451
  Epoch  48/50 | val loss=0.2269 auc=0.9518 ap=0.9890 f1=0.9444
    -> Saved best model (val AUC=0.9518)
  Epoch  49/50 | val loss=0.2171 auc=0.9520 ap=0.9890 f1=0.9480
    -> Saved best model (val AUC=0.9520)
  Epoch  50/50 | val loss=0.2163 auc=0.9518 ap=0.9890 f1=0.9470

============================================================
Run=thr_70_baseline -- Retraining final model on all folds combined
============================================================
  Combined dataset: 234,800 rows
  Loaded 234,800 rows from /user/hasmig.aintablian01/u26864/.project/dir.project/hasmig/pmhc-binding-prediction/results/02_baseline_lr/thr_70_baseline/combined_train.parquet
  Final model epoch 10/50
  Final model epoch 20/50
  Final model epoch 30/50
  Final model epoch 40/50
  Final model epoch 50/50
  Loaded 8,494 rows from /user/hasmig.aintablian01/u26864/.project/dir.project/hasmig/data/combined_dendrogram_splits/70/splits/test/test.parquet
  Test | auc=0.9605 ap=0.9959 f1=0.9565 precision=0.9843 recall=0.9302 tpr@fpr10=0.8922

Metrics saved to /user/hasmig.aintablian01/u26864/.project/dir.project/hasmig/pmhc-binding-prediction/results/02_baseline_lr/all_metrics.csv  (18 rows total)

=== Summary (median val AUC per threshold / config) ===
threshold  layer_norm  regularization
50         False       none              0.9581
60         False       none              0.9620
70         False       none              0.9613
============ Job Information ===================================================
Submitted: 2026-05-13T10:09:12
Started: 2026-05-13T10:09:24
Ended: 2026-05-13T12:14:12
Elapsed: 125 min, Limit: 720 min, Difference: 595 min
CPUs: 4, Nodes: 1
Estimated credit Consumption: 312.50 core-hours
================================================================================
