================================================================================
JobID = 13791690
User = u26864, Account = scc_mgmn_soeding
Partition = scc-gpu, Nodelist = ggpu199
================================================================================
Using device: cuda
Config: layer_norm=False, regularization=l2, reg_lambda=0.0001
Model parameters: 97

============================================================
Run=thr_80_l2_0.0001  Fold=0
============================================================
  Loaded 226,030 rows from /user/hasmig.aintablian01/u26864/.project/dir.project/hasmig/data/combined_dendrogram_splits/80/splits/fold_0/train.parquet
  Loaded 12,938 rows from /user/hasmig.aintablian01/u26864/.project/dir.project/hasmig/data/combined_dendrogram_splits/80/splits/fold_0/val.parquet
  Epoch   1/50 | val loss=0.2802 auc=0.9263 ap=0.9822 f1=0.9271
    -> Saved best model (val AUC=0.9263)
  Epoch   2/50 | val loss=0.2410 auc=0.9426 ap=0.9863 f1=0.9411
    -> Saved best model (val AUC=0.9426)
  Epoch   3/50 | val loss=0.2317 auc=0.9462 ap=0.9872 f1=0.9435
    -> Saved best model (val AUC=0.9462)
  Epoch   4/50 | val loss=0.2233 auc=0.9479 ap=0.9876 f1=0.9466
    -> Saved best model (val AUC=0.9479)
  Epoch   5/50 | val loss=0.2340 auc=0.9495 ap=0.9880 f1=0.9435
    -> Saved best model (val AUC=0.9495)
  Epoch   6/50 | val loss=0.2290 auc=0.9503 ap=0.9881 f1=0.9451
    -> Saved best model (val AUC=0.9503)
  Epoch   7/50 | val loss=0.2133 auc=0.9507 ap=0.9882 f1=0.9490
    -> Saved best model (val AUC=0.9507)
  Epoch   8/50 | val loss=0.2177 auc=0.9517 ap=0.9885 f1=0.9485
    -> Saved best model (val AUC=0.9517)
  Epoch   9/50 | val loss=0.2263 auc=0.9522 ap=0.9886 f1=0.9461
    -> Saved best model (val AUC=0.9522)
  Epoch  10/50 | val loss=0.2305 auc=0.9529 ap=0.9888 f1=0.9449
    -> Saved best model (val AUC=0.9529)
  Epoch  11/50 | val loss=0.2092 auc=0.9529 ap=0.9888 f1=0.9506
    -> Saved best model (val AUC=0.9529)
  Epoch  12/50 | val loss=0.2166 auc=0.9533 ap=0.9889 f1=0.9488
    -> Saved best model (val AUC=0.9533)
  Epoch  13/50 | val loss=0.2086 auc=0.9535 ap=0.9890 f1=0.9509
    -> Saved best model (val AUC=0.9535)
  Epoch  14/50 | val loss=0.2244 auc=0.9539 ap=0.9890 f1=0.9466
    -> Saved best model (val AUC=0.9539)
  Epoch  15/50 | val loss=0.2119 auc=0.9537 ap=0.9890 f1=0.9503
  Epoch  16/50 | val loss=0.2314 auc=0.9542 ap=0.9891 f1=0.9449
    -> Saved best model (val AUC=0.9542)
  Epoch  17/50 | val loss=0.2181 auc=0.9541 ap=0.9890 f1=0.9489
  Epoch  18/50 | val loss=0.2276 auc=0.9548 ap=0.9892 f1=0.9461
    -> Saved best model (val AUC=0.9548)
  Epoch  19/50 | val loss=0.2228 auc=0.9543 ap=0.9891 f1=0.9473
  Epoch  20/50 | val loss=0.2120 auc=0.9550 ap=0.9893 f1=0.9502
    -> Saved best model (val AUC=0.9550)
  Epoch  21/50 | val loss=0.2329 auc=0.9551 ap=0.9893 f1=0.9452
    -> Saved best model (val AUC=0.9551)
  Epoch  22/50 | val loss=0.2142 auc=0.9550 ap=0.9893 f1=0.9491
  Epoch  23/50 | val loss=0.2184 auc=0.9551 ap=0.9893 f1=0.9479
  Epoch  24/50 | val loss=0.2097 auc=0.9554 ap=0.9894 f1=0.9507
    -> Saved best model (val AUC=0.9554)
  Epoch  25/50 | val loss=0.2172 auc=0.9552 ap=0.9893 f1=0.9484
  Epoch  26/50 | val loss=0.2154 auc=0.9552 ap=0.9894 f1=0.9490
  Epoch  27/50 | val loss=0.2081 auc=0.9557 ap=0.9894 f1=0.9508
    -> Saved best model (val AUC=0.9557)
  Epoch  28/50 | val loss=0.2142 auc=0.9558 ap=0.9895 f1=0.9493
    -> Saved best model (val AUC=0.9558)
  Epoch  29/50 | val loss=0.2545 auc=0.9555 ap=0.9894 f1=0.9389
  Epoch  30/50 | val loss=0.2056 auc=0.9558 ap=0.9895 f1=0.9515
    -> Saved best model (val AUC=0.9558)
  Epoch  31/50 | val loss=0.2054 auc=0.9555 ap=0.9894 f1=0.9508
  Epoch  32/50 | val loss=0.2039 auc=0.9558 ap=0.9895 f1=0.9518
  Epoch  33/50 | val loss=0.2067 auc=0.9561 ap=0.9895 f1=0.9509
    -> Saved best model (val AUC=0.9561)
  Epoch  34/50 | val loss=0.2402 auc=0.9562 ap=0.9895 f1=0.9435
    -> Saved best model (val AUC=0.9562)
  Epoch  35/50 | val loss=0.2029 auc=0.9561 ap=0.9895 f1=0.9525
  Epoch  36/50 | val loss=0.2028 auc=0.9562 ap=0.9896 f1=0.9525
  Epoch  37/50 | val loss=0.2092 auc=0.9560 ap=0.9895 f1=0.9511
  Epoch  38/50 | val loss=0.2081 auc=0.9565 ap=0.9897 f1=0.9508
    -> Saved best model (val AUC=0.9565)
  Epoch  39/50 | val loss=0.2044 auc=0.9561 ap=0.9895 f1=0.9519
  Epoch  40/50 | val loss=0.2020 auc=0.9561 ap=0.9896 f1=0.9525
  Epoch  41/50 | val loss=0.2055 auc=0.9562 ap=0.9896 f1=0.9517
  Epoch  42/50 | val loss=0.2347 auc=0.9565 ap=0.9896 f1=0.9445
    -> Saved best model (val AUC=0.9565)
  Epoch  43/50 | val loss=0.2122 auc=0.9566 ap=0.9896 f1=0.9502
    -> Saved best model (val AUC=0.9566)
  Epoch  44/50 | val loss=0.2053 auc=0.9566 ap=0.9896 f1=0.9523
    -> Saved best model (val AUC=0.9566)
  Epoch  45/50 | val loss=0.2190 auc=0.9563 ap=0.9896 f1=0.9476
  Epoch  46/50 | val loss=0.2154 auc=0.9567 ap=0.9896 f1=0.9486
    -> Saved best model (val AUC=0.9567)
  Epoch  47/50 | val loss=0.2148 auc=0.9570 ap=0.9897 f1=0.9495
    -> Saved best model (val AUC=0.9570)
  Epoch  48/50 | val loss=0.2081 auc=0.9565 ap=0.9897 f1=0.9506
  Epoch  49/50 | val loss=0.2048 auc=0.9569 ap=0.9897 f1=0.9516
  Epoch  50/50 | val loss=0.2117 auc=0.9569 ap=0.9897 f1=0.9496

============================================================
Run=thr_80_l2_0.0001  Fold=1
============================================================
  Loaded 234,631 rows from /user/hasmig.aintablian01/u26864/.project/dir.project/hasmig/data/combined_dendrogram_splits/80/splits/fold_1/train.parquet
  Loaded 5,802 rows from /user/hasmig.aintablian01/u26864/.project/dir.project/hasmig/data/combined_dendrogram_splits/80/splits/fold_1/val.parquet
  Epoch   1/50 | val loss=0.3101 auc=0.9330 ap=0.9835 f1=0.9198
    -> Saved best model (val AUC=0.9330)
  Epoch   2/50 | val loss=0.2169 auc=0.9501 ap=0.9879 f1=0.9543
    -> Saved best model (val AUC=0.9501)
  Epoch   3/50 | val loss=0.2201 auc=0.9561 ap=0.9895 f1=0.9549
    -> Saved best model (val AUC=0.9561)
  Epoch   4/50 | val loss=0.1926 auc=0.9594 ap=0.9904 f1=0.9611
    -> Saved best model (val AUC=0.9594)
  Epoch   5/50 | val loss=0.2022 auc=0.9605 ap=0.9907 f1=0.9592
    -> Saved best model (val AUC=0.9605)
  Epoch   6/50 | val loss=0.1988 auc=0.9616 ap=0.9910 f1=0.9609
    -> Saved best model (val AUC=0.9616)
  Epoch   7/50 | val loss=0.1890 auc=0.9623 ap=0.9912 f1=0.9625
    -> Saved best model (val AUC=0.9623)
  Epoch   8/50 | val loss=0.1965 auc=0.9626 ap=0.9912 f1=0.9612
    -> Saved best model (val AUC=0.9626)
  Epoch   9/50 | val loss=0.1997 auc=0.9632 ap=0.9914 f1=0.9606
    -> Saved best model (val AUC=0.9632)
  Epoch  10/50 | val loss=0.1968 auc=0.9634 ap=0.9915 f1=0.9611
    -> Saved best model (val AUC=0.9634)
  Epoch  11/50 | val loss=0.1880 auc=0.9637 ap=0.9915 f1=0.9628
    -> Saved best model (val AUC=0.9637)
  Epoch  12/50 | val loss=0.1828 auc=0.9641 ap=0.9916 f1=0.9627
    -> Saved best model (val AUC=0.9641)
  Epoch  13/50 | val loss=0.2129 auc=0.9640 ap=0.9916 f1=0.9575
  Epoch  14/50 | val loss=0.2149 auc=0.9641 ap=0.9916 f1=0.9569
    -> Saved best model (val AUC=0.9641)
  Epoch  15/50 | val loss=0.2134 auc=0.9644 ap=0.9917 f1=0.9575
    -> Saved best model (val AUC=0.9644)
  Epoch  16/50 | val loss=0.1806 auc=0.9652 ap=0.9919 f1=0.9628
    -> Saved best model (val AUC=0.9652)
  Epoch  17/50 | val loss=0.1883 auc=0.9654 ap=0.9920 f1=0.9642
    -> Saved best model (val AUC=0.9654)
  Epoch  18/50 | val loss=0.1902 auc=0.9657 ap=0.9921 f1=0.9637
    -> Saved best model (val AUC=0.9657)
  Epoch  19/50 | val loss=0.1902 auc=0.9656 ap=0.9920 f1=0.9624
  Epoch  20/50 | val loss=0.1889 auc=0.9662 ap=0.9922 f1=0.9632
    -> Saved best model (val AUC=0.9662)
  Epoch  21/50 | val loss=0.1955 auc=0.9662 ap=0.9922 f1=0.9607
  Epoch  22/50 | val loss=0.2061 auc=0.9668 ap=0.9924 f1=0.9599
    -> Saved best model (val AUC=0.9668)
  Epoch  23/50 | val loss=0.2004 auc=0.9670 ap=0.9924 f1=0.9607
    -> Saved best model (val AUC=0.9670)
  Epoch  24/50 | val loss=0.1854 auc=0.9671 ap=0.9925 f1=0.9635
    -> Saved best model (val AUC=0.9671)
  Epoch  25/50 | val loss=0.2016 auc=0.9675 ap=0.9926 f1=0.9611
    -> Saved best model (val AUC=0.9675)
  Epoch  26/50 | val loss=0.1903 auc=0.9672 ap=0.9925 f1=0.9616
  Epoch  27/50 | val loss=0.2015 auc=0.9675 ap=0.9926 f1=0.9603
  Epoch  28/50 | val loss=0.1866 auc=0.9677 ap=0.9926 f1=0.9637
    -> Saved best model (val AUC=0.9677)
  Epoch  29/50 | val loss=0.1884 auc=0.9670 ap=0.9925 f1=0.9619
  Epoch  30/50 | val loss=0.1876 auc=0.9670 ap=0.9925 f1=0.9626
  Epoch  31/50 | val loss=0.1835 auc=0.9677 ap=0.9927 f1=0.9638
    -> Saved best model (val AUC=0.9677)
  Epoch  32/50 | val loss=0.1795 auc=0.9669 ap=0.9925 f1=0.9634
  Epoch  33/50 | val loss=0.1853 auc=0.9675 ap=0.9926 f1=0.9627
  Epoch  34/50 | val loss=0.1810 auc=0.9675 ap=0.9926 f1=0.9638
  Epoch  35/50 | val loss=0.1867 auc=0.9676 ap=0.9927 f1=0.9628
  Epoch  36/50 | val loss=0.1936 auc=0.9679 ap=0.9927 f1=0.9618
    -> Saved best model (val AUC=0.9679)
  Epoch  37/50 | val loss=0.1853 auc=0.9676 ap=0.9926 f1=0.9630
  Epoch  38/50 | val loss=0.1883 auc=0.9673 ap=0.9926 f1=0.9623
  Epoch  39/50 | val loss=0.1841 auc=0.9678 ap=0.9927 f1=0.9632
  Epoch  40/50 | val loss=0.1942 auc=0.9679 ap=0.9927 f1=0.9618
    -> Saved best model (val AUC=0.9679)
  Epoch  41/50 | val loss=0.1900 auc=0.9677 ap=0.9927 f1=0.9616
  Epoch  42/50 | val loss=0.1809 auc=0.9678 ap=0.9927 f1=0.9637
  Epoch  43/50 | val loss=0.1877 auc=0.9681 ap=0.9928 f1=0.9623
    -> Saved best model (val AUC=0.9681)
  Epoch  44/50 | val loss=0.1777 auc=0.9674 ap=0.9926 f1=0.9639
  Epoch  45/50 | val loss=0.1812 auc=0.9669 ap=0.9925 f1=0.9627
  Epoch  46/50 | val loss=0.1798 auc=0.9676 ap=0.9927 f1=0.9632
  Epoch  47/50 | val loss=0.1895 auc=0.9674 ap=0.9926 f1=0.9609
  Epoch  48/50 | val loss=0.2149 auc=0.9678 ap=0.9927 f1=0.9567
  Epoch  49/50 | val loss=0.1865 auc=0.9681 ap=0.9928 f1=0.9619
    -> Saved best model (val AUC=0.9681)
============ Job Information ===================================================
Submitted: 2026-05-13T15:15:26
Started: 2026-05-13T15:19:44
Ended: 2026-05-14T03:20:12
Elapsed: 721 min, Limit: 720 min, Difference: -1 min
CPUs: 4, Nodes: 1
Estimated credit Consumption: 1802.50 core-hours
================================================================================
