================================================================================
JobID = 13787467
User = u26864, Account = scc_mgmn_soeding
Partition = scc-gpu, Nodelist = ggpu141
================================================================================
Using device: cuda
Config: layer_norm=False, regularization=none, reg_lambda=0.0001
Model parameters: 97

============================================================
Run=thr_50_baseline  Fold=0
============================================================
  Loaded 166,893 rows from /user/hasmig.aintablian01/u26864/.project/dir.project/hasmig/data/combined_dendrogram_splits/50/splits/fold_0/train.parquet
  Loaded 18,749 rows from /user/hasmig.aintablian01/u26864/.project/dir.project/hasmig/data/combined_dendrogram_splits/50/splits/fold_0/val.parquet
  Epoch   1/50 | val loss=0.2866 auc=0.9209 ap=0.9773 f1=0.9277
    -> Saved best model (val AUC=0.9209)
  Epoch   2/50 | val loss=0.2762 auc=0.9252 ap=0.9791 f1=0.9325
    -> Saved best model (val AUC=0.9252)
  Epoch   3/50 | val loss=0.2762 auc=0.9275 ap=0.9799 f1=0.9321
    -> Saved best model (val AUC=0.9275)
  Epoch   4/50 | val loss=0.2956 auc=0.9302 ap=0.9811 f1=0.9253
    -> Saved best model (val AUC=0.9302)
  Epoch   5/50 | val loss=0.2785 auc=0.9321 ap=0.9818 f1=0.9307
    -> Saved best model (val AUC=0.9321)
  Epoch   6/50 | val loss=0.2666 auc=0.9336 ap=0.9824 f1=0.9341
    -> Saved best model (val AUC=0.9336)
  Epoch   7/50 | val loss=0.2687 auc=0.9346 ap=0.9827 f1=0.9334
    -> Saved best model (val AUC=0.9346)
  Epoch   8/50 | val loss=0.2670 auc=0.9357 ap=0.9831 f1=0.9341
    -> Saved best model (val AUC=0.9357)
  Epoch   9/50 | val loss=0.2593 auc=0.9366 ap=0.9833 f1=0.9363
    -> Saved best model (val AUC=0.9366)
  Epoch  10/50 | val loss=0.2648 auc=0.9378 ap=0.9836 f1=0.9349
    -> Saved best model (val AUC=0.9378)
  Epoch  11/50 | val loss=0.2625 auc=0.9390 ap=0.9839 f1=0.9357
    -> Saved best model (val AUC=0.9390)
  Epoch  12/50 | val loss=0.2486 auc=0.9407 ap=0.9845 f1=0.9403
    -> Saved best model (val AUC=0.9407)
  Epoch  13/50 | val loss=0.2561 auc=0.9416 ap=0.9847 f1=0.9377
    -> Saved best model (val AUC=0.9416)
  Epoch  14/50 | val loss=0.2449 auc=0.9430 ap=0.9852 f1=0.9416
    -> Saved best model (val AUC=0.9430)
  Epoch  15/50 | val loss=0.2489 auc=0.9437 ap=0.9853 f1=0.9406
    -> Saved best model (val AUC=0.9437)
  Epoch  16/50 | val loss=0.2455 auc=0.9447 ap=0.9856 f1=0.9411
    -> Saved best model (val AUC=0.9447)
  Epoch  17/50 | val loss=0.2483 auc=0.9455 ap=0.9858 f1=0.9408
    -> Saved best model (val AUC=0.9455)
  Epoch  18/50 | val loss=0.2453 auc=0.9464 ap=0.9861 f1=0.9419
    -> Saved best model (val AUC=0.9464)
  Epoch  19/50 | val loss=0.2344 auc=0.9470 ap=0.9863 f1=0.9446
    -> Saved best model (val AUC=0.9470)
  Epoch  20/50 | val loss=0.2414 auc=0.9471 ap=0.9863 f1=0.9433
    -> Saved best model (val AUC=0.9471)
  Epoch  21/50 | val loss=0.2405 auc=0.9474 ap=0.9863 f1=0.9430
    -> Saved best model (val AUC=0.9474)
  Epoch  22/50 | val loss=0.2409 auc=0.9481 ap=0.9866 f1=0.9434
    -> Saved best model (val AUC=0.9481)
  Epoch  23/50 | val loss=0.2529 auc=0.9480 ap=0.9865 f1=0.9404
  Epoch  24/50 | val loss=0.2374 auc=0.9482 ap=0.9865 f1=0.9447
    -> Saved best model (val AUC=0.9482)
  Epoch  25/50 | val loss=0.2458 auc=0.9485 ap=0.9866 f1=0.9424
    -> Saved best model (val AUC=0.9485)
  Epoch  26/50 | val loss=0.2342 auc=0.9483 ap=0.9866 f1=0.9452
  Epoch  27/50 | val loss=0.2436 auc=0.9489 ap=0.9867 f1=0.9428
    -> Saved best model (val AUC=0.9489)
  Epoch  28/50 | val loss=0.2444 auc=0.9501 ap=0.9871 f1=0.9430
    -> Saved best model (val AUC=0.9501)
  Epoch  29/50 | val loss=0.2273 auc=0.9504 ap=0.9872 f1=0.9473
    -> Saved best model (val AUC=0.9504)
  Epoch  30/50 | val loss=0.2396 auc=0.9508 ap=0.9873 f1=0.9444
    -> Saved best model (val AUC=0.9508)
  Epoch  31/50 | val loss=0.2307 auc=0.9510 ap=0.9873 f1=0.9465
    -> Saved best model (val AUC=0.9510)
  Epoch  32/50 | val loss=0.2318 auc=0.9523 ap=0.9875 f1=0.9466
    -> Saved best model (val AUC=0.9523)
  Epoch  33/50 | val loss=0.2349 auc=0.9538 ap=0.9879 f1=0.9444
    -> Saved best model (val AUC=0.9538)
  Epoch  34/50 | val loss=0.2117 auc=0.9555 ap=0.9882 f1=0.9504
    -> Saved best model (val AUC=0.9555)
  Epoch  35/50 | val loss=0.2170 auc=0.9565 ap=0.9886 f1=0.9497
    -> Saved best model (val AUC=0.9565)
  Epoch  36/50 | val loss=0.2167 auc=0.9571 ap=0.9889 f1=0.9503
    -> Saved best model (val AUC=0.9571)
  Epoch  37/50 | val loss=0.2064 auc=0.9571 ap=0.9888 f1=0.9524
  Epoch  38/50 | val loss=0.2343 auc=0.9572 ap=0.9889 f1=0.9447
    -> Saved best model (val AUC=0.9572)
  Epoch  39/50 | val loss=0.2176 auc=0.9589 ap=0.9894 f1=0.9501
    -> Saved best model (val AUC=0.9589)
  Epoch  40/50 | val loss=0.2015 auc=0.9593 ap=0.9895 f1=0.9527
    -> Saved best model (val AUC=0.9593)
  Epoch  41/50 | val loss=0.2176 auc=0.9595 ap=0.9895 f1=0.9500
    -> Saved best model (val AUC=0.9595)
  Epoch  42/50 | val loss=0.2079 auc=0.9597 ap=0.9896 f1=0.9525
    -> Saved best model (val AUC=0.9597)
  Epoch  43/50 | val loss=0.2140 auc=0.9597 ap=0.9896 f1=0.9510
    -> Saved best model (val AUC=0.9597)
  Epoch  44/50 | val loss=0.2050 auc=0.9601 ap=0.9897 f1=0.9526
    -> Saved best model (val AUC=0.9601)
  Epoch  45/50 | val loss=0.2205 auc=0.9600 ap=0.9897 f1=0.9491
  Epoch  46/50 | val loss=0.2119 auc=0.9599 ap=0.9897 f1=0.9510
  Epoch  47/50 | val loss=0.2073 auc=0.9603 ap=0.9899 f1=0.9526
    -> Saved best model (val AUC=0.9603)
  Epoch  48/50 | val loss=0.2081 auc=0.9603 ap=0.9898 f1=0.9517
  Epoch  49/50 | val loss=0.2145 auc=0.9603 ap=0.9898 f1=0.9507
  Epoch  50/50 | val loss=0.2044 auc=0.9607 ap=0.9899 f1=0.9527
    -> Saved best model (val AUC=0.9607)

============================================================
Run=thr_50_baseline  Fold=1
============================================================
  Loaded 182,008 rows from /user/hasmig.aintablian01/u26864/.project/dir.project/hasmig/data/combined_dendrogram_splits/50/splits/fold_1/train.parquet
  Loaded 7,857 rows from /user/hasmig.aintablian01/u26864/.project/dir.project/hasmig/data/combined_dendrogram_splits/50/splits/fold_1/val.parquet
  Epoch   1/50 | val loss=0.2681 auc=0.9327 ap=0.9844 f1=0.9415
    -> Saved best model (val AUC=0.9327)
  Epoch   2/50 | val loss=0.2635 auc=0.9390 ap=0.9860 f1=0.9415
    -> Saved best model (val AUC=0.9390)
  Epoch   3/50 | val loss=0.2509 auc=0.9412 ap=0.9866 f1=0.9449
    -> Saved best model (val AUC=0.9412)
  Epoch   4/50 | val loss=0.2470 auc=0.9441 ap=0.9875 f1=0.9457
    -> Saved best model (val AUC=0.9441)
  Epoch   5/50 | val loss=0.2670 auc=0.9477 ap=0.9884 f1=0.9399
    -> Saved best model (val AUC=0.9477)
  Epoch   6/50 | val loss=0.2508 auc=0.9492 ap=0.9888 f1=0.9438
    -> Saved best model (val AUC=0.9492)
  Epoch   7/50 | val loss=0.2530 auc=0.9501 ap=0.9890 f1=0.9436
    -> Saved best model (val AUC=0.9501)
  Epoch   8/50 | val loss=0.2275 auc=0.9511 ap=0.9893 f1=0.9489
    -> Saved best model (val AUC=0.9511)
  Epoch   9/50 | val loss=0.2256 auc=0.9523 ap=0.9897 f1=0.9496
    -> Saved best model (val AUC=0.9523)
  Epoch  10/50 | val loss=0.2230 auc=0.9537 ap=0.9901 f1=0.9500
    -> Saved best model (val AUC=0.9537)
  Epoch  11/50 | val loss=0.2672 auc=0.9547 ap=0.9903 f1=0.9398
    -> Saved best model (val AUC=0.9547)
  Epoch  12/50 | val loss=0.2243 auc=0.9552 ap=0.9905 f1=0.9492
    -> Saved best model (val AUC=0.9552)
  Epoch  13/50 | val loss=0.2188 auc=0.9554 ap=0.9906 f1=0.9507
    -> Saved best model (val AUC=0.9554)
  Epoch  14/50 | val loss=0.2396 auc=0.9550 ap=0.9904 f1=0.9464
  Epoch  15/50 | val loss=0.2281 auc=0.9557 ap=0.9906 f1=0.9486
    -> Saved best model (val AUC=0.9557)
  Epoch  16/50 | val loss=0.2458 auc=0.9556 ap=0.9906 f1=0.9451
  Epoch  17/50 | val loss=0.2470 auc=0.9554 ap=0.9905 f1=0.9454
  Epoch  18/50 | val loss=0.2117 auc=0.9556 ap=0.9906 f1=0.9525
  Epoch  19/50 | val loss=0.2367 auc=0.9558 ap=0.9906 f1=0.9471
    -> Saved best model (val AUC=0.9558)
  Epoch  20/50 | val loss=0.2273 auc=0.9560 ap=0.9906 f1=0.9490
    -> Saved best model (val AUC=0.9560)
  Epoch  21/50 | val loss=0.2172 auc=0.9563 ap=0.9907 f1=0.9514
    -> Saved best model (val AUC=0.9563)
  Epoch  22/50 | val loss=0.2559 auc=0.9559 ap=0.9905 f1=0.9436
  Epoch  23/50 | val loss=0.2296 auc=0.9562 ap=0.9906 f1=0.9485
  Epoch  24/50 | val loss=0.2201 auc=0.9563 ap=0.9905 f1=0.9514
  Epoch  25/50 | val loss=0.2349 auc=0.9562 ap=0.9904 f1=0.9475
  Epoch  26/50 | val loss=0.2322 auc=0.9561 ap=0.9905 f1=0.9495
  Epoch  27/50 | val loss=0.2429 auc=0.9564 ap=0.9905 f1=0.9457
    -> Saved best model (val AUC=0.9564)
  Epoch  28/50 | val loss=0.2252 auc=0.9565 ap=0.9904 f1=0.9494
    -> Saved best model (val AUC=0.9565)
  Epoch  29/50 | val loss=0.2127 auc=0.9562 ap=0.9903 f1=0.9539
  Epoch  30/50 | val loss=0.2542 auc=0.9563 ap=0.9903 f1=0.9428
  Epoch  31/50 | val loss=0.2278 auc=0.9571 ap=0.9906 f1=0.9497
    -> Saved best model (val AUC=0.9571)
  Epoch  32/50 | val loss=0.2192 auc=0.9579 ap=0.9907 f1=0.9513
    -> Saved best model (val AUC=0.9579)
  Epoch  33/50 | val loss=0.2177 auc=0.9570 ap=0.9905 f1=0.9523
  Epoch  34/50 | val loss=0.2201 auc=0.9571 ap=0.9905 f1=0.9509
  Epoch  35/50 | val loss=0.2324 auc=0.9569 ap=0.9903 f1=0.9489
  Epoch  36/50 | val loss=0.2093 auc=0.9575 ap=0.9906 f1=0.9543
  Epoch  37/50 | val loss=0.2182 auc=0.9565 ap=0.9902 f1=0.9517
  Epoch  38/50 | val loss=0.2263 auc=0.9571 ap=0.9904 f1=0.9491
  Epoch  39/50 | val loss=0.2046 auc=0.9572 ap=0.9904 f1=0.9546
  Epoch  40/50 | val loss=0.2326 auc=0.9574 ap=0.9904 f1=0.9480
  Epoch  41/50 | val loss=0.2282 auc=0.9577 ap=0.9905 f1=0.9492
  Epoch  42/50 | val loss=0.1992 auc=0.9574 ap=0.9904 f1=0.9556
  Epoch  43/50 | val loss=0.1982 auc=0.9577 ap=0.9905 f1=0.9557
  Epoch  44/50 | val loss=0.2018 auc=0.9580 ap=0.9906 f1=0.9550
    -> Saved best model (val AUC=0.9580)
  Epoch  45/50 | val loss=0.2147 auc=0.9574 ap=0.9903 f1=0.9531
  Epoch  46/50 | val loss=0.2018 auc=0.9579 ap=0.9905 f1=0.9553
  Epoch  47/50 | val loss=0.2607 auc=0.9570 ap=0.9901 f1=0.9399
  Epoch  48/50 | val loss=0.2152 auc=0.9573 ap=0.9902 f1=0.9524
  Epoch  49/50 | val loss=0.2043 auc=0.9581 ap=0.9905 f1=0.9549
    -> Saved best model (val AUC=0.9581)
  Epoch  50/50 | val loss=0.2101 auc=0.9576 ap=0.9904 f1=0.9535

============================================================
Run=thr_50_baseline  Fold=2
============================================================
  Loaded 173,114 rows from /user/hasmig.aintablian01/u26864/.project/dir.project/hasmig/data/combined_dendrogram_splits/50/splits/fold_2/train.parquet
  Loaded 10,406 rows from /user/hasmig.aintablian01/u26864/.project/dir.project/hasmig/data/combined_dendrogram_splits/50/splits/fold_2/val.parquet
  Epoch   1/50 | val loss=0.2642 auc=0.9494 ap=0.9891 f1=0.9363
    -> Saved best model (val AUC=0.9494)
  Epoch   2/50 | val loss=0.2619 auc=0.9351 ap=0.9867 f1=0.9316
  Epoch   3/50 | val loss=0.2913 auc=0.9354 ap=0.9868 f1=0.9210
  Epoch   4/50 | val loss=0.2864 auc=0.9374 ap=0.9873 f1=0.9227
  Epoch   5/50 | val loss=0.2760 auc=0.9380 ap=0.9874 f1=0.9266
  Epoch   6/50 | val loss=0.2571 auc=0.9394 ap=0.9877 f1=0.9342
  Epoch   7/50 | val loss=0.2919 auc=0.9398 ap=0.9879 f1=0.9215
  Epoch   8/50 | val loss=0.2934 auc=0.9400 ap=0.9879 f1=0.9195
  Epoch   9/50 | val loss=0.2682 auc=0.9408 ap=0.9881 f1=0.9303
  Epoch  10/50 | val loss=0.2670 auc=0.9413 ap=0.9882 f1=0.9303
  Epoch  11/50 | val loss=0.2624 auc=0.9419 ap=0.9884 f1=0.9327
  Epoch  12/50 | val loss=0.3109 auc=0.9428 ap=0.9886 f1=0.9154
  Epoch  13/50 | val loss=0.2480 auc=0.9441 ap=0.9889 f1=0.9383
  Epoch  14/50 | val loss=0.2591 auc=0.9451 ap=0.9891 f1=0.9351
  Epoch  15/50 | val loss=0.2503 auc=0.9470 ap=0.9897 f1=0.9386
  Epoch  16/50 | val loss=0.2699 auc=0.9476 ap=0.9899 f1=0.9328
  Epoch  17/50 | val loss=0.2454 auc=0.9489 ap=0.9902 f1=0.9409
  Epoch  18/50 | val loss=0.2313 auc=0.9510 ap=0.9907 f1=0.9439
    -> Saved best model (val AUC=0.9510)
  Epoch  19/50 | val loss=0.2350 auc=0.9523 ap=0.9910 f1=0.9433
    -> Saved best model (val AUC=0.9523)
  Epoch  20/50 | val loss=0.2486 auc=0.9530 ap=0.9912 f1=0.9414
    -> Saved best model (val AUC=0.9530)
  Epoch  21/50 | val loss=0.2330 auc=0.9536 ap=0.9913 f1=0.9450
    -> Saved best model (val AUC=0.9536)
  Epoch  22/50 | val loss=0.2156 auc=0.9552 ap=0.9916 f1=0.9473
    -> Saved best model (val AUC=0.9552)
  Epoch  23/50 | val loss=0.2521 auc=0.9545 ap=0.9915 f1=0.9428
  Epoch  24/50 | val loss=0.2063 auc=0.9558 ap=0.9918 f1=0.9487
    -> Saved best model (val AUC=0.9558)
  Epoch  25/50 | val loss=0.2273 auc=0.9558 ap=0.9918 f1=0.9468
  Epoch  26/50 | val loss=0.2339 auc=0.9556 ap=0.9917 f1=0.9458
  Epoch  27/50 | val loss=0.2226 auc=0.9568 ap=0.9920 f1=0.9479
    -> Saved best model (val AUC=0.9568)
  Epoch  28/50 | val loss=0.2199 auc=0.9573 ap=0.9921 f1=0.9482
    -> Saved best model (val AUC=0.9573)
  Epoch  29/50 | val loss=0.2146 auc=0.9572 ap=0.9920 f1=0.9488
  Epoch  30/50 | val loss=0.2369 auc=0.9580 ap=0.9922 f1=0.9453
    -> Saved best model (val AUC=0.9580)
  Epoch  31/50 | val loss=0.2345 auc=0.9582 ap=0.9923 f1=0.9463
    -> Saved best model (val AUC=0.9582)
  Epoch  32/50 | val loss=0.2270 auc=0.9586 ap=0.9924 f1=0.9470
    -> Saved best model (val AUC=0.9586)
  Epoch  33/50 | val loss=0.2156 auc=0.9595 ap=0.9926 f1=0.9487
    -> Saved best model (val AUC=0.9595)
  Epoch  34/50 | val loss=0.2238 auc=0.9595 ap=0.9925 f1=0.9475
    -> Saved best model (val AUC=0.9595)
  Epoch  35/50 | val loss=0.2060 auc=0.9596 ap=0.9926 f1=0.9498
    -> Saved best model (val AUC=0.9596)
  Epoch  36/50 | val loss=0.2129 auc=0.9604 ap=0.9927 f1=0.9497
    -> Saved best model (val AUC=0.9604)
  Epoch  37/50 | val loss=0.2282 auc=0.9610 ap=0.9929 f1=0.9464
    -> Saved best model (val AUC=0.9610)
  Epoch  38/50 | val loss=0.2147 auc=0.9609 ap=0.9929 f1=0.9488
  Epoch  39/50 | val loss=0.2220 auc=0.9615 ap=0.9930 f1=0.9472
    -> Saved best model (val AUC=0.9615)
  Epoch  40/50 | val loss=0.2186 auc=0.9621 ap=0.9931 f1=0.9479
    -> Saved best model (val AUC=0.9621)
  Epoch  41/50 | val loss=0.2069 auc=0.9626 ap=0.9932 f1=0.9493
    -> Saved best model (val AUC=0.9626)
  Epoch  42/50 | val loss=0.2122 auc=0.9627 ap=0.9932 f1=0.9489
    -> Saved best model (val AUC=0.9627)
  Epoch  43/50 | val loss=0.2109 auc=0.9628 ap=0.9933 f1=0.9479
    -> Saved best model (val AUC=0.9628)
  Epoch  44/50 | val loss=0.1903 auc=0.9629 ap=0.9933 f1=0.9507
    -> Saved best model (val AUC=0.9629)
  Epoch  45/50 | val loss=0.2148 auc=0.9628 ap=0.9933 f1=0.9482
  Epoch  46/50 | val loss=0.1947 auc=0.9630 ap=0.9933 f1=0.9502
    -> Saved best model (val AUC=0.9630)
  Epoch  47/50 | val loss=0.2178 auc=0.9628 ap=0.9933 f1=0.9467
  Epoch  48/50 | val loss=0.2043 auc=0.9633 ap=0.9934 f1=0.9485
    -> Saved best model (val AUC=0.9633)
  Epoch  49/50 | val loss=0.2004 auc=0.9637 ap=0.9934 f1=0.9494
    -> Saved best model (val AUC=0.9637)
  Epoch  50/50 | val loss=0.2250 auc=0.9631 ap=0.9933 f1=0.9460

============================================================
Run=thr_50_baseline  Fold=3
============================================================
  Loaded 164,667 rows from /user/hasmig.aintablian01/u26864/.project/dir.project/hasmig/data/combined_dendrogram_splits/50/splits/fold_3/train.parquet
  Loaded 6,833 rows from /user/hasmig.aintablian01/u26864/.project/dir.project/hasmig/data/combined_dendrogram_splits/50/splits/fold_3/val.parquet
  Epoch   1/50 | val loss=0.3123 auc=0.9407 ap=0.9495 f1=0.8756
    -> Saved best model (val AUC=0.9407)
  Epoch   2/50 | val loss=0.3045 auc=0.9466 ap=0.9530 f1=0.8741
    -> Saved best model (val AUC=0.9466)
  Epoch   3/50 | val loss=0.2886 auc=0.9494 ap=0.9548 f1=0.8864
    -> Saved best model (val AUC=0.9494)
  Epoch   4/50 | val loss=0.2892 auc=0.9493 ap=0.9548 f1=0.8863
  Epoch   5/50 | val loss=0.2891 auc=0.9494 ap=0.9551 f1=0.8862
  Epoch   6/50 | val loss=0.3091 auc=0.9483 ap=0.9535 f1=0.8779
  Epoch   7/50 | val loss=0.3050 auc=0.9493 ap=0.9541 f1=0.8784
  Epoch   8/50 | val loss=0.2947 auc=0.9493 ap=0.9542 f1=0.8822
  Epoch   9/50 | val loss=0.3152 auc=0.9494 ap=0.9539 f1=0.8725
  Epoch  10/50 | val loss=0.3157 auc=0.9497 ap=0.9542 f1=0.8701
    -> Saved best model (val AUC=0.9497)
  Epoch  11/50 | val loss=0.3106 auc=0.9500 ap=0.9545 f1=0.8731
    -> Saved best model (val AUC=0.9500)
  Epoch  12/50 | val loss=0.3000 auc=0.9497 ap=0.9541 f1=0.8779
  Epoch  13/50 | val loss=0.3007 auc=0.9502 ap=0.9546 f1=0.8757
    -> Saved best model (val AUC=0.9502)
  Epoch  14/50 | val loss=0.3029 auc=0.9503 ap=0.9548 f1=0.8758
    -> Saved best model (val AUC=0.9503)
  Epoch  15/50 | val loss=0.2990 auc=0.9500 ap=0.9542 f1=0.8778
  Epoch  16/50 | val loss=0.3068 auc=0.9501 ap=0.9544 f1=0.8739
  Epoch  17/50 | val loss=0.2932 auc=0.9508 ap=0.9551 f1=0.8816
    -> Saved best model (val AUC=0.9508)
  Epoch  18/50 | val loss=0.2935 auc=0.9505 ap=0.9547 f1=0.8817
  Epoch  19/50 | val loss=0.3243 auc=0.9501 ap=0.9543 f1=0.8632
  Epoch  20/50 | val loss=0.2952 auc=0.9502 ap=0.9544 f1=0.8802
  Epoch  21/50 | val loss=0.2941 auc=0.9502 ap=0.9543 f1=0.8809
  Epoch  22/50 | val loss=0.2956 auc=0.9507 ap=0.9549 f1=0.8792
  Epoch  23/50 | val loss=0.3147 auc=0.9507 ap=0.9549 f1=0.8701
  Epoch  24/50 | val loss=0.3022 auc=0.9505 ap=0.9548 f1=0.8763
  Epoch  25/50 | val loss=0.2924 auc=0.9509 ap=0.9550 f1=0.8817
    -> Saved best model (val AUC=0.9509)
  Epoch  26/50 | val loss=0.2980 auc=0.9504 ap=0.9546 f1=0.8773
  Epoch  27/50 | val loss=0.2983 auc=0.9514 ap=0.9556 f1=0.8775
    -> Saved best model (val AUC=0.9514)
  Epoch  28/50 | val loss=0.2950 auc=0.9505 ap=0.9546 f1=0.8796
  Epoch  29/50 | val loss=0.3024 auc=0.9507 ap=0.9549 f1=0.8757
  Epoch  30/50 | val loss=0.3032 auc=0.9507 ap=0.9548 f1=0.8760
  Epoch  31/50 | val loss=0.3013 auc=0.9514 ap=0.9555 f1=0.8773
  Epoch  32/50 | val loss=0.2965 auc=0.9513 ap=0.9554 f1=0.8769
  Epoch  33/50 | val loss=0.2958 auc=0.9512 ap=0.9554 f1=0.8783
  Epoch  34/50 | val loss=0.3105 auc=0.9510 ap=0.9551 f1=0.8707
  Epoch  35/50 | val loss=0.3026 auc=0.9513 ap=0.9554 f1=0.8752
  Epoch  36/50 | val loss=0.3179 auc=0.9516 ap=0.9557 f1=0.8661
    -> Saved best model (val AUC=0.9516)
  Epoch  37/50 | val loss=0.3070 auc=0.9520 ap=0.9561 f1=0.8734
    -> Saved best model (val AUC=0.9520)
  Epoch  38/50 | val loss=0.2882 auc=0.9521 ap=0.9561 f1=0.8838
    -> Saved best model (val AUC=0.9521)
  Epoch  39/50 | val loss=0.2952 auc=0.9523 ap=0.9564 f1=0.8779
    -> Saved best model (val AUC=0.9523)
  Epoch  40/50 | val loss=0.2916 auc=0.9522 ap=0.9561 f1=0.8801
  Epoch  41/50 | val loss=0.2906 auc=0.9529 ap=0.9568 f1=0.8795
    -> Saved best model (val AUC=0.9529)
  Epoch  42/50 | val loss=0.2923 auc=0.9526 ap=0.9566 f1=0.8793
  Epoch  43/50 | val loss=0.2913 auc=0.9527 ap=0.9567 f1=0.8786
  Epoch  44/50 | val loss=0.2847 auc=0.9529 ap=0.9568 f1=0.8851
    -> Saved best model (val AUC=0.9529)
  Epoch  45/50 | val loss=0.2878 auc=0.9526 ap=0.9566 f1=0.8819
  Epoch  46/50 | val loss=0.2982 auc=0.9529 ap=0.9568 f1=0.8772
  Epoch  47/50 | val loss=0.3013 auc=0.9531 ap=0.9569 f1=0.8763
    -> Saved best model (val AUC=0.9531)
  Epoch  48/50 | val loss=0.3115 auc=0.9530 ap=0.9570 f1=0.8696
  Epoch  49/50 | val loss=0.2982 auc=0.9533 ap=0.9570 f1=0.8765
    -> Saved best model (val AUC=0.9533)
  Epoch  50/50 | val loss=0.2936 auc=0.9531 ap=0.9569 f1=0.8787

============================================================
Run=thr_50_baseline  Fold=4
============================================================
  Loaded 170,806 rows from /user/hasmig.aintablian01/u26864/.project/dir.project/hasmig/data/combined_dendrogram_splits/50/splits/fold_4/train.parquet
  Loaded 14,066 rows from /user/hasmig.aintablian01/u26864/.project/dir.project/hasmig/data/combined_dendrogram_splits/50/splits/fold_4/val.parquet
  Epoch   1/50 | val loss=0.3272 auc=0.9214 ap=0.9817 f1=0.9095
    -> Saved best model (val AUC=0.9214)
  Epoch   2/50 | val loss=0.2783 auc=0.9313 ap=0.9843 f1=0.9317
    -> Saved best model (val AUC=0.9313)
  Epoch   3/50 | val loss=0.2922 auc=0.9363 ap=0.9855 f1=0.9238
    -> Saved best model (val AUC=0.9363)
  Epoch   4/50 | val loss=0.2641 auc=0.9379 ap=0.9859 f1=0.9329
    -> Saved best model (val AUC=0.9379)
  Epoch   5/50 | val loss=0.2511 auc=0.9394 ap=0.9862 f1=0.9373
    -> Saved best model (val AUC=0.9394)
  Epoch   6/50 | val loss=0.2432 auc=0.9402 ap=0.9865 f1=0.9414
    -> Saved best model (val AUC=0.9402)
  Epoch   7/50 | val loss=0.2385 auc=0.9412 ap=0.9867 f1=0.9418
    -> Saved best model (val AUC=0.9412)
  Epoch   8/50 | val loss=0.2514 auc=0.9422 ap=0.9870 f1=0.9383
    -> Saved best model (val AUC=0.9422)
  Epoch   9/50 | val loss=0.2510 auc=0.9430 ap=0.9872 f1=0.9386
    -> Saved best model (val AUC=0.9430)
  Epoch  10/50 | val loss=0.2563 auc=0.9438 ap=0.9874 f1=0.9366
    -> Saved best model (val AUC=0.9438)
  Epoch  11/50 | val loss=0.2487 auc=0.9442 ap=0.9876 f1=0.9392
    -> Saved best model (val AUC=0.9442)
  Epoch  12/50 | val loss=0.2739 auc=0.9444 ap=0.9876 f1=0.9311
    -> Saved best model (val AUC=0.9444)
  Epoch  13/50 | val loss=0.2428 auc=0.9443 ap=0.9876 f1=0.9406
  Epoch  14/50 | val loss=0.2559 auc=0.9446 ap=0.9877 f1=0.9361
    -> Saved best model (val AUC=0.9446)
  Epoch  15/50 | val loss=0.2524 auc=0.9447 ap=0.9877 f1=0.9377
    -> Saved best model (val AUC=0.9447)
  Epoch  16/50 | val loss=0.2634 auc=0.9449 ap=0.9878 f1=0.9333
    -> Saved best model (val AUC=0.9449)
  Epoch  17/50 | val loss=0.2428 auc=0.9454 ap=0.9879 f1=0.9406
    -> Saved best model (val AUC=0.9454)
  Epoch  18/50 | val loss=0.2492 auc=0.9451 ap=0.9878 f1=0.9381
  Epoch  19/50 | val loss=0.2388 auc=0.9458 ap=0.9880 f1=0.9416
    -> Saved best model (val AUC=0.9458)
  Epoch  20/50 | val loss=0.2422 auc=0.9454 ap=0.9879 f1=0.9403
  Epoch  21/50 | val loss=0.2493 auc=0.9456 ap=0.9880 f1=0.9373
  Epoch  22/50 | val loss=0.2388 auc=0.9460 ap=0.9881 f1=0.9415
    -> Saved best model (val AUC=0.9460)
  Epoch  23/50 | val loss=0.2397 auc=0.9462 ap=0.9881 f1=0.9412
    -> Saved best model (val AUC=0.9462)
  Epoch  24/50 | val loss=0.2358 auc=0.9463 ap=0.9881 f1=0.9421
    -> Saved best model (val AUC=0.9463)
  Epoch  25/50 | val loss=0.2336 auc=0.9464 ap=0.9882 f1=0.9429
    -> Saved best model (val AUC=0.9464)
  Epoch  26/50 | val loss=0.2379 auc=0.9468 ap=0.9883 f1=0.9409
    -> Saved best model (val AUC=0.9468)
  Epoch  27/50 | val loss=0.2290 auc=0.9471 ap=0.9883 f1=0.9445
    -> Saved best model (val AUC=0.9471)
  Epoch  28/50 | val loss=0.2466 auc=0.9470 ap=0.9884 f1=0.9377
  Epoch  29/50 | val loss=0.2428 auc=0.9475 ap=0.9885 f1=0.9394
    -> Saved best model (val AUC=0.9475)
  Epoch  30/50 | val loss=0.2370 auc=0.9480 ap=0.9886 f1=0.9407
    -> Saved best model (val AUC=0.9480)
  Epoch  31/50 | val loss=0.2424 auc=0.9492 ap=0.9889 f1=0.9390
    -> Saved best model (val AUC=0.9492)
  Epoch  32/50 | val loss=0.2338 auc=0.9499 ap=0.9890 f1=0.9414
    -> Saved best model (val AUC=0.9499)
  Epoch  33/50 | val loss=0.2278 auc=0.9506 ap=0.9892 f1=0.9426
    -> Saved best model (val AUC=0.9506)
  Epoch  34/50 | val loss=0.2266 auc=0.9514 ap=0.9894 f1=0.9432
    -> Saved best model (val AUC=0.9514)
  Epoch  35/50 | val loss=0.2295 auc=0.9516 ap=0.9894 f1=0.9424
    -> Saved best model (val AUC=0.9516)
  Epoch  36/50 | val loss=0.2198 auc=0.9521 ap=0.9895 f1=0.9457
    -> Saved best model (val AUC=0.9521)
  Epoch  37/50 | val loss=0.2438 auc=0.9524 ap=0.9896 f1=0.9381
    -> Saved best model (val AUC=0.9524)
  Epoch  38/50 | val loss=0.2302 auc=0.9527 ap=0.9897 f1=0.9424
    -> Saved best model (val AUC=0.9527)
  Epoch  39/50 | val loss=0.2164 auc=0.9526 ap=0.9897 f1=0.9464
  Epoch  40/50 | val loss=0.2342 auc=0.9530 ap=0.9898 f1=0.9411
    -> Saved best model (val AUC=0.9530)
  Epoch  41/50 | val loss=0.2179 auc=0.9530 ap=0.9898 f1=0.9461
    -> Saved best model (val AUC=0.9530)
  Epoch  42/50 | val loss=0.2243 auc=0.9533 ap=0.9899 f1=0.9440
    -> Saved best model (val AUC=0.9533)
  Epoch  43/50 | val loss=0.2114 auc=0.9531 ap=0.9899 f1=0.9483
  Epoch  44/50 | val loss=0.2292 auc=0.9532 ap=0.9899 f1=0.9428
  Epoch  45/50 | val loss=0.2180 auc=0.9527 ap=0.9898 f1=0.9460
  Epoch  46/50 | val loss=0.2370 auc=0.9532 ap=0.9899 f1=0.9410
  Epoch  47/50 | val loss=0.2263 auc=0.9534 ap=0.9900 f1=0.9435
    -> Saved best model (val AUC=0.9534)
  Epoch  48/50 | val loss=0.2183 auc=0.9529 ap=0.9899 f1=0.9460
  Epoch  49/50 | val loss=0.2553 auc=0.9534 ap=0.9900 f1=0.9347
  Epoch  50/50 | val loss=0.2182 auc=0.9535 ap=0.9900 f1=0.9459
    -> Saved best model (val AUC=0.9535)

============================================================
Run=thr_50_baseline -- Retraining final model on all folds combined
============================================================
  Combined dataset: 215,854 rows
  Loaded 215,854 rows from /user/hasmig.aintablian01/u26864/.project/dir.project/hasmig/pmhc-binding-prediction/results/02_baseline_lr/thr_50_baseline/combined_train.parquet
  Final model epoch 10/50
  Final model epoch 20/50
  Final model epoch 30/50
  Final model epoch 40/50
  Final model epoch 50/50
  Loaded 11,176 rows from /user/hasmig.aintablian01/u26864/.project/dir.project/hasmig/data/combined_dendrogram_splits/50/splits/test/test.parquet
  Test | auc=0.9631 ap=0.9955 f1=0.9603 precision=0.9826 recall=0.9391 tpr@fpr10=0.9089

Metrics saved to /user/hasmig.aintablian01/u26864/.project/dir.project/hasmig/pmhc-binding-prediction/results/02_baseline_lr/all_metrics.csv  (6 rows total)

=== Summary (median val AUC per threshold / config) ===
threshold  layer_norm  regularization
50         False       none              0.9581
============ Job Information ===================================================
Submitted: 2026-05-13T10:09:12
Started: 2026-05-13T10:09:24
Ended: 2026-05-13T11:53:39
Elapsed: 105 min, Limit: 720 min, Difference: 615 min
CPUs: 4, Nodes: 1
Estimated credit Consumption: 262.50 core-hours
================================================================================
