================================================================================
JobID = 13801229
User = u26864, Account = scc_mgmn_soeding
Partition = scc-gpu, Nodelist = ggpu211
================================================================================
Using device: cuda
Config: layer_norm=True, regularization=l2, reg_lambda=0.0001
Model parameters: 129

============================================================
Run=thr_80_layer_norm_l2_0.0001  Fold=0
============================================================
  Loaded 226,030 rows from /user/hasmig.aintablian01/u26864/.project/dir.project/hasmig/data/combined_dendrogram_splits/80/splits/fold_0/train.parquet
  Loaded 12,938 rows from /user/hasmig.aintablian01/u26864/.project/dir.project/hasmig/data/combined_dendrogram_splits/80/splits/fold_0/val.parquet
  Epoch   1/50 | val loss=0.3568 auc=0.8955 ap=0.9721 f1=0.9062
    -> Saved best model (val AUC=0.8955)
  Epoch   2/50 | val loss=0.2268 auc=0.9497 ap=0.9877 f1=0.9458
    -> Saved best model (val AUC=0.9497)
  Epoch   3/50 | val loss=0.2208 auc=0.9518 ap=0.9882 f1=0.9479
    -> Saved best model (val AUC=0.9518)
  Epoch   4/50 | val loss=0.2201 auc=0.9523 ap=0.9884 f1=0.9481
    -> Saved best model (val AUC=0.9523)
  Epoch   5/50 | val loss=0.2078 auc=0.9522 ap=0.9884 f1=0.9504
  Epoch   6/50 | val loss=0.2246 auc=0.9526 ap=0.9885 f1=0.9461
    -> Saved best model (val AUC=0.9526)
  Epoch   7/50 | val loss=0.2274 auc=0.9526 ap=0.9885 f1=0.9451
  Epoch   8/50 | val loss=0.2281 auc=0.9534 ap=0.9887 f1=0.9445
    -> Saved best model (val AUC=0.9534)
  Epoch   9/50 | val loss=0.2166 auc=0.9532 ap=0.9886 f1=0.9480
  Epoch  10/50 | val loss=0.2047 auc=0.9544 ap=0.9888 f1=0.9499
    -> Saved best model (val AUC=0.9544)
  Epoch  11/50 | val loss=0.2055 auc=0.9566 ap=0.9895 f1=0.9492
    -> Saved best model (val AUC=0.9566)
  Epoch  12/50 | val loss=0.2269 auc=0.9566 ap=0.9896 f1=0.9406
    -> Saved best model (val AUC=0.9566)
  Epoch  13/50 | val loss=0.1995 auc=0.9585 ap=0.9901 f1=0.9509
    -> Saved best model (val AUC=0.9585)
  Epoch  14/50 | val loss=0.2108 auc=0.9587 ap=0.9902 f1=0.9460
    -> Saved best model (val AUC=0.9587)
  Epoch  15/50 | val loss=0.2050 auc=0.9593 ap=0.9904 f1=0.9477
    -> Saved best model (val AUC=0.9593)
  Epoch  16/50 | val loss=0.1970 auc=0.9589 ap=0.9903 f1=0.9501
  Epoch  17/50 | val loss=0.2487 auc=0.9578 ap=0.9902 f1=0.9319
  Epoch  18/50 | val loss=0.1965 auc=0.9599 ap=0.9906 f1=0.9500
    -> Saved best model (val AUC=0.9599)
  Epoch  19/50 | val loss=0.2040 auc=0.9604 ap=0.9907 f1=0.9472
    -> Saved best model (val AUC=0.9604)
  Epoch  20/50 | val loss=0.1916 auc=0.9601 ap=0.9906 f1=0.9520
  Epoch  21/50 | val loss=0.1981 auc=0.9604 ap=0.9908 f1=0.9493
    -> Saved best model (val AUC=0.9604)
  Epoch  22/50 | val loss=0.1950 auc=0.9607 ap=0.9909 f1=0.9495
    -> Saved best model (val AUC=0.9607)
  Epoch  23/50 | val loss=0.1946 auc=0.9616 ap=0.9910 f1=0.9502
    -> Saved best model (val AUC=0.9616)
  Epoch  24/50 | val loss=0.1908 auc=0.9613 ap=0.9910 f1=0.9513
  Epoch  25/50 | val loss=0.1907 auc=0.9628 ap=0.9913 f1=0.9513
    -> Saved best model (val AUC=0.9628)
  Epoch  26/50 | val loss=0.1868 auc=0.9628 ap=0.9913 f1=0.9523
  Epoch  27/50 | val loss=0.1943 auc=0.9626 ap=0.9914 f1=0.9504
  Epoch  28/50 | val loss=0.1820 auc=0.9642 ap=0.9916 f1=0.9543
    -> Saved best model (val AUC=0.9642)
  Epoch  29/50 | val loss=0.1913 auc=0.9641 ap=0.9917 f1=0.9508
  Epoch  30/50 | val loss=0.1843 auc=0.9632 ap=0.9914 f1=0.9538
  Epoch  31/50 | val loss=0.1912 auc=0.9640 ap=0.9917 f1=0.9521
  Epoch  32/50 | val loss=0.1924 auc=0.9640 ap=0.9917 f1=0.9512
  Epoch  33/50 | val loss=0.1965 auc=0.9643 ap=0.9918 f1=0.9500
    -> Saved best model (val AUC=0.9643)
  Epoch  34/50 | val loss=0.1810 auc=0.9646 ap=0.9918 f1=0.9543
    -> Saved best model (val AUC=0.9646)
  Epoch  35/50 | val loss=0.1865 auc=0.9642 ap=0.9918 f1=0.9528
  Epoch  36/50 | val loss=0.1871 auc=0.9650 ap=0.9919 f1=0.9533
    -> Saved best model (val AUC=0.9650)
  Epoch  37/50 | val loss=0.1823 auc=0.9654 ap=0.9920 f1=0.9545
    -> Saved best model (val AUC=0.9654)
  Epoch  38/50 | val loss=0.1783 auc=0.9652 ap=0.9919 f1=0.9549
  Epoch  39/50 | val loss=0.1918 auc=0.9642 ap=0.9918 f1=0.9514
  Epoch  40/50 | val loss=0.1804 auc=0.9652 ap=0.9920 f1=0.9549
  Epoch  41/50 | val loss=0.1860 auc=0.9657 ap=0.9921 f1=0.9537
    -> Saved best model (val AUC=0.9657)
  Epoch  42/50 | val loss=0.1842 auc=0.9667 ap=0.9923 f1=0.9538
    -> Saved best model (val AUC=0.9667)
  Epoch  43/50 | val loss=0.1969 auc=0.9676 ap=0.9925 f1=0.9503
    -> Saved best model (val AUC=0.9676)
  Epoch  44/50 | val loss=0.1808 auc=0.9678 ap=0.9926 f1=0.9547
    -> Saved best model (val AUC=0.9678)
  Epoch  45/50 | val loss=0.1966 auc=0.9689 ap=0.9928 f1=0.9503
    -> Saved best model (val AUC=0.9689)
  Epoch  46/50 | val loss=0.1715 auc=0.9697 ap=0.9930 f1=0.9577
    -> Saved best model (val AUC=0.9697)
  Epoch  47/50 | val loss=0.1700 auc=0.9704 ap=0.9932 f1=0.9582
    -> Saved best model (val AUC=0.9704)
  Epoch  48/50 | val loss=0.1706 auc=0.9709 ap=0.9933 f1=0.9584
    -> Saved best model (val AUC=0.9709)
  Epoch  49/50 | val loss=0.1645 auc=0.9709 ap=0.9933 f1=0.9592
    -> Saved best model (val AUC=0.9709)
  Epoch  50/50 | val loss=0.1734 auc=0.9712 ap=0.9934 f1=0.9580
    -> Saved best model (val AUC=0.9712)

============================================================
Run=thr_80_layer_norm_l2_0.0001  Fold=1
============================================================
  Loaded 234,631 rows from /user/hasmig.aintablian01/u26864/.project/dir.project/hasmig/data/combined_dendrogram_splits/80/splits/fold_1/train.parquet
  Loaded 5,802 rows from /user/hasmig.aintablian01/u26864/.project/dir.project/hasmig/data/combined_dendrogram_splits/80/splits/fold_1/val.parquet
  Epoch   1/50 | val loss=0.2884 auc=0.9337 ap=0.9840 f1=0.9280
    -> Saved best model (val AUC=0.9337)
  Epoch   2/50 | val loss=0.2150 auc=0.9605 ap=0.9909 f1=0.9556
    -> Saved best model (val AUC=0.9605)
  Epoch   3/50 | val loss=0.1991 auc=0.9633 ap=0.9909 f1=0.9580
    -> Saved best model (val AUC=0.9633)
  Epoch   4/50 | val loss=0.1871 auc=0.9677 ap=0.9919 f1=0.9612
    -> Saved best model (val AUC=0.9677)
  Epoch   5/50 | val loss=0.1735 auc=0.9694 ap=0.9922 f1=0.9632
    -> Saved best model (val AUC=0.9694)
  Epoch   6/50 | val loss=0.1764 auc=0.9703 ap=0.9924 f1=0.9642
    -> Saved best model (val AUC=0.9703)
  Epoch   7/50 | val loss=0.1854 auc=0.9706 ap=0.9924 f1=0.9619
    -> Saved best model (val AUC=0.9706)
  Epoch   8/50 | val loss=0.1813 auc=0.9709 ap=0.9924 f1=0.9619
    -> Saved best model (val AUC=0.9709)
  Epoch   9/50 | val loss=0.1704 auc=0.9713 ap=0.9925 f1=0.9650
    -> Saved best model (val AUC=0.9713)
  Epoch  10/50 | val loss=0.1728 auc=0.9713 ap=0.9925 f1=0.9647
    -> Saved best model (val AUC=0.9713)
  Epoch  11/50 | val loss=0.1752 auc=0.9717 ap=0.9926 f1=0.9645
    -> Saved best model (val AUC=0.9717)
  Epoch  12/50 | val loss=0.1722 auc=0.9721 ap=0.9927 f1=0.9656
    -> Saved best model (val AUC=0.9721)
  Epoch  13/50 | val loss=0.1692 auc=0.9722 ap=0.9927 f1=0.9651
    -> Saved best model (val AUC=0.9722)
  Epoch  14/50 | val loss=0.1641 auc=0.9724 ap=0.9928 f1=0.9652
    -> Saved best model (val AUC=0.9724)
  Epoch  15/50 | val loss=0.1872 auc=0.9724 ap=0.9928 f1=0.9604
  Epoch  16/50 | val loss=0.1717 auc=0.9725 ap=0.9928 f1=0.9643
    -> Saved best model (val AUC=0.9725)
  Epoch  17/50 | val loss=0.2013 auc=0.9727 ap=0.9929 f1=0.9567
    -> Saved best model (val AUC=0.9727)
  Epoch  18/50 | val loss=0.1824 auc=0.9727 ap=0.9929 f1=0.9628
    -> Saved best model (val AUC=0.9727)
  Epoch  19/50 | val loss=0.1770 auc=0.9729 ap=0.9929 f1=0.9641
    -> Saved best model (val AUC=0.9729)
  Epoch  20/50 | val loss=0.1769 auc=0.9728 ap=0.9930 f1=0.9628
  Epoch  21/50 | val loss=0.1733 auc=0.9726 ap=0.9929 f1=0.9635
  Epoch  22/50 | val loss=0.1645 auc=0.9726 ap=0.9929 f1=0.9655
  Epoch  23/50 | val loss=0.2044 auc=0.9725 ap=0.9928 f1=0.9555
  Epoch  24/50 | val loss=0.1724 auc=0.9729 ap=0.9929 f1=0.9645
    -> Saved best model (val AUC=0.9729)
  Epoch  25/50 | val loss=0.1809 auc=0.9728 ap=0.9929 f1=0.9630
  Epoch  26/50 | val loss=0.1646 auc=0.9731 ap=0.9931 f1=0.9661
    -> Saved best model (val AUC=0.9731)
  Epoch  27/50 | val loss=0.2016 auc=0.9725 ap=0.9927 f1=0.9569
  Epoch  28/50 | val loss=0.1812 auc=0.9730 ap=0.9930 f1=0.9627
  Epoch  29/50 | val loss=0.1727 auc=0.9731 ap=0.9930 f1=0.9642
  Epoch  30/50 | val loss=0.1668 auc=0.9728 ap=0.9930 f1=0.9653
  Epoch  31/50 | val loss=0.1735 auc=0.9731 ap=0.9931 f1=0.9635
  Epoch  32/50 | val loss=0.1646 auc=0.9733 ap=0.9931 f1=0.9649
    -> Saved best model (val AUC=0.9733)
  Epoch  33/50 | val loss=0.1939 auc=0.9730 ap=0.9930 f1=0.9589
  Epoch  34/50 | val loss=0.1809 auc=0.9732 ap=0.9930 f1=0.9631
  Epoch  35/50 | val loss=0.1648 auc=0.9733 ap=0.9931 f1=0.9658
    -> Saved best model (val AUC=0.9733)
  Epoch  36/50 | val loss=0.1877 auc=0.9729 ap=0.9930 f1=0.9614
  Epoch  37/50 | val loss=0.1615 auc=0.9734 ap=0.9931 f1=0.9662
    -> Saved best model (val AUC=0.9734)
  Epoch  38/50 | val loss=0.1662 auc=0.9735 ap=0.9931 f1=0.9654
    -> Saved best model (val AUC=0.9735)
  Epoch  39/50 | val loss=0.1941 auc=0.9734 ap=0.9931 f1=0.9583
  Epoch  40/50 | val loss=0.1709 auc=0.9736 ap=0.9932 f1=0.9645
    -> Saved best model (val AUC=0.9736)
  Epoch  41/50 | val loss=0.1741 auc=0.9735 ap=0.9931 f1=0.9636
  Epoch  42/50 | val loss=0.1929 auc=0.9733 ap=0.9931 f1=0.9579
  Epoch  43/50 | val loss=0.2107 auc=0.9718 ap=0.9926 f1=0.9531
  Epoch  44/50 | val loss=0.1673 auc=0.9735 ap=0.9932 f1=0.9648
  Epoch  45/50 | val loss=0.1820 auc=0.9737 ap=0.9932 f1=0.9607
    -> Saved best model (val AUC=0.9737)
  Epoch  46/50 | val loss=0.1618 auc=0.9732 ap=0.9934 f1=0.9656
  Epoch  47/50 | val loss=0.1596 auc=0.9736 ap=0.9932 f1=0.9659
  Epoch  48/50 | val loss=0.1917 auc=0.9736 ap=0.9932 f1=0.9593
  Epoch  49/50 | val loss=0.1827 auc=0.9737 ap=0.9932 f1=0.9605
    -> Saved best model (val AUC=0.9737)
  Epoch  50/50 | val loss=0.1673 auc=0.9735 ap=0.9932 f1=0.9640

============================================================
Run=thr_80_layer_norm_l2_0.0001  Fold=2
============================================================
  Loaded 231,638 rows from /user/hasmig.aintablian01/u26864/.project/dir.project/hasmig/data/combined_dendrogram_splits/80/splits/fold_2/train.parquet
  Loaded 7,712 rows from /user/hasmig.aintablian01/u26864/.project/dir.project/hasmig/data/combined_dendrogram_splits/80/splits/fold_2/val.parquet
  Epoch   1/50 | val loss=0.2573 auc=0.9465 ap=0.9866 f1=0.9364
    -> Saved best model (val AUC=0.9465)
  Epoch   2/50 | val loss=0.2669 auc=0.9503 ap=0.9880 f1=0.9284
    -> Saved best model (val AUC=0.9503)
  Epoch   3/50 | val loss=0.2518 auc=0.9519 ap=0.9886 f1=0.9334
    -> Saved best model (val AUC=0.9519)
  Epoch   4/50 | val loss=0.2750 auc=0.9533 ap=0.9891 f1=0.9253
    -> Saved best model (val AUC=0.9533)
  Epoch   5/50 | val loss=0.2785 auc=0.9544 ap=0.9895 f1=0.9238
    -> Saved best model (val AUC=0.9544)
  Epoch   6/50 | val loss=0.2604 auc=0.9546 ap=0.9896 f1=0.9296
    -> Saved best model (val AUC=0.9546)
  Epoch   7/50 | val loss=0.2441 auc=0.9554 ap=0.9898 f1=0.9344
    -> Saved best model (val AUC=0.9554)
  Epoch   8/50 | val loss=0.2629 auc=0.9552 ap=0.9898 f1=0.9287
  Epoch   9/50 | val loss=0.2698 auc=0.9557 ap=0.9900 f1=0.9269
    -> Saved best model (val AUC=0.9557)
  Epoch  10/50 | val loss=0.2702 auc=0.9558 ap=0.9900 f1=0.9267
    -> Saved best model (val AUC=0.9558)
  Epoch  11/50 | val loss=0.2238 auc=0.9564 ap=0.9901 f1=0.9406
    -> Saved best model (val AUC=0.9564)
  Epoch  12/50 | val loss=0.2606 auc=0.9569 ap=0.9903 f1=0.9288
    -> Saved best model (val AUC=0.9569)
  Epoch  13/50 | val loss=0.2855 auc=0.9567 ap=0.9902 f1=0.9219
  Epoch  14/50 | val loss=0.2984 auc=0.9566 ap=0.9902 f1=0.9178
  Epoch  15/50 | val loss=0.2519 auc=0.9576 ap=0.9905 f1=0.9316
    -> Saved best model (val AUC=0.9576)
  Epoch  16/50 | val loss=0.2630 auc=0.9571 ap=0.9903 f1=0.9283
  Epoch  17/50 | val loss=0.2772 auc=0.9578 ap=0.9905 f1=0.9238
    -> Saved best model (val AUC=0.9578)
  Epoch  18/50 | val loss=0.2608 auc=0.9572 ap=0.9904 f1=0.9293
  Epoch  19/50 | val loss=0.2354 auc=0.9580 ap=0.9906 f1=0.9361
    -> Saved best model (val AUC=0.9580)
  Epoch  20/50 | val loss=0.2783 auc=0.9580 ap=0.9906 f1=0.9228
    -> Saved best model (val AUC=0.9580)
  Epoch  21/50 | val loss=0.2646 auc=0.9581 ap=0.9906 f1=0.9265
    -> Saved best model (val AUC=0.9581)
  Epoch  22/50 | val loss=0.2868 auc=0.9579 ap=0.9906 f1=0.9196
  Epoch  23/50 | val loss=0.2524 auc=0.9581 ap=0.9906 f1=0.9309
    -> Saved best model (val AUC=0.9581)
  Epoch  24/50 | val loss=0.2287 auc=0.9588 ap=0.9908 f1=0.9378
    -> Saved best model (val AUC=0.9588)
  Epoch  25/50 | val loss=0.2502 auc=0.9580 ap=0.9906 f1=0.9309
  Epoch  26/50 | val loss=0.2320 auc=0.9591 ap=0.9909 f1=0.9363
    -> Saved best model (val AUC=0.9591)
  Epoch  27/50 | val loss=0.2435 auc=0.9593 ap=0.9909 f1=0.9327
    -> Saved best model (val AUC=0.9593)
  Epoch  28/50 | val loss=0.2375 auc=0.9586 ap=0.9907 f1=0.9347
  Epoch  29/50 | val loss=0.2422 auc=0.9591 ap=0.9909 f1=0.9329
  Epoch  30/50 | val loss=0.3021 auc=0.9575 ap=0.9905 f1=0.9147
  Epoch  31/50 | val loss=0.2614 auc=0.9585 ap=0.9908 f1=0.9269
  Epoch  32/50 | val loss=0.2564 auc=0.9577 ap=0.9906 f1=0.9287
  Epoch  33/50 | val loss=0.2587 auc=0.9588 ap=0.9908 f1=0.9280
  Epoch  34/50 | val loss=0.2270 auc=0.9591 ap=0.9909 f1=0.9372
  Epoch  35/50 | val loss=0.2712 auc=0.9591 ap=0.9909 f1=0.9243
  Epoch  36/50 | val loss=0.2303 auc=0.9596 ap=0.9910 f1=0.9363
    -> Saved best model (val AUC=0.9596)
  Epoch  37/50 | val loss=0.2465 auc=0.9595 ap=0.9910 f1=0.9319
  Epoch  38/50 | val loss=0.2046 auc=0.9601 ap=0.9911 f1=0.9464
    -> Saved best model (val AUC=0.9601)
  Epoch  39/50 | val loss=0.2735 auc=0.9580 ap=0.9907 f1=0.9239
  Epoch  40/50 | val loss=0.2449 auc=0.9594 ap=0.9910 f1=0.9317
  Epoch  41/50 | val loss=0.2577 auc=0.9596 ap=0.9910 f1=0.9275
  Epoch  42/50 | val loss=0.2104 auc=0.9597 ap=0.9910 f1=0.9436
  Epoch  43/50 | val loss=0.2493 auc=0.9592 ap=0.9909 f1=0.9296
  Epoch  44/50 | val loss=0.2390 auc=0.9596 ap=0.9910 f1=0.9332
  Epoch  45/50 | val loss=0.2151 auc=0.9605 ap=0.9912 f1=0.9416
    -> Saved best model (val AUC=0.9605)
  Epoch  46/50 | val loss=0.2402 auc=0.9594 ap=0.9910 f1=0.9338
  Epoch  47/50 | val loss=0.2562 auc=0.9590 ap=0.9909 f1=0.9292
  Epoch  48/50 | val loss=0.2297 auc=0.9600 ap=0.9911 f1=0.9362
  Epoch  49/50 | val loss=0.1971 auc=0.9605 ap=0.9911 f1=0.9495
    -> Saved best model (val AUC=0.9605)
  Epoch  50/50 | val loss=0.2201 auc=0.9601 ap=0.9911 f1=0.9395

============================================================
Run=thr_80_layer_norm_l2_0.0001  Fold=3
============================================================
  Loaded 234,790 rows from /user/hasmig.aintablian01/u26864/.project/dir.project/hasmig/data/combined_dendrogram_splits/80/splits/fold_3/train.parquet
  Loaded 5,872 rows from /user/hasmig.aintablian01/u26864/.project/dir.project/hasmig/data/combined_dendrogram_splits/80/splits/fold_3/val.parquet
  Epoch   1/50 | val loss=0.2714 auc=0.9574 ap=0.9610 f1=0.8829
    -> Saved best model (val AUC=0.9574)
  Epoch   2/50 | val loss=0.2792 auc=0.9584 ap=0.9623 f1=0.8942
    -> Saved best model (val AUC=0.9584)
  Epoch   3/50 | val loss=0.2550 auc=0.9629 ap=0.9660 f1=0.9048
    -> Saved best model (val AUC=0.9629)
  Epoch   4/50 | val loss=0.2428 auc=0.9659 ap=0.9683 f1=0.9103
    -> Saved best model (val AUC=0.9659)
  Epoch   5/50 | val loss=0.2291 auc=0.9683 ap=0.9701 f1=0.9151
    -> Saved best model (val AUC=0.9683)
  Epoch   6/50 | val loss=0.2238 auc=0.9695 ap=0.9709 f1=0.9159
    -> Saved best model (val AUC=0.9695)
  Epoch   7/50 | val loss=0.2253 auc=0.9702 ap=0.9712 f1=0.9114
    -> Saved best model (val AUC=0.9702)
  Epoch   8/50 | val loss=0.2236 auc=0.9698 ap=0.9710 f1=0.9142
  Epoch   9/50 | val loss=0.2274 auc=0.9695 ap=0.9707 f1=0.9107
  Epoch  10/50 | val loss=0.2279 auc=0.9691 ap=0.9704 f1=0.9112
  Epoch  11/50 | val loss=0.2476 auc=0.9687 ap=0.9701 f1=0.8964
  Epoch  12/50 | val loss=0.2296 auc=0.9684 ap=0.9698 f1=0.9120
  Epoch  13/50 | val loss=0.2426 auc=0.9677 ap=0.9694 f1=0.9046
  Epoch  14/50 | val loss=0.2422 auc=0.9679 ap=0.9694 f1=0.9051
  Epoch  15/50 | val loss=0.2410 auc=0.9681 ap=0.9695 f1=0.9061
  Epoch  16/50 | val loss=0.2325 auc=0.9671 ap=0.9688 f1=0.9106
  Epoch  17/50 | val loss=0.2426 auc=0.9668 ap=0.9687 f1=0.9069
  Epoch  18/50 | val loss=0.2411 auc=0.9675 ap=0.9691 f1=0.9059
  Epoch  19/50 | val loss=0.2447 auc=0.9668 ap=0.9687 f1=0.9061
  Epoch  20/50 | val loss=0.2418 auc=0.9667 ap=0.9686 f1=0.9071
  Epoch  21/50 | val loss=0.2483 auc=0.9672 ap=0.9689 f1=0.9023
  Epoch  22/50 | val loss=0.2553 auc=0.9670 ap=0.9688 f1=0.8969
  Epoch  23/50 | val loss=0.2625 auc=0.9660 ap=0.9681 f1=0.8932
  Epoch  24/50 | val loss=0.2439 auc=0.9666 ap=0.9685 f1=0.9062
  Epoch  25/50 | val loss=0.2461 auc=0.9663 ap=0.9683 f1=0.9030
  Epoch  26/50 | val loss=0.2445 auc=0.9660 ap=0.9680 f1=0.9082
  Epoch  27/50 | val loss=0.2532 auc=0.9663 ap=0.9683 f1=0.9003
  Epoch  28/50 | val loss=0.2573 auc=0.9662 ap=0.9681 f1=0.8987
  Epoch  29/50 | val loss=0.2495 auc=0.9666 ap=0.9683 f1=0.9010
  Epoch  30/50 | val loss=0.2435 auc=0.9662 ap=0.9679 f1=0.9074
  Epoch  31/50 | val loss=0.2513 auc=0.9663 ap=0.9679 f1=0.9013
  Epoch  32/50 | val loss=0.2518 auc=0.9664 ap=0.9679 f1=0.9002
  Epoch  33/50 | val loss=0.2538 auc=0.9661 ap=0.9675 f1=0.8973
  Epoch  34/50 | val loss=0.2460 auc=0.9659 ap=0.9672 f1=0.9052
  Epoch  35/50 | val loss=0.2606 auc=0.9659 ap=0.9673 f1=0.8942
  Epoch  36/50 | val loss=0.2463 auc=0.9660 ap=0.9673 f1=0.9052
  Epoch  37/50 | val loss=0.2679 auc=0.9663 ap=0.9674 f1=0.8875
  Epoch  38/50 | val loss=0.2781 auc=0.9661 ap=0.9672 f1=0.8802
  Epoch  39/50 | val loss=0.2554 auc=0.9662 ap=0.9673 f1=0.8944
  Epoch  40/50 | val loss=0.2570 auc=0.9658 ap=0.9669 f1=0.8939
  Epoch  41/50 | val loss=0.2564 auc=0.9659 ap=0.9670 f1=0.8949
  Epoch  42/50 | val loss=0.2727 auc=0.9661 ap=0.9671 f1=0.8854
  Epoch  43/50 | val loss=0.2783 auc=0.9662 ap=0.9672 f1=0.8816
  Epoch  44/50 | val loss=0.2532 auc=0.9659 ap=0.9670 f1=0.8984
  Epoch  45/50 | val loss=0.2547 auc=0.9660 ap=0.9671 f1=0.8979
  Epoch  46/50 | val loss=0.2546 auc=0.9659 ap=0.9670 f1=0.8956
  Epoch  47/50 | val loss=0.2509 auc=0.9660 ap=0.9671 f1=0.8980
  Epoch  48/50 | val loss=0.2618 auc=0.9662 ap=0.9671 f1=0.8915
  Epoch  49/50 | val loss=0.2511 auc=0.9660 ap=0.9671 f1=0.9019
  Epoch  50/50 | val loss=0.2645 auc=0.9661 ap=0.9671 f1=0.8903

============================================================
Run=thr_80_layer_norm_l2_0.0001  Fold=4
============================================================
  Loaded 227,911 rows from /user/hasmig.aintablian01/u26864/.project/dir.project/hasmig/data/combined_dendrogram_splits/80/splits/fold_4/train.parquet
  Loaded 10,668 rows from /user/hasmig.aintablian01/u26864/.project/dir.project/hasmig/data/combined_dendrogram_splits/80/splits/fold_4/val.parquet
  Epoch   1/50 | val loss=0.2731 auc=0.9343 ap=0.9796 f1=0.9279
    -> Saved best model (val AUC=0.9343)
  Epoch   2/50 | val loss=0.2732 auc=0.9361 ap=0.9802 f1=0.9274
    -> Saved best model (val AUC=0.9361)
  Epoch   3/50 | val loss=0.2708 auc=0.9361 ap=0.9801 f1=0.9275
  Epoch   4/50 | val loss=0.2667 auc=0.9379 ap=0.9809 f1=0.9305
    -> Saved best model (val AUC=0.9379)
  Epoch   5/50 | val loss=0.2640 auc=0.9383 ap=0.9810 f1=0.9315
    -> Saved best model (val AUC=0.9383)
  Epoch   6/50 | val loss=0.2653 auc=0.9381 ap=0.9806 f1=0.9300
  Epoch   7/50 | val loss=0.2589 auc=0.9384 ap=0.9806 f1=0.9342
    -> Saved best model (val AUC=0.9384)
  Epoch   8/50 | val loss=0.2564 auc=0.9413 ap=0.9818 f1=0.9347
    -> Saved best model (val AUC=0.9413)
  Epoch   9/50 | val loss=0.2657 auc=0.9420 ap=0.9821 f1=0.9298
    -> Saved best model (val AUC=0.9420)
  Epoch  10/50 | val loss=0.2580 auc=0.9437 ap=0.9829 f1=0.9339
    -> Saved best model (val AUC=0.9437)
  Epoch  11/50 | val loss=0.2496 auc=0.9451 ap=0.9835 f1=0.9378
    -> Saved best model (val AUC=0.9451)
  Epoch  12/50 | val loss=0.2483 auc=0.9455 ap=0.9837 f1=0.9380
    -> Saved best model (val AUC=0.9455)
  Epoch  13/50 | val loss=0.2526 auc=0.9455 ap=0.9836 f1=0.9353
  Epoch  14/50 | val loss=0.2473 auc=0.9468 ap=0.9841 f1=0.9377
    -> Saved best model (val AUC=0.9468)
  Epoch  15/50 | val loss=0.2324 auc=0.9494 ap=0.9849 f1=0.9414
    -> Saved best model (val AUC=0.9494)
  Epoch  16/50 | val loss=0.2369 auc=0.9517 ap=0.9853 f1=0.9383
    -> Saved best model (val AUC=0.9517)
  Epoch  17/50 | val loss=0.2287 auc=0.9568 ap=0.9869 f1=0.9394
    -> Saved best model (val AUC=0.9568)
  Epoch  18/50 | val loss=0.2077 auc=0.9595 ap=0.9878 f1=0.9452
    -> Saved best model (val AUC=0.9595)
  Epoch  19/50 | val loss=0.2090 auc=0.9601 ap=0.9881 f1=0.9448
    -> Saved best model (val AUC=0.9601)
  Epoch  20/50 | val loss=0.2340 auc=0.9604 ap=0.9882 f1=0.9355
    -> Saved best model (val AUC=0.9604)
  Epoch  21/50 | val loss=0.2099 auc=0.9611 ap=0.9884 f1=0.9448
    -> Saved best model (val AUC=0.9611)
  Epoch  22/50 | val loss=0.2252 auc=0.9604 ap=0.9882 f1=0.9387
  Epoch  23/50 | val loss=0.2073 auc=0.9612 ap=0.9884 f1=0.9449
    -> Saved best model (val AUC=0.9612)
  Epoch  24/50 | val loss=0.2213 auc=0.9607 ap=0.9883 f1=0.9399
  Epoch  25/50 | val loss=0.2080 auc=0.9613 ap=0.9885 f1=0.9460
    -> Saved best model (val AUC=0.9613)
  Epoch  26/50 | val loss=0.2329 auc=0.9616 ap=0.9887 f1=0.9356
    -> Saved best model (val AUC=0.9616)
  Epoch  27/50 | val loss=0.2233 auc=0.9616 ap=0.9887 f1=0.9391
    -> Saved best model (val AUC=0.9616)
  Epoch  28/50 | val loss=0.2246 auc=0.9611 ap=0.9885 f1=0.9384
  Epoch  29/50 | val loss=0.2076 auc=0.9605 ap=0.9884 f1=0.9464
  Epoch  30/50 | val loss=0.2083 auc=0.9615 ap=0.9887 f1=0.9454
  Epoch  31/50 | val loss=0.2061 auc=0.9622 ap=0.9889 f1=0.9452
    -> Saved best model (val AUC=0.9622)
  Epoch  32/50 | val loss=0.2225 auc=0.9625 ap=0.9891 f1=0.9388
    -> Saved best model (val AUC=0.9625)
  Epoch  33/50 | val loss=0.2115 auc=0.9617 ap=0.9888 f1=0.9430
  Epoch  34/50 | val loss=0.2060 auc=0.9638 ap=0.9895 f1=0.9439
    -> Saved best model (val AUC=0.9638)
  Epoch  35/50 | val loss=0.2078 auc=0.9637 ap=0.9895 f1=0.9439
  Epoch  36/50 | val loss=0.2050 auc=0.9629 ap=0.9893 f1=0.9451
  Epoch  37/50 | val loss=0.2308 auc=0.9636 ap=0.9895 f1=0.9339
  Epoch  38/50 | val loss=0.2010 auc=0.9632 ap=0.9894 f1=0.9466
  Epoch  39/50 | val loss=0.2053 auc=0.9637 ap=0.9895 f1=0.9441
  Epoch  40/50 | val loss=0.2035 auc=0.9633 ap=0.9894 f1=0.9457
  Epoch  41/50 | val loss=0.2066 auc=0.9639 ap=0.9896 f1=0.9442
    -> Saved best model (val AUC=0.9639)
  Epoch  42/50 | val loss=0.2157 auc=0.9641 ap=0.9897 f1=0.9403
    -> Saved best model (val AUC=0.9641)
  Epoch  43/50 | val loss=0.2191 auc=0.9633 ap=0.9894 f1=0.9387
  Epoch  44/50 | val loss=0.2065 auc=0.9627 ap=0.9893 f1=0.9444
  Epoch  45/50 | val loss=0.2156 auc=0.9637 ap=0.9896 f1=0.9406
  Epoch  46/50 | val loss=0.1998 auc=0.9622 ap=0.9891 f1=0.9482
  Epoch  47/50 | val loss=0.2106 auc=0.9640 ap=0.9896 f1=0.9417
  Epoch  48/50 | val loss=0.2221 auc=0.9634 ap=0.9895 f1=0.9370
  Epoch  49/50 | val loss=0.1985 auc=0.9630 ap=0.9893 f1=0.9478
  Epoch  50/50 | val loss=0.2007 auc=0.9639 ap=0.9895 f1=0.9458

============================================================
Run=thr_80_layer_norm_l2_0.0001 -- Retraining final model on all folds combined
============================================================
  Combined dataset: 241,733 rows
  Loaded 241,733 rows from /user/hasmig.aintablian01/u26864/.project/dir.project/hasmig/pmhc-binding-prediction/results/02_baseline_lr/thr_80_layer_norm_l2_0.0001/combined_train.parquet
  Final model epoch 10/50
  Final model epoch 20/50
  Final model epoch 30/50
  Final model epoch 40/50
  Final model epoch 50/50
  Loaded 8,133 rows from /user/hasmig.aintablian01/u26864/.project/dir.project/hasmig/data/combined_dendrogram_splits/80/splits/test/test.parquet
  Test | auc=0.9662 ap=0.9940 f1=0.9589 precision=0.9746 recall=0.9437 tpr@fpr10=0.9193

Metrics saved to /user/hasmig.aintablian01/u26864/.project/dir.project/hasmig/pmhc-binding-prediction/results/02_baseline_lr/all_metrics.csv  (138 rows total)

=== Summary (median val AUC per threshold / config) ===
threshold  layer_norm  regularization
50         False       l1                0.9536
                       l2                0.9560
                       none              0.9581
           True        l1                0.9512
                       l2                0.9596
                       none              0.9629
60         False       l1                0.9551
                       l2                0.9462
                       none              0.9620
           True        l1                0.9608
                       l2                0.9577
                       none              0.9659
70         False       l1                0.9612
                       l2                0.9573
                       none              0.9613
           True        l1                0.9617
                       l2                0.9667
                       none              0.9679
80         False       l1                0.9569
                       l2                0.9588
                       none              0.9658
           True        none              0.9638
                       l2                0.9702
============ Job Information ===================================================
Submitted: 2026-05-14T13:37:39
Started: 2026-05-14T15:26:48
Ended: 2026-05-14T17:35:06
Elapsed: 129 min, Limit: 720 min, Difference: 591 min
CPUs: 4, Nodes: 1
Estimated credit Consumption: 322.50 core-hours
================================================================================
