================================================================================
JobID = 13801214
User = u26864, Account = scc_mgmn_soeding
Partition = scc-gpu, Nodelist = ggpu142
================================================================================
Using device: cuda
Config: layer_norm=False, regularization=l1, reg_lambda=0.0001
Model parameters: 97

============================================================
Run=thr_60_l1_0.0001  Fold=0
============================================================
  Loaded 194,474 rows from /user/hasmig.aintablian01/u26864/.project/dir.project/hasmig/data/combined_dendrogram_splits/60/splits/fold_0/train.parquet
  Loaded 15,333 rows from /user/hasmig.aintablian01/u26864/.project/dir.project/hasmig/data/combined_dendrogram_splits/60/splits/fold_0/val.parquet
  Epoch   1/50 | val loss=0.2952 auc=0.9206 ap=0.9803 f1=0.9241
    -> Saved best model (val AUC=0.9206)
  Epoch   2/50 | val loss=0.2779 auc=0.9265 ap=0.9818 f1=0.9296
    -> Saved best model (val AUC=0.9265)
  Epoch   3/50 | val loss=0.2774 auc=0.9300 ap=0.9827 f1=0.9291
    -> Saved best model (val AUC=0.9300)
  Epoch   4/50 | val loss=0.2654 auc=0.9354 ap=0.9844 f1=0.9336
    -> Saved best model (val AUC=0.9354)
  Epoch   5/50 | val loss=0.2551 auc=0.9412 ap=0.9860 f1=0.9382
    -> Saved best model (val AUC=0.9412)
  Epoch   6/50 | val loss=0.2313 auc=0.9459 ap=0.9872 f1=0.9466
    -> Saved best model (val AUC=0.9459)
  Epoch   7/50 | val loss=0.2277 auc=0.9483 ap=0.9878 f1=0.9479
    -> Saved best model (val AUC=0.9483)
  Epoch   8/50 | val loss=0.2203 auc=0.9493 ap=0.9881 f1=0.9494
    -> Saved best model (val AUC=0.9493)
  Epoch   9/50 | val loss=0.2172 auc=0.9501 ap=0.9883 f1=0.9500
    -> Saved best model (val AUC=0.9501)
  Epoch  10/50 | val loss=0.2236 auc=0.9507 ap=0.9885 f1=0.9488
    -> Saved best model (val AUC=0.9507)
  Epoch  11/50 | val loss=0.2197 auc=0.9514 ap=0.9886 f1=0.9497
    -> Saved best model (val AUC=0.9514)
  Epoch  12/50 | val loss=0.2197 auc=0.9520 ap=0.9888 f1=0.9499
    -> Saved best model (val AUC=0.9520)
  Epoch  13/50 | val loss=0.2216 auc=0.9521 ap=0.9888 f1=0.9497
    -> Saved best model (val AUC=0.9521)
  Epoch  14/50 | val loss=0.2323 auc=0.9526 ap=0.9889 f1=0.9481
    -> Saved best model (val AUC=0.9526)
  Epoch  15/50 | val loss=0.2080 auc=0.9526 ap=0.9889 f1=0.9521
  Epoch  16/50 | val loss=0.2158 auc=0.9530 ap=0.9890 f1=0.9514
    -> Saved best model (val AUC=0.9530)
  Epoch  17/50 | val loss=0.2085 auc=0.9531 ap=0.9890 f1=0.9526
    -> Saved best model (val AUC=0.9531)
  Epoch  18/50 | val loss=0.2250 auc=0.9531 ap=0.9890 f1=0.9495
    -> Saved best model (val AUC=0.9531)
  Epoch  19/50 | val loss=0.2229 auc=0.9535 ap=0.9891 f1=0.9502
    -> Saved best model (val AUC=0.9535)
  Epoch  20/50 | val loss=0.2159 auc=0.9534 ap=0.9891 f1=0.9516
  Epoch  21/50 | val loss=0.2103 auc=0.9534 ap=0.9891 f1=0.9525
  Epoch  22/50 | val loss=0.2107 auc=0.9538 ap=0.9892 f1=0.9526
    -> Saved best model (val AUC=0.9538)
  Epoch  23/50 | val loss=0.2230 auc=0.9537 ap=0.9892 f1=0.9500
  Epoch  24/50 | val loss=0.2131 auc=0.9535 ap=0.9891 f1=0.9519
  Epoch  25/50 | val loss=0.2123 auc=0.9537 ap=0.9892 f1=0.9520
  Epoch  26/50 | val loss=0.2122 auc=0.9538 ap=0.9892 f1=0.9522
    -> Saved best model (val AUC=0.9538)
  Epoch  27/50 | val loss=0.2184 auc=0.9538 ap=0.9891 f1=0.9510
  Epoch  28/50 | val loss=0.2131 auc=0.9538 ap=0.9891 f1=0.9518
  Epoch  29/50 | val loss=0.2221 auc=0.9538 ap=0.9892 f1=0.9502
  Epoch  30/50 | val loss=0.2201 auc=0.9541 ap=0.9892 f1=0.9502
    -> Saved best model (val AUC=0.9541)
  Epoch  31/50 | val loss=0.2121 auc=0.9541 ap=0.9893 f1=0.9523
    -> Saved best model (val AUC=0.9541)
  Epoch  32/50 | val loss=0.2161 auc=0.9540 ap=0.9892 f1=0.9510
  Epoch  33/50 | val loss=0.2172 auc=0.9541 ap=0.9892 f1=0.9513
  Epoch  34/50 | val loss=0.2211 auc=0.9544 ap=0.9893 f1=0.9502
    -> Saved best model (val AUC=0.9544)
  Epoch  35/50 | val loss=0.2178 auc=0.9543 ap=0.9893 f1=0.9509
  Epoch  36/50 | val loss=0.2178 auc=0.9541 ap=0.9892 f1=0.9508
  Epoch  37/50 | val loss=0.2054 auc=0.9543 ap=0.9893 f1=0.9534
  Epoch  38/50 | val loss=0.2262 auc=0.9547 ap=0.9893 f1=0.9492
    -> Saved best model (val AUC=0.9547)
  Epoch  39/50 | val loss=0.2213 auc=0.9544 ap=0.9893 f1=0.9505
  Epoch  40/50 | val loss=0.2110 auc=0.9546 ap=0.9893 f1=0.9524
  Epoch  41/50 | val loss=0.2099 auc=0.9547 ap=0.9893 f1=0.9528
  Epoch  42/50 | val loss=0.2088 auc=0.9545 ap=0.9893 f1=0.9528
  Epoch  43/50 | val loss=0.2096 auc=0.9548 ap=0.9894 f1=0.9526
    -> Saved best model (val AUC=0.9548)
  Epoch  44/50 | val loss=0.2156 auc=0.9548 ap=0.9894 f1=0.9515
  Epoch  45/50 | val loss=0.2071 auc=0.9548 ap=0.9894 f1=0.9533
  Epoch  46/50 | val loss=0.2332 auc=0.9549 ap=0.9894 f1=0.9472
    -> Saved best model (val AUC=0.9549)
  Epoch  47/50 | val loss=0.2154 auc=0.9551 ap=0.9894 f1=0.9517
    -> Saved best model (val AUC=0.9551)
  Epoch  48/50 | val loss=0.2078 auc=0.9550 ap=0.9894 f1=0.9536
  Epoch  49/50 | val loss=0.2090 auc=0.9548 ap=0.9893 f1=0.9532
  Epoch  50/50 | val loss=0.2113 auc=0.9550 ap=0.9894 f1=0.9526

============================================================
Run=thr_60_l1_0.0001  Fold=1
============================================================
  Loaded 211,449 rows from /user/hasmig.aintablian01/u26864/.project/dir.project/hasmig/data/combined_dendrogram_splits/60/splits/fold_1/train.parquet
  Loaded 6,588 rows from /user/hasmig.aintablian01/u26864/.project/dir.project/hasmig/data/combined_dendrogram_splits/60/splits/fold_1/val.parquet
  Epoch   1/50 | val loss=0.2747 auc=0.9265 ap=0.9877 f1=0.9320
    -> Saved best model (val AUC=0.9265)
  Epoch   2/50 | val loss=0.2999 auc=0.9346 ap=0.9893 f1=0.9200
    -> Saved best model (val AUC=0.9346)
  Epoch   3/50 | val loss=0.2363 auc=0.9501 ap=0.9920 f1=0.9459
    -> Saved best model (val AUC=0.9501)
  Epoch   4/50 | val loss=0.2161 auc=0.9561 ap=0.9931 f1=0.9528
    -> Saved best model (val AUC=0.9561)
  Epoch   5/50 | val loss=0.2331 auc=0.9586 ap=0.9935 f1=0.9485
    -> Saved best model (val AUC=0.9586)
  Epoch   6/50 | val loss=0.2010 auc=0.9600 ap=0.9938 f1=0.9584
    -> Saved best model (val AUC=0.9600)
  Epoch   7/50 | val loss=0.1906 auc=0.9606 ap=0.9939 f1=0.9616
    -> Saved best model (val AUC=0.9606)
  Epoch   8/50 | val loss=0.2102 auc=0.9613 ap=0.9940 f1=0.9564
    -> Saved best model (val AUC=0.9613)
  Epoch   9/50 | val loss=0.1902 auc=0.9619 ap=0.9941 f1=0.9621
    -> Saved best model (val AUC=0.9619)
  Epoch  10/50 | val loss=0.1975 auc=0.9621 ap=0.9942 f1=0.9606
    -> Saved best model (val AUC=0.9621)
  Epoch  11/50 | val loss=0.2056 auc=0.9625 ap=0.9942 f1=0.9581
    -> Saved best model (val AUC=0.9625)
  Epoch  12/50 | val loss=0.1991 auc=0.9628 ap=0.9943 f1=0.9602
    -> Saved best model (val AUC=0.9628)
  Epoch  13/50 | val loss=0.2085 auc=0.9628 ap=0.9943 f1=0.9570
  Epoch  14/50 | val loss=0.1866 auc=0.9632 ap=0.9943 f1=0.9629
    -> Saved best model (val AUC=0.9632)
  Epoch  15/50 | val loss=0.2108 auc=0.9633 ap=0.9944 f1=0.9571
    -> Saved best model (val AUC=0.9633)
  Epoch  16/50 | val loss=0.2063 auc=0.9633 ap=0.9944 f1=0.9588
  Epoch  17/50 | val loss=0.1720 auc=0.9640 ap=0.9945 f1=0.9643
    -> Saved best model (val AUC=0.9640)
  Epoch  18/50 | val loss=0.2093 auc=0.9639 ap=0.9945 f1=0.9573
  Epoch  19/50 | val loss=0.2136 auc=0.9640 ap=0.9945 f1=0.9571
    -> Saved best model (val AUC=0.9640)
  Epoch  20/50 | val loss=0.2188 auc=0.9645 ap=0.9946 f1=0.9553
    -> Saved best model (val AUC=0.9645)
  Epoch  21/50 | val loss=0.1931 auc=0.9655 ap=0.9947 f1=0.9621
    -> Saved best model (val AUC=0.9655)
  Epoch  22/50 | val loss=0.1900 auc=0.9672 ap=0.9950 f1=0.9622
    -> Saved best model (val AUC=0.9672)
  Epoch  23/50 | val loss=0.1844 auc=0.9676 ap=0.9951 f1=0.9627
    -> Saved best model (val AUC=0.9676)
  Epoch  24/50 | val loss=0.1964 auc=0.9674 ap=0.9951 f1=0.9606
  Epoch  25/50 | val loss=0.1744 auc=0.9678 ap=0.9951 f1=0.9647
    -> Saved best model (val AUC=0.9678)
  Epoch  26/50 | val loss=0.2106 auc=0.9676 ap=0.9951 f1=0.9575
  Epoch  27/50 | val loss=0.2023 auc=0.9676 ap=0.9951 f1=0.9597
  Epoch  28/50 | val loss=0.1719 auc=0.9681 ap=0.9952 f1=0.9653
    -> Saved best model (val AUC=0.9681)
  Epoch  29/50 | val loss=0.2022 auc=0.9683 ap=0.9952 f1=0.9596
    -> Saved best model (val AUC=0.9683)
  Epoch  30/50 | val loss=0.1867 auc=0.9679 ap=0.9951 f1=0.9618
  Epoch  31/50 | val loss=0.2017 auc=0.9681 ap=0.9952 f1=0.9600
  Epoch  32/50 | val loss=0.1750 auc=0.9675 ap=0.9951 f1=0.9648
  Epoch  33/50 | val loss=0.1645 auc=0.9679 ap=0.9951 f1=0.9663
  Epoch  34/50 | val loss=0.1855 auc=0.9681 ap=0.9952 f1=0.9629
  Epoch  35/50 | val loss=0.1709 auc=0.9679 ap=0.9951 f1=0.9651
  Epoch  36/50 | val loss=0.2152 auc=0.9680 ap=0.9951 f1=0.9570
  Epoch  37/50 | val loss=0.1692 auc=0.9680 ap=0.9951 f1=0.9655
  Epoch  38/50 | val loss=0.2118 auc=0.9682 ap=0.9952 f1=0.9583
  Epoch  39/50 | val loss=0.2131 auc=0.9683 ap=0.9952 f1=0.9583
  Epoch  40/50 | val loss=0.1874 auc=0.9679 ap=0.9951 f1=0.9625
  Epoch  41/50 | val loss=0.2216 auc=0.9683 ap=0.9952 f1=0.9552
    -> Saved best model (val AUC=0.9683)
  Epoch  42/50 | val loss=0.1702 auc=0.9682 ap=0.9952 f1=0.9654
  Epoch  43/50 | val loss=0.1986 auc=0.9679 ap=0.9951 f1=0.9604
  Epoch  44/50 | val loss=0.2262 auc=0.9680 ap=0.9951 f1=0.9533
  Epoch  45/50 | val loss=0.1705 auc=0.9683 ap=0.9952 f1=0.9652
    -> Saved best model (val AUC=0.9683)
  Epoch  46/50 | val loss=0.1996 auc=0.9681 ap=0.9952 f1=0.9606
  Epoch  47/50 | val loss=0.2218 auc=0.9685 ap=0.9952 f1=0.9560
    -> Saved best model (val AUC=0.9685)
  Epoch  48/50 | val loss=0.1919 auc=0.9678 ap=0.9951 f1=0.9620
  Epoch  49/50 | val loss=0.1697 auc=0.9685 ap=0.9952 f1=0.9658
    -> Saved best model (val AUC=0.9685)
  Epoch  50/50 | val loss=0.2119 auc=0.9683 ap=0.9952 f1=0.9581

============================================================
Run=thr_60_l1_0.0001  Fold=2
============================================================
  Loaded 201,343 rows from /user/hasmig.aintablian01/u26864/.project/dir.project/hasmig/data/combined_dendrogram_splits/60/splits/fold_2/train.parquet
  Loaded 8,806 rows from /user/hasmig.aintablian01/u26864/.project/dir.project/hasmig/data/combined_dendrogram_splits/60/splits/fold_2/val.parquet
  Epoch   1/50 | val loss=0.2434 auc=0.9449 ap=0.9903 f1=0.9381
    -> Saved best model (val AUC=0.9449)
  Epoch   2/50 | val loss=0.2682 auc=0.9430 ap=0.9900 f1=0.9321
  Epoch   3/50 | val loss=0.2578 auc=0.9412 ap=0.9896 f1=0.9358
  Epoch   4/50 | val loss=0.2482 auc=0.9410 ap=0.9895 f1=0.9385
  Epoch   5/50 | val loss=0.2865 auc=0.9409 ap=0.9895 f1=0.9262
  Epoch   6/50 | val loss=0.2351 auc=0.9415 ap=0.9896 f1=0.9430
  Epoch   7/50 | val loss=0.2550 auc=0.9417 ap=0.9897 f1=0.9374
  Epoch   8/50 | val loss=0.2460 auc=0.9421 ap=0.9898 f1=0.9402
  Epoch   9/50 | val loss=0.2496 auc=0.9425 ap=0.9899 f1=0.9390
  Epoch  10/50 | val loss=0.2548 auc=0.9426 ap=0.9899 f1=0.9364
  Epoch  11/50 | val loss=0.2462 auc=0.9429 ap=0.9900 f1=0.9396
  Epoch  12/50 | val loss=0.2342 auc=0.9435 ap=0.9901 f1=0.9429
  Epoch  13/50 | val loss=0.2504 auc=0.9435 ap=0.9901 f1=0.9379
  Epoch  14/50 | val loss=0.2426 auc=0.9440 ap=0.9902 f1=0.9408
  Epoch  15/50 | val loss=0.2447 auc=0.9434 ap=0.9901 f1=0.9398
  Epoch  16/50 | val loss=0.2403 auc=0.9437 ap=0.9901 f1=0.9412
  Epoch  17/50 | val loss=0.2327 auc=0.9439 ap=0.9902 f1=0.9441
  Epoch  18/50 | val loss=0.2530 auc=0.9438 ap=0.9902 f1=0.9368
  Epoch  19/50 | val loss=0.2303 auc=0.9435 ap=0.9901 f1=0.9445
  Epoch  20/50 | val loss=0.2351 auc=0.9443 ap=0.9903 f1=0.9436
  Epoch  21/50 | val loss=0.2468 auc=0.9437 ap=0.9902 f1=0.9386
  Epoch  22/50 | val loss=0.2472 auc=0.9442 ap=0.9903 f1=0.9386
  Epoch  23/50 | val loss=0.2557 auc=0.9445 ap=0.9903 f1=0.9359
  Epoch  24/50 | val loss=0.2598 auc=0.9441 ap=0.9903 f1=0.9343
  Epoch  25/50 | val loss=0.2484 auc=0.9441 ap=0.9903 f1=0.9383
  Epoch  26/50 | val loss=0.2301 auc=0.9443 ap=0.9903 f1=0.9450
  Epoch  27/50 | val loss=0.2821 auc=0.9442 ap=0.9903 f1=0.9257
  Epoch  28/50 | val loss=0.2410 auc=0.9442 ap=0.9903 f1=0.9408
  Epoch  29/50 | val loss=0.2529 auc=0.9441 ap=0.9903 f1=0.9365
  Epoch  30/50 | val loss=0.2381 auc=0.9445 ap=0.9904 f1=0.9414
  Epoch  31/50 | val loss=0.2660 auc=0.9442 ap=0.9903 f1=0.9317
  Epoch  32/50 | val loss=0.2450 auc=0.9443 ap=0.9903 f1=0.9389
  Epoch  33/50 | val loss=0.2478 auc=0.9446 ap=0.9904 f1=0.9383
  Epoch  34/50 | val loss=0.2725 auc=0.9446 ap=0.9904 f1=0.9285
  Epoch  35/50 | val loss=0.2439 auc=0.9445 ap=0.9904 f1=0.9392
  Epoch  36/50 | val loss=0.2190 auc=0.9443 ap=0.9903 f1=0.9482
  Epoch  37/50 | val loss=0.2743 auc=0.9443 ap=0.9903 f1=0.9278
  Epoch  38/50 | val loss=0.2437 auc=0.9448 ap=0.9904 f1=0.9394
  Epoch  39/50 | val loss=0.2508 auc=0.9442 ap=0.9903 f1=0.9372
  Epoch  40/50 | val loss=0.2593 auc=0.9443 ap=0.9903 f1=0.9339
  Epoch  41/50 | val loss=0.2877 auc=0.9447 ap=0.9904 f1=0.9237
  Epoch  42/50 | val loss=0.2904 auc=0.9449 ap=0.9904 f1=0.9230
  Epoch  43/50 | val loss=0.2355 auc=0.9445 ap=0.9904 f1=0.9428
  Epoch  44/50 | val loss=0.2375 auc=0.9446 ap=0.9904 f1=0.9422
  Epoch  45/50 | val loss=0.2488 auc=0.9448 ap=0.9904 f1=0.9379
  Epoch  46/50 | val loss=0.2279 auc=0.9449 ap=0.9904 f1=0.9459
    -> Saved best model (val AUC=0.9449)
  Epoch  47/50 | val loss=0.2477 auc=0.9448 ap=0.9904 f1=0.9385
  Epoch  48/50 | val loss=0.2510 auc=0.9449 ap=0.9904 f1=0.9373
  Epoch  49/50 | val loss=0.2376 auc=0.9449 ap=0.9904 f1=0.9422
  Epoch  50/50 | val loss=0.2764 auc=0.9446 ap=0.9904 f1=0.9266

============================================================
Run=thr_60_l1_0.0001  Fold=3
============================================================
  Loaded 195,689 rows from /user/hasmig.aintablian01/u26864/.project/dir.project/hasmig/data/combined_dendrogram_splits/60/splits/fold_3/train.parquet
  Loaded 6,082 rows from /user/hasmig.aintablian01/u26864/.project/dir.project/hasmig/data/combined_dendrogram_splits/60/splits/fold_3/val.parquet
  Epoch   1/50 | val loss=0.3032 auc=0.9485 ap=0.9591 f1=0.8803
    -> Saved best model (val AUC=0.9485)
  Epoch   2/50 | val loss=0.2974 auc=0.9469 ap=0.9598 f1=0.8938
  Epoch   3/50 | val loss=0.2829 auc=0.9506 ap=0.9622 f1=0.8946
    -> Saved best model (val AUC=0.9506)
  Epoch   4/50 | val loss=0.2608 auc=0.9580 ap=0.9663 f1=0.9033
    -> Saved best model (val AUC=0.9580)
  Epoch   5/50 | val loss=0.2578 auc=0.9595 ap=0.9673 f1=0.9024
    -> Saved best model (val AUC=0.9595)
  Epoch   6/50 | val loss=0.2551 auc=0.9599 ap=0.9677 f1=0.9051
    -> Saved best model (val AUC=0.9599)
  Epoch   7/50 | val loss=0.2563 auc=0.9594 ap=0.9677 f1=0.9060
  Epoch   8/50 | val loss=0.2584 auc=0.9593 ap=0.9676 f1=0.9044
  Epoch   9/50 | val loss=0.2557 auc=0.9595 ap=0.9678 f1=0.9059
  Epoch  10/50 | val loss=0.2560 auc=0.9598 ap=0.9680 f1=0.9049
  Epoch  11/50 | val loss=0.2541 auc=0.9600 ap=0.9682 f1=0.9075
    -> Saved best model (val AUC=0.9600)
  Epoch  12/50 | val loss=0.2560 auc=0.9594 ap=0.9680 f1=0.9085
  Epoch  13/50 | val loss=0.2516 auc=0.9609 ap=0.9685 f1=0.9077
    -> Saved best model (val AUC=0.9609)
  Epoch  14/50 | val loss=0.2511 auc=0.9610 ap=0.9685 f1=0.9077
    -> Saved best model (val AUC=0.9610)
  Epoch  15/50 | val loss=0.2487 auc=0.9618 ap=0.9689 f1=0.9079
    -> Saved best model (val AUC=0.9618)
  Epoch  16/50 | val loss=0.2469 auc=0.9627 ap=0.9691 f1=0.9062
    -> Saved best model (val AUC=0.9627)
  Epoch  17/50 | val loss=0.2448 auc=0.9633 ap=0.9695 f1=0.9088
    -> Saved best model (val AUC=0.9633)
  Epoch  18/50 | val loss=0.2455 auc=0.9629 ap=0.9693 f1=0.9082
  Epoch  19/50 | val loss=0.2450 auc=0.9632 ap=0.9692 f1=0.9079
  Epoch  20/50 | val loss=0.2466 auc=0.9633 ap=0.9695 f1=0.9093
    -> Saved best model (val AUC=0.9633)
  Epoch  21/50 | val loss=0.2424 auc=0.9641 ap=0.9699 f1=0.9100
    -> Saved best model (val AUC=0.9641)
  Epoch  22/50 | val loss=0.2435 auc=0.9638 ap=0.9697 f1=0.9096
  Epoch  23/50 | val loss=0.2451 auc=0.9640 ap=0.9698 f1=0.9095
  Epoch  24/50 | val loss=0.2464 auc=0.9633 ap=0.9695 f1=0.9074
  Epoch  25/50 | val loss=0.2447 auc=0.9643 ap=0.9700 f1=0.9104
    -> Saved best model (val AUC=0.9643)
  Epoch  26/50 | val loss=0.2415 auc=0.9643 ap=0.9701 f1=0.9097
    -> Saved best model (val AUC=0.9643)
  Epoch  27/50 | val loss=0.2450 auc=0.9648 ap=0.9705 f1=0.9079
    -> Saved best model (val AUC=0.9648)
  Epoch  28/50 | val loss=0.2477 auc=0.9644 ap=0.9702 f1=0.9036
  Epoch  29/50 | val loss=0.2469 auc=0.9643 ap=0.9701 f1=0.9082
  Epoch  30/50 | val loss=0.2385 auc=0.9652 ap=0.9707 f1=0.9115
    -> Saved best model (val AUC=0.9652)
  Epoch  31/50 | val loss=0.2408 auc=0.9645 ap=0.9703 f1=0.9117
  Epoch  32/50 | val loss=0.2409 auc=0.9648 ap=0.9705 f1=0.9092
  Epoch  33/50 | val loss=0.2407 auc=0.9651 ap=0.9708 f1=0.9093
  Epoch  34/50 | val loss=0.2403 auc=0.9649 ap=0.9706 f1=0.9098
  Epoch  35/50 | val loss=0.2417 auc=0.9647 ap=0.9707 f1=0.9111
  Epoch  36/50 | val loss=0.2433 auc=0.9651 ap=0.9709 f1=0.9101
  Epoch  37/50 | val loss=0.2404 auc=0.9646 ap=0.9706 f1=0.9124
  Epoch  38/50 | val loss=0.2383 auc=0.9651 ap=0.9709 f1=0.9129
  Epoch  39/50 | val loss=0.2418 auc=0.9651 ap=0.9710 f1=0.9089
  Epoch  40/50 | val loss=0.2378 auc=0.9655 ap=0.9711 f1=0.9099
    -> Saved best model (val AUC=0.9655)
  Epoch  41/50 | val loss=0.2392 auc=0.9652 ap=0.9708 f1=0.9107
  Epoch  42/50 | val loss=0.2378 auc=0.9656 ap=0.9712 f1=0.9109
    -> Saved best model (val AUC=0.9656)
  Epoch  43/50 | val loss=0.2392 auc=0.9656 ap=0.9712 f1=0.9109
    -> Saved best model (val AUC=0.9656)
  Epoch  44/50 | val loss=0.2429 auc=0.9653 ap=0.9710 f1=0.9089
  Epoch  45/50 | val loss=0.2378 auc=0.9653 ap=0.9713 f1=0.9133
  Epoch  46/50 | val loss=0.2479 auc=0.9654 ap=0.9712 f1=0.9070
  Epoch  47/50 | val loss=0.2371 auc=0.9656 ap=0.9713 f1=0.9140
  Epoch  48/50 | val loss=0.2431 auc=0.9653 ap=0.9712 f1=0.9080
  Epoch  49/50 | val loss=0.2388 auc=0.9657 ap=0.9712 f1=0.9091
    -> Saved best model (val AUC=0.9657)
  Epoch  50/50 | val loss=0.2409 auc=0.9655 ap=0.9713 f1=0.9089

============================================================
Run=thr_60_l1_0.0001  Fold=4
============================================================
  Loaded 194,525 rows from /user/hasmig.aintablian01/u26864/.project/dir.project/hasmig/data/combined_dendrogram_splits/60/splits/fold_4/train.parquet
  Loaded 12,582 rows from /user/hasmig.aintablian01/u26864/.project/dir.project/hasmig/data/combined_dendrogram_splits/60/splits/fold_4/val.parquet
  Epoch   1/50 | val loss=0.2780 auc=0.9150 ap=0.9807 f1=0.9299
    -> Saved best model (val AUC=0.9150)
  Epoch   2/50 | val loss=0.2723 auc=0.9193 ap=0.9821 f1=0.9346
    -> Saved best model (val AUC=0.9193)
  Epoch   3/50 | val loss=0.2805 auc=0.9273 ap=0.9843 f1=0.9300
    -> Saved best model (val AUC=0.9273)
  Epoch   4/50 | val loss=0.2694 auc=0.9335 ap=0.9857 f1=0.9364
    -> Saved best model (val AUC=0.9335)
  Epoch   5/50 | val loss=0.2873 auc=0.9339 ap=0.9859 f1=0.9295
    -> Saved best model (val AUC=0.9339)
  Epoch   6/50 | val loss=0.2654 auc=0.9339 ap=0.9859 f1=0.9356
  Epoch   7/50 | val loss=0.2673 auc=0.9344 ap=0.9860 f1=0.9348
    -> Saved best model (val AUC=0.9344)
  Epoch   8/50 | val loss=0.2780 auc=0.9340 ap=0.9859 f1=0.9315
  Epoch   9/50 | val loss=0.2645 auc=0.9346 ap=0.9860 f1=0.9358
    -> Saved best model (val AUC=0.9346)
  Epoch  10/50 | val loss=0.2728 auc=0.9346 ap=0.9861 f1=0.9323
  Epoch  11/50 | val loss=0.2475 auc=0.9355 ap=0.9862 f1=0.9408
    -> Saved best model (val AUC=0.9355)
  Epoch  12/50 | val loss=0.2740 auc=0.9355 ap=0.9862 f1=0.9322
    -> Saved best model (val AUC=0.9355)
  Epoch  13/50 | val loss=0.2664 auc=0.9353 ap=0.9862 f1=0.9347
  Epoch  14/50 | val loss=0.2603 auc=0.9364 ap=0.9865 f1=0.9378
    -> Saved best model (val AUC=0.9364)
  Epoch  15/50 | val loss=0.2667 auc=0.9366 ap=0.9868 f1=0.9345
    -> Saved best model (val AUC=0.9366)
  Epoch  16/50 | val loss=0.2931 auc=0.9375 ap=0.9869 f1=0.9250
    -> Saved best model (val AUC=0.9375)
  Epoch  17/50 | val loss=0.2502 auc=0.9370 ap=0.9869 f1=0.9394
  Epoch  18/50 | val loss=0.2589 auc=0.9374 ap=0.9870 f1=0.9367
  Epoch  19/50 | val loss=0.2563 auc=0.9377 ap=0.9871 f1=0.9374
    -> Saved best model (val AUC=0.9377)
  Epoch  20/50 | val loss=0.2677 auc=0.9380 ap=0.9872 f1=0.9348
    -> Saved best model (val AUC=0.9380)
  Epoch  21/50 | val loss=0.2657 auc=0.9376 ap=0.9871 f1=0.9347
  Epoch  22/50 | val loss=0.2622 auc=0.9383 ap=0.9872 f1=0.9361
    -> Saved best model (val AUC=0.9383)
  Epoch  23/50 | val loss=0.2697 auc=0.9381 ap=0.9873 f1=0.9324
  Epoch  24/50 | val loss=0.2609 auc=0.9385 ap=0.9873 f1=0.9354
    -> Saved best model (val AUC=0.9385)
  Epoch  25/50 | val loss=0.2605 auc=0.9388 ap=0.9874 f1=0.9350
    -> Saved best model (val AUC=0.9388)
  Epoch  26/50 | val loss=0.2435 auc=0.9382 ap=0.9873 f1=0.9393
  Epoch  27/50 | val loss=0.2609 auc=0.9390 ap=0.9874 f1=0.9344
    -> Saved best model (val AUC=0.9390)
  Epoch  28/50 | val loss=0.2679 auc=0.9381 ap=0.9873 f1=0.9315
  Epoch  29/50 | val loss=0.2648 auc=0.9385 ap=0.9874 f1=0.9339
  Epoch  30/50 | val loss=0.2712 auc=0.9389 ap=0.9874 f1=0.9320
  Epoch  31/50 | val loss=0.2770 auc=0.9387 ap=0.9874 f1=0.9276
  Epoch  32/50 | val loss=0.2493 auc=0.9383 ap=0.9873 f1=0.9392
  Epoch  33/50 | val loss=0.2764 auc=0.9386 ap=0.9874 f1=0.9278
  Epoch  34/50 | val loss=0.2561 auc=0.9384 ap=0.9873 f1=0.9363
  Epoch  35/50 | val loss=0.2525 auc=0.9380 ap=0.9872 f1=0.9370
  Epoch  36/50 | val loss=0.2498 auc=0.9387 ap=0.9873 f1=0.9374
  Epoch  37/50 | val loss=0.2656 auc=0.9389 ap=0.9874 f1=0.9336
  Epoch  38/50 | val loss=0.2451 auc=0.9391 ap=0.9874 f1=0.9394
    -> Saved best model (val AUC=0.9391)
  Epoch  39/50 | val loss=0.2671 auc=0.9388 ap=0.9874 f1=0.9330
  Epoch  40/50 | val loss=0.2681 auc=0.9390 ap=0.9874 f1=0.9313
  Epoch  41/50 | val loss=0.2871 auc=0.9388 ap=0.9874 f1=0.9249
  Epoch  42/50 | val loss=0.2520 auc=0.9382 ap=0.9873 f1=0.9374
  Epoch  43/50 | val loss=0.2668 auc=0.9387 ap=0.9874 f1=0.9322
  Epoch  44/50 | val loss=0.2602 auc=0.9387 ap=0.9873 f1=0.9361
  Epoch  45/50 | val loss=0.2529 auc=0.9389 ap=0.9874 f1=0.9367
  Epoch  46/50 | val loss=0.2757 auc=0.9384 ap=0.9873 f1=0.9285
  Epoch  47/50 | val loss=0.2456 auc=0.9383 ap=0.9873 f1=0.9389
  Epoch  48/50 | val loss=0.2750 auc=0.9392 ap=0.9874 f1=0.9285
    -> Saved best model (val AUC=0.9392)
  Epoch  49/50 | val loss=0.2759 auc=0.9393 ap=0.9875 f1=0.9289
    -> Saved best model (val AUC=0.9393)
  Epoch  50/50 | val loss=0.2546 auc=0.9388 ap=0.9874 f1=0.9368

============================================================
Run=thr_60_l1_0.0001 -- Retraining final model on all folds combined
============================================================
  Combined dataset: 228,138 rows
  Loaded 228,138 rows from /user/hasmig.aintablian01/u26864/.project/dir.project/hasmig/pmhc-binding-prediction/results/02_baseline_lr/thr_60_l1_0.0001/combined_train.parquet
  Final model epoch 10/50
  Final model epoch 20/50
  Final model epoch 30/50
  Final model epoch 40/50
  Final model epoch 50/50
  Loaded 9,252 rows from /user/hasmig.aintablian01/u26864/.project/dir.project/hasmig/data/combined_dendrogram_splits/60/splits/test/test.parquet
  Test | auc=0.9540 ap=0.9958 f1=0.9570 precision=0.9848 recall=0.9308 tpr@fpr10=0.8741

Metrics saved to /user/hasmig.aintablian01/u26864/.project/dir.project/hasmig/pmhc-binding-prediction/results/02_baseline_lr/all_metrics.csv  (84 rows total)

=== Summary (median val AUC per threshold / config) ===
threshold  layer_norm  regularization
50         False       l1                0.9536
                       l2                0.9560
                       none              0.9581
           True        l1                0.9512
                       l2                0.9596
                       none              0.9629
60         False       l2                0.9462
                       none              0.9620
           True        l1                0.9608
                       l2                0.9577
                       none              0.9659
70         False       none              0.9613
80         False       none              0.9658
60         False       l1                0.9551
============ Job Information ===================================================
Submitted: 2026-05-14T13:35:03
Started: 2026-05-14T13:35:09
Ended: 2026-05-14T15:34:14
Elapsed: 120 min, Limit: 720 min, Difference: 600 min
CPUs: 4, Nodes: 1
Estimated credit Consumption: 300.00 core-hours
================================================================================
