================================================================================
JobID = 13801225
User = u26864, Account = scc_mgmn_soeding
Partition = scc-gpu, Nodelist = ggpu135
================================================================================
Using device: cuda
Config: layer_norm=False, regularization=l2, reg_lambda=0.0001
Model parameters: 97

============================================================
Run=thr_70_l2_0.0001  Fold=0
============================================================
  Loaded 213,726 rows from /user/hasmig.aintablian01/u26864/.project/dir.project/hasmig/data/combined_dendrogram_splits/70/splits/fold_0/train.parquet
  Loaded 13,798 rows from /user/hasmig.aintablian01/u26864/.project/dir.project/hasmig/data/combined_dendrogram_splits/70/splits/fold_0/val.parquet
  Epoch   1/50 | val loss=0.2708 auc=0.9333 ap=0.9846 f1=0.9342
    -> Saved best model (val AUC=0.9333)
  Epoch   2/50 | val loss=0.2559 auc=0.9421 ap=0.9872 f1=0.9372
    -> Saved best model (val AUC=0.9421)
  Epoch   3/50 | val loss=0.2332 auc=0.9463 ap=0.9883 f1=0.9455
    -> Saved best model (val AUC=0.9463)
  Epoch   4/50 | val loss=0.2253 auc=0.9493 ap=0.9890 f1=0.9473
    -> Saved best model (val AUC=0.9493)
  Epoch   5/50 | val loss=0.2247 auc=0.9508 ap=0.9893 f1=0.9473
    -> Saved best model (val AUC=0.9508)
  Epoch   6/50 | val loss=0.2094 auc=0.9515 ap=0.9895 f1=0.9516
    -> Saved best model (val AUC=0.9515)
  Epoch   7/50 | val loss=0.2258 auc=0.9522 ap=0.9896 f1=0.9475
    -> Saved best model (val AUC=0.9522)
  Epoch   8/50 | val loss=0.2283 auc=0.9532 ap=0.9899 f1=0.9473
    -> Saved best model (val AUC=0.9532)
  Epoch   9/50 | val loss=0.2081 auc=0.9531 ap=0.9899 f1=0.9524
  Epoch  10/50 | val loss=0.2251 auc=0.9534 ap=0.9899 f1=0.9482
    -> Saved best model (val AUC=0.9534)
  Epoch  11/50 | val loss=0.2138 auc=0.9536 ap=0.9900 f1=0.9505
    -> Saved best model (val AUC=0.9536)
  Epoch  12/50 | val loss=0.2282 auc=0.9533 ap=0.9898 f1=0.9472
  Epoch  13/50 | val loss=0.2312 auc=0.9540 ap=0.9900 f1=0.9466
    -> Saved best model (val AUC=0.9540)
  Epoch  14/50 | val loss=0.2164 auc=0.9539 ap=0.9900 f1=0.9500
  Epoch  15/50 | val loss=0.2084 auc=0.9538 ap=0.9900 f1=0.9521
  Epoch  16/50 | val loss=0.2077 auc=0.9543 ap=0.9901 f1=0.9526
    -> Saved best model (val AUC=0.9543)
  Epoch  17/50 | val loss=0.2176 auc=0.9545 ap=0.9902 f1=0.9499
    -> Saved best model (val AUC=0.9545)
  Epoch  18/50 | val loss=0.2065 auc=0.9542 ap=0.9900 f1=0.9520
  Epoch  19/50 | val loss=0.2073 auc=0.9545 ap=0.9902 f1=0.9521
    -> Saved best model (val AUC=0.9545)
  Epoch  20/50 | val loss=0.2269 auc=0.9543 ap=0.9901 f1=0.9474
  Epoch  21/50 | val loss=0.2193 auc=0.9544 ap=0.9900 f1=0.9491
  Epoch  22/50 | val loss=0.2165 auc=0.9552 ap=0.9904 f1=0.9501
    -> Saved best model (val AUC=0.9552)
  Epoch  23/50 | val loss=0.2137 auc=0.9542 ap=0.9900 f1=0.9499
  Epoch  24/50 | val loss=0.2171 auc=0.9554 ap=0.9904 f1=0.9498
    -> Saved best model (val AUC=0.9554)
  Epoch  25/50 | val loss=0.2092 auc=0.9548 ap=0.9902 f1=0.9515
  Epoch  26/50 | val loss=0.2056 auc=0.9552 ap=0.9903 f1=0.9527
  Epoch  27/50 | val loss=0.2067 auc=0.9551 ap=0.9903 f1=0.9521
  Epoch  28/50 | val loss=0.2130 auc=0.9553 ap=0.9903 f1=0.9507
  Epoch  29/50 | val loss=0.2204 auc=0.9552 ap=0.9903 f1=0.9488
  Epoch  30/50 | val loss=0.2074 auc=0.9552 ap=0.9903 f1=0.9521
  Epoch  31/50 | val loss=0.2031 auc=0.9560 ap=0.9906 f1=0.9536
    -> Saved best model (val AUC=0.9560)
  Epoch  32/50 | val loss=0.1992 auc=0.9553 ap=0.9903 f1=0.9547
  Epoch  33/50 | val loss=0.2138 auc=0.9553 ap=0.9903 f1=0.9506
  Epoch  34/50 | val loss=0.2074 auc=0.9555 ap=0.9904 f1=0.9524
  Epoch  35/50 | val loss=0.2153 auc=0.9556 ap=0.9904 f1=0.9500
  Epoch  36/50 | val loss=0.2164 auc=0.9557 ap=0.9904 f1=0.9499
  Epoch  37/50 | val loss=0.2233 auc=0.9560 ap=0.9905 f1=0.9481
    -> Saved best model (val AUC=0.9560)
  Epoch  38/50 | val loss=0.2240 auc=0.9565 ap=0.9907 f1=0.9484
    -> Saved best model (val AUC=0.9565)
  Epoch  39/50 | val loss=0.2306 auc=0.9563 ap=0.9906 f1=0.9468
  Epoch  40/50 | val loss=0.2140 auc=0.9566 ap=0.9907 f1=0.9499
    -> Saved best model (val AUC=0.9566)
  Epoch  41/50 | val loss=0.1961 auc=0.9564 ap=0.9906 f1=0.9554
  Epoch  42/50 | val loss=0.2181 auc=0.9566 ap=0.9907 f1=0.9502
  Epoch  43/50 | val loss=0.2155 auc=0.9563 ap=0.9906 f1=0.9507
  Epoch  44/50 | val loss=0.2077 auc=0.9567 ap=0.9907 f1=0.9524
    -> Saved best model (val AUC=0.9567)
  Epoch  45/50 | val loss=0.2092 auc=0.9567 ap=0.9907 f1=0.9515
    -> Saved best model (val AUC=0.9567)
  Epoch  46/50 | val loss=0.2134 auc=0.9569 ap=0.9907 f1=0.9504
    -> Saved best model (val AUC=0.9569)
  Epoch  47/50 | val loss=0.2232 auc=0.9565 ap=0.9906 f1=0.9482
  Epoch  48/50 | val loss=0.2143 auc=0.9569 ap=0.9907 f1=0.9500
    -> Saved best model (val AUC=0.9569)
  Epoch  49/50 | val loss=0.1957 auc=0.9570 ap=0.9908 f1=0.9553
    -> Saved best model (val AUC=0.9570)
  Epoch  50/50 | val loss=0.2100 auc=0.9573 ap=0.9908 f1=0.9517
    -> Saved best model (val AUC=0.9573)

============================================================
Run=thr_70_l2_0.0001  Fold=1
============================================================
  Loaded 225,170 rows from /user/hasmig.aintablian01/u26864/.project/dir.project/hasmig/data/combined_dendrogram_splits/70/splits/fold_1/train.parquet
  Loaded 5,979 rows from /user/hasmig.aintablian01/u26864/.project/dir.project/hasmig/data/combined_dendrogram_splits/70/splits/fold_1/val.parquet
  Epoch   1/50 | val loss=0.2691 auc=0.9372 ap=0.9881 f1=0.9341
    -> Saved best model (val AUC=0.9372)
  Epoch   2/50 | val loss=0.2684 auc=0.9395 ap=0.9886 f1=0.9319
    -> Saved best model (val AUC=0.9395)
  Epoch   3/50 | val loss=0.2485 auc=0.9459 ap=0.9900 f1=0.9433
    -> Saved best model (val AUC=0.9459)
  Epoch   4/50 | val loss=0.2209 auc=0.9506 ap=0.9909 f1=0.9547
    -> Saved best model (val AUC=0.9506)
  Epoch   5/50 | val loss=0.2179 auc=0.9531 ap=0.9915 f1=0.9543
    -> Saved best model (val AUC=0.9531)
  Epoch   6/50 | val loss=0.2111 auc=0.9562 ap=0.9922 f1=0.9553
    -> Saved best model (val AUC=0.9562)
  Epoch   7/50 | val loss=0.2172 auc=0.9587 ap=0.9927 f1=0.9545
    -> Saved best model (val AUC=0.9587)
  Epoch   8/50 | val loss=0.2085 auc=0.9614 ap=0.9933 f1=0.9559
    -> Saved best model (val AUC=0.9614)
  Epoch   9/50 | val loss=0.1956 auc=0.9632 ap=0.9936 f1=0.9597
    -> Saved best model (val AUC=0.9632)
  Epoch  10/50 | val loss=0.2175 auc=0.9643 ap=0.9938 f1=0.9534
    -> Saved best model (val AUC=0.9643)
  Epoch  11/50 | val loss=0.2216 auc=0.9649 ap=0.9939 f1=0.9520
    -> Saved best model (val AUC=0.9649)
  Epoch  12/50 | val loss=0.1960 auc=0.9657 ap=0.9940 f1=0.9595
    -> Saved best model (val AUC=0.9657)
  Epoch  13/50 | val loss=0.1953 auc=0.9659 ap=0.9940 f1=0.9601
    -> Saved best model (val AUC=0.9659)
  Epoch  14/50 | val loss=0.2019 auc=0.9666 ap=0.9942 f1=0.9574
    -> Saved best model (val AUC=0.9666)
  Epoch  15/50 | val loss=0.2080 auc=0.9668 ap=0.9942 f1=0.9550
    -> Saved best model (val AUC=0.9668)
  Epoch  16/50 | val loss=0.2038 auc=0.9668 ap=0.9942 f1=0.9568
  Epoch  17/50 | val loss=0.2042 auc=0.9672 ap=0.9943 f1=0.9564
    -> Saved best model (val AUC=0.9672)
  Epoch  18/50 | val loss=0.1994 auc=0.9674 ap=0.9943 f1=0.9582
    -> Saved best model (val AUC=0.9674)
  Epoch  19/50 | val loss=0.2003 auc=0.9677 ap=0.9943 f1=0.9575
    -> Saved best model (val AUC=0.9677)
  Epoch  20/50 | val loss=0.2034 auc=0.9673 ap=0.9943 f1=0.9567
  Epoch  21/50 | val loss=0.2084 auc=0.9678 ap=0.9944 f1=0.9558
    -> Saved best model (val AUC=0.9678)
  Epoch  22/50 | val loss=0.1943 auc=0.9676 ap=0.9943 f1=0.9592
  Epoch  23/50 | val loss=0.2073 auc=0.9680 ap=0.9944 f1=0.9561
    -> Saved best model (val AUC=0.9680)
  Epoch  24/50 | val loss=0.1856 auc=0.9685 ap=0.9944 f1=0.9621
    -> Saved best model (val AUC=0.9685)
  Epoch  25/50 | val loss=0.1947 auc=0.9693 ap=0.9946 f1=0.9602
    -> Saved best model (val AUC=0.9693)
  Epoch  26/50 | val loss=0.1966 auc=0.9693 ap=0.9946 f1=0.9601
    -> Saved best model (val AUC=0.9693)
  Epoch  27/50 | val loss=0.2018 auc=0.9696 ap=0.9946 f1=0.9586
    -> Saved best model (val AUC=0.9696)
  Epoch  28/50 | val loss=0.1995 auc=0.9697 ap=0.9946 f1=0.9597
    -> Saved best model (val AUC=0.9697)
  Epoch  29/50 | val loss=0.1921 auc=0.9699 ap=0.9947 f1=0.9605
    -> Saved best model (val AUC=0.9699)
  Epoch  30/50 | val loss=0.1870 auc=0.9700 ap=0.9947 f1=0.9618
    -> Saved best model (val AUC=0.9700)
  Epoch  31/50 | val loss=0.1892 auc=0.9700 ap=0.9947 f1=0.9615
    -> Saved best model (val AUC=0.9700)
  Epoch  32/50 | val loss=0.1895 auc=0.9700 ap=0.9947 f1=0.9613
  Epoch  33/50 | val loss=0.1760 auc=0.9703 ap=0.9947 f1=0.9642
    -> Saved best model (val AUC=0.9703)
  Epoch  34/50 | val loss=0.1889 auc=0.9701 ap=0.9947 f1=0.9613
  Epoch  35/50 | val loss=0.1957 auc=0.9701 ap=0.9947 f1=0.9595
  Epoch  36/50 | val loss=0.1778 auc=0.9704 ap=0.9948 f1=0.9637
    -> Saved best model (val AUC=0.9704)
  Epoch  37/50 | val loss=0.2129 auc=0.9702 ap=0.9947 f1=0.9554
  Epoch  38/50 | val loss=0.1944 auc=0.9704 ap=0.9948 f1=0.9604
  Epoch  39/50 | val loss=0.1995 auc=0.9703 ap=0.9947 f1=0.9582
  Epoch  40/50 | val loss=0.2112 auc=0.9703 ap=0.9947 f1=0.9561
  Epoch  41/50 | val loss=0.1902 auc=0.9707 ap=0.9948 f1=0.9611
    -> Saved best model (val AUC=0.9707)
  Epoch  42/50 | val loss=0.1811 auc=0.9707 ap=0.9948 f1=0.9631
  Epoch  43/50 | val loss=0.1921 auc=0.9705 ap=0.9948 f1=0.9608
  Epoch  44/50 | val loss=0.1901 auc=0.9707 ap=0.9948 f1=0.9612
  Epoch  45/50 | val loss=0.1866 auc=0.9706 ap=0.9948 f1=0.9620
  Epoch  46/50 | val loss=0.1750 auc=0.9708 ap=0.9948 f1=0.9642
    -> Saved best model (val AUC=0.9708)
  Epoch  47/50 | val loss=0.1923 auc=0.9707 ap=0.9948 f1=0.9606
  Epoch  48/50 | val loss=0.1816 auc=0.9708 ap=0.9948 f1=0.9630
    -> Saved best model (val AUC=0.9708)
  Epoch  49/50 | val loss=0.1972 auc=0.9707 ap=0.9948 f1=0.9587
  Epoch  50/50 | val loss=0.1979 auc=0.9707 ap=0.9948 f1=0.9592

============================================================
Run=thr_70_l2_0.0001  Fold=2
============================================================
  Loaded 217,259 rows from /user/hasmig.aintablian01/u26864/.project/dir.project/hasmig/data/combined_dendrogram_splits/70/splits/fold_2/train.parquet
  Loaded 8,079 rows from /user/hasmig.aintablian01/u26864/.project/dir.project/hasmig/data/combined_dendrogram_splits/70/splits/fold_2/val.parquet
  Epoch   1/50 | val loss=0.2438 auc=0.9500 ap=0.9913 f1=0.9378
    -> Saved best model (val AUC=0.9500)
  Epoch   2/50 | val loss=0.2844 auc=0.9500 ap=0.9914 f1=0.9241
    -> Saved best model (val AUC=0.9500)
  Epoch   3/50 | val loss=0.2520 auc=0.9500 ap=0.9914 f1=0.9348
  Epoch   4/50 | val loss=0.2399 auc=0.9508 ap=0.9915 f1=0.9405
    -> Saved best model (val AUC=0.9508)
  Epoch   5/50 | val loss=0.2380 auc=0.9509 ap=0.9915 f1=0.9415
    -> Saved best model (val AUC=0.9509)
  Epoch   6/50 | val loss=0.2361 auc=0.9510 ap=0.9915 f1=0.9418
    -> Saved best model (val AUC=0.9510)
  Epoch   7/50 | val loss=0.2548 auc=0.9509 ap=0.9915 f1=0.9355
  Epoch   8/50 | val loss=0.2386 auc=0.9509 ap=0.9915 f1=0.9413
  Epoch   9/50 | val loss=0.2564 auc=0.9510 ap=0.9915 f1=0.9348
    -> Saved best model (val AUC=0.9510)
  Epoch  10/50 | val loss=0.2338 auc=0.9510 ap=0.9915 f1=0.9428
  Epoch  11/50 | val loss=0.2689 auc=0.9508 ap=0.9915 f1=0.9307
  Epoch  12/50 | val loss=0.2203 auc=0.9512 ap=0.9915 f1=0.9464
    -> Saved best model (val AUC=0.9512)
  Epoch  13/50 | val loss=0.2571 auc=0.9512 ap=0.9915 f1=0.9348
    -> Saved best model (val AUC=0.9512)
  Epoch  14/50 | val loss=0.2695 auc=0.9513 ap=0.9916 f1=0.9302
    -> Saved best model (val AUC=0.9513)
  Epoch  15/50 | val loss=0.2456 auc=0.9510 ap=0.9915 f1=0.9381
  Epoch  16/50 | val loss=0.2517 auc=0.9513 ap=0.9915 f1=0.9362
    -> Saved best model (val AUC=0.9513)
  Epoch  17/50 | val loss=0.2410 auc=0.9513 ap=0.9915 f1=0.9399
  Epoch  18/50 | val loss=0.2644 auc=0.9513 ap=0.9915 f1=0.9318
  Epoch  19/50 | val loss=0.2360 auc=0.9513 ap=0.9915 f1=0.9418
    -> Saved best model (val AUC=0.9513)
  Epoch  20/50 | val loss=0.2403 auc=0.9512 ap=0.9915 f1=0.9402
  Epoch  21/50 | val loss=0.2500 auc=0.9510 ap=0.9914 f1=0.9370
  Epoch  22/50 | val loss=0.2425 auc=0.9514 ap=0.9915 f1=0.9394
    -> Saved best model (val AUC=0.9514)
  Epoch  23/50 | val loss=0.2490 auc=0.9513 ap=0.9915 f1=0.9370
  Epoch  24/50 | val loss=0.2401 auc=0.9516 ap=0.9916 f1=0.9401
    -> Saved best model (val AUC=0.9516)
  Epoch  25/50 | val loss=0.2502 auc=0.9516 ap=0.9916 f1=0.9362
    -> Saved best model (val AUC=0.9516)
  Epoch  26/50 | val loss=0.2246 auc=0.9517 ap=0.9916 f1=0.9441
    -> Saved best model (val AUC=0.9517)
  Epoch  27/50 | val loss=0.2531 auc=0.9514 ap=0.9915 f1=0.9356
  Epoch  28/50 | val loss=0.2663 auc=0.9517 ap=0.9916 f1=0.9303
    -> Saved best model (val AUC=0.9517)
  Epoch  29/50 | val loss=0.2448 auc=0.9518 ap=0.9916 f1=0.9378
    -> Saved best model (val AUC=0.9518)
  Epoch  30/50 | val loss=0.2290 auc=0.9515 ap=0.9915 f1=0.9433
  Epoch  31/50 | val loss=0.2310 auc=0.9518 ap=0.9916 f1=0.9422
  Epoch  32/50 | val loss=0.2389 auc=0.9515 ap=0.9915 f1=0.9399
  Epoch  33/50 | val loss=0.2351 auc=0.9518 ap=0.9915 f1=0.9414
  Epoch  34/50 | val loss=0.2373 auc=0.9522 ap=0.9916 f1=0.9401
    -> Saved best model (val AUC=0.9522)
  Epoch  35/50 | val loss=0.2702 auc=0.9519 ap=0.9916 f1=0.9291
  Epoch  36/50 | val loss=0.2352 auc=0.9518 ap=0.9916 f1=0.9405
  Epoch  37/50 | val loss=0.2564 auc=0.9521 ap=0.9916 f1=0.9337
  Epoch  38/50 | val loss=0.2594 auc=0.9521 ap=0.9916 f1=0.9326
  Epoch  39/50 | val loss=0.2322 auc=0.9519 ap=0.9916 f1=0.9418
  Epoch  40/50 | val loss=0.2444 auc=0.9522 ap=0.9916 f1=0.9385
    -> Saved best model (val AUC=0.9522)
  Epoch  41/50 | val loss=0.2360 auc=0.9519 ap=0.9915 f1=0.9407
  Epoch  42/50 | val loss=0.2413 auc=0.9521 ap=0.9916 f1=0.9393
  Epoch  43/50 | val loss=0.2102 auc=0.9521 ap=0.9916 f1=0.9503
  Epoch  44/50 | val loss=0.2630 auc=0.9521 ap=0.9916 f1=0.9315
  Epoch  45/50 | val loss=0.2366 auc=0.9524 ap=0.9916 f1=0.9406
    -> Saved best model (val AUC=0.9524)
  Epoch  46/50 | val loss=0.2269 auc=0.9519 ap=0.9915 f1=0.9439
  Epoch  47/50 | val loss=0.2367 auc=0.9519 ap=0.9915 f1=0.9402
  Epoch  48/50 | val loss=0.2793 auc=0.9523 ap=0.9916 f1=0.9252
  Epoch  49/50 | val loss=0.2514 auc=0.9519 ap=0.9916 f1=0.9357
  Epoch  50/50 | val loss=0.2393 auc=0.9523 ap=0.9916 f1=0.9395

============================================================
Run=thr_70_l2_0.0001  Fold=3
============================================================
  Loaded 222,925 rows from /user/hasmig.aintablian01/u26864/.project/dir.project/hasmig/data/combined_dendrogram_splits/70/splits/fold_3/train.parquet
  Loaded 5,771 rows from /user/hasmig.aintablian01/u26864/.project/dir.project/hasmig/data/combined_dendrogram_splits/70/splits/fold_3/val.parquet
  Epoch   1/50 | val loss=0.2728 auc=0.9591 ap=0.9587 f1=0.8822
    -> Saved best model (val AUC=0.9591)
  Epoch   2/50 | val loss=0.2542 auc=0.9626 ap=0.9621 f1=0.8906
    -> Saved best model (val AUC=0.9626)
  Epoch   3/50 | val loss=0.2477 auc=0.9639 ap=0.9640 f1=0.8937
    -> Saved best model (val AUC=0.9639)
  Epoch   4/50 | val loss=0.2441 auc=0.9642 ap=0.9649 f1=0.8955
    -> Saved best model (val AUC=0.9642)
  Epoch   5/50 | val loss=0.2446 auc=0.9640 ap=0.9651 f1=0.8968
  Epoch   6/50 | val loss=0.2472 auc=0.9629 ap=0.9645 f1=0.8959
  Epoch   7/50 | val loss=0.2489 auc=0.9620 ap=0.9638 f1=0.8956
  Epoch   8/50 | val loss=0.2550 auc=0.9607 ap=0.9630 f1=0.8949
  Epoch   9/50 | val loss=0.2554 auc=0.9601 ap=0.9623 f1=0.8940
  Epoch  10/50 | val loss=0.2564 auc=0.9600 ap=0.9620 f1=0.8941
  Epoch  11/50 | val loss=0.2600 auc=0.9602 ap=0.9621 f1=0.8952
  Epoch  12/50 | val loss=0.2543 auc=0.9604 ap=0.9622 f1=0.8953
  Epoch  13/50 | val loss=0.2547 auc=0.9606 ap=0.9621 f1=0.8949
  Epoch  14/50 | val loss=0.2519 auc=0.9612 ap=0.9626 f1=0.8960
  Epoch  15/50 | val loss=0.2519 auc=0.9618 ap=0.9636 f1=0.8959
  Epoch  16/50 | val loss=0.2489 auc=0.9623 ap=0.9640 f1=0.8985
  Epoch  17/50 | val loss=0.2461 auc=0.9632 ap=0.9651 f1=0.8999
  Epoch  18/50 | val loss=0.2434 auc=0.9639 ap=0.9656 f1=0.8999
  Epoch  19/50 | val loss=0.2411 auc=0.9644 ap=0.9664 f1=0.8989
    -> Saved best model (val AUC=0.9644)
  Epoch  20/50 | val loss=0.2401 auc=0.9648 ap=0.9667 f1=0.8996
    -> Saved best model (val AUC=0.9648)
  Epoch  21/50 | val loss=0.2401 auc=0.9650 ap=0.9670 f1=0.9001
    -> Saved best model (val AUC=0.9650)
  Epoch  22/50 | val loss=0.2414 auc=0.9654 ap=0.9674 f1=0.8984
    -> Saved best model (val AUC=0.9654)
  Epoch  23/50 | val loss=0.2406 auc=0.9653 ap=0.9673 f1=0.8994
  Epoch  24/50 | val loss=0.2378 auc=0.9656 ap=0.9677 f1=0.8989
    -> Saved best model (val AUC=0.9656)
  Epoch  25/50 | val loss=0.2366 auc=0.9656 ap=0.9676 f1=0.9004
    -> Saved best model (val AUC=0.9656)
  Epoch  26/50 | val loss=0.2361 auc=0.9661 ap=0.9680 f1=0.8997
    -> Saved best model (val AUC=0.9661)
  Epoch  27/50 | val loss=0.2397 auc=0.9662 ap=0.9681 f1=0.8981
    -> Saved best model (val AUC=0.9662)
  Epoch  28/50 | val loss=0.2367 auc=0.9662 ap=0.9681 f1=0.8998
  Epoch  29/50 | val loss=0.2362 auc=0.9663 ap=0.9683 f1=0.8998
    -> Saved best model (val AUC=0.9663)
  Epoch  30/50 | val loss=0.2328 auc=0.9667 ap=0.9685 f1=0.9011
    -> Saved best model (val AUC=0.9667)
  Epoch  31/50 | val loss=0.2324 auc=0.9668 ap=0.9686 f1=0.8998
    -> Saved best model (val AUC=0.9668)
  Epoch  32/50 | val loss=0.2397 auc=0.9669 ap=0.9687 f1=0.8987
    -> Saved best model (val AUC=0.9669)
  Epoch  33/50 | val loss=0.2315 auc=0.9670 ap=0.9688 f1=0.9009
    -> Saved best model (val AUC=0.9670)
  Epoch  34/50 | val loss=0.2310 auc=0.9672 ap=0.9689 f1=0.9010
    -> Saved best model (val AUC=0.9672)
  Epoch  35/50 | val loss=0.2328 auc=0.9671 ap=0.9689 f1=0.9007
  Epoch  36/50 | val loss=0.2311 auc=0.9673 ap=0.9690 f1=0.9013
    -> Saved best model (val AUC=0.9673)
  Epoch  37/50 | val loss=0.2313 auc=0.9672 ap=0.9690 f1=0.9012
  Epoch  38/50 | val loss=0.2315 auc=0.9671 ap=0.9689 f1=0.9010
  Epoch  39/50 | val loss=0.2299 auc=0.9675 ap=0.9692 f1=0.9014
    -> Saved best model (val AUC=0.9675)
  Epoch  40/50 | val loss=0.2340 auc=0.9675 ap=0.9692 f1=0.9011
  Epoch  41/50 | val loss=0.2348 auc=0.9676 ap=0.9693 f1=0.9009
    -> Saved best model (val AUC=0.9676)
  Epoch  42/50 | val loss=0.2293 auc=0.9677 ap=0.9694 f1=0.9025
    -> Saved best model (val AUC=0.9677)
  Epoch  43/50 | val loss=0.2300 auc=0.9678 ap=0.9694 f1=0.9019
    -> Saved best model (val AUC=0.9678)
  Epoch  44/50 | val loss=0.2289 auc=0.9678 ap=0.9695 f1=0.9022
    -> Saved best model (val AUC=0.9678)
  Epoch  45/50 | val loss=0.2279 auc=0.9681 ap=0.9697 f1=0.9022
    -> Saved best model (val AUC=0.9681)
  Epoch  46/50 | val loss=0.2331 auc=0.9680 ap=0.9696 f1=0.9006
  Epoch  47/50 | val loss=0.2304 auc=0.9680 ap=0.9697 f1=0.9019
  Epoch  48/50 | val loss=0.2296 auc=0.9679 ap=0.9697 f1=0.9017
  Epoch  49/50 | val loss=0.2296 auc=0.9681 ap=0.9698 f1=0.9017
    -> Saved best model (val AUC=0.9681)
  Epoch  50/50 | val loss=0.2283 auc=0.9679 ap=0.9696 f1=0.9019

============================================================
Run=thr_70_l2_0.0001  Fold=4
============================================================
  Loaded 213,674 rows from /user/hasmig.aintablian01/u26864/.project/dir.project/hasmig/data/combined_dendrogram_splits/70/splits/fold_4/train.parquet
  Loaded 11,176 rows from /user/hasmig.aintablian01/u26864/.project/dir.project/hasmig/data/combined_dendrogram_splits/70/splits/fold_4/val.parquet
  Epoch   1/50 | val loss=0.2430 auc=0.9360 ap=0.9839 f1=0.9422
    -> Saved best model (val AUC=0.9360)
  Epoch   2/50 | val loss=0.2591 auc=0.9431 ap=0.9863 f1=0.9366
    -> Saved best model (val AUC=0.9431)
  Epoch   3/50 | val loss=0.2480 auc=0.9445 ap=0.9867 f1=0.9389
    -> Saved best model (val AUC=0.9445)
  Epoch   4/50 | val loss=0.2584 auc=0.9452 ap=0.9868 f1=0.9350
    -> Saved best model (val AUC=0.9452)
  Epoch   5/50 | val loss=0.2260 auc=0.9456 ap=0.9870 f1=0.9448
    -> Saved best model (val AUC=0.9456)
  Epoch   6/50 | val loss=0.2434 auc=0.9465 ap=0.9872 f1=0.9382
    -> Saved best model (val AUC=0.9465)
  Epoch   7/50 | val loss=0.2417 auc=0.9468 ap=0.9873 f1=0.9388
    -> Saved best model (val AUC=0.9468)
  Epoch   8/50 | val loss=0.2319 auc=0.9477 ap=0.9877 f1=0.9429
    -> Saved best model (val AUC=0.9477)
  Epoch   9/50 | val loss=0.2293 auc=0.9484 ap=0.9879 f1=0.9435
    -> Saved best model (val AUC=0.9484)
  Epoch  10/50 | val loss=0.2302 auc=0.9491 ap=0.9880 f1=0.9433
    -> Saved best model (val AUC=0.9491)
  Epoch  11/50 | val loss=0.2408 auc=0.9497 ap=0.9883 f1=0.9407
    -> Saved best model (val AUC=0.9497)
  Epoch  12/50 | val loss=0.2388 auc=0.9500 ap=0.9882 f1=0.9403
    -> Saved best model (val AUC=0.9500)
  Epoch  13/50 | val loss=0.2500 auc=0.9500 ap=0.9883 f1=0.9381
    -> Saved best model (val AUC=0.9500)
  Epoch  14/50 | val loss=0.2187 auc=0.9505 ap=0.9884 f1=0.9464
    -> Saved best model (val AUC=0.9505)
  Epoch  15/50 | val loss=0.2267 auc=0.9505 ap=0.9885 f1=0.9445
  Epoch  16/50 | val loss=0.2219 auc=0.9508 ap=0.9885 f1=0.9451
    -> Saved best model (val AUC=0.9508)
  Epoch  17/50 | val loss=0.2229 auc=0.9517 ap=0.9888 f1=0.9460
    -> Saved best model (val AUC=0.9517)
  Epoch  18/50 | val loss=0.2425 auc=0.9514 ap=0.9885 f1=0.9399
  Epoch  19/50 | val loss=0.2106 auc=0.9522 ap=0.9889 f1=0.9490
    -> Saved best model (val AUC=0.9522)
  Epoch  20/50 | val loss=0.2229 auc=0.9520 ap=0.9888 f1=0.9452
  Epoch  21/50 | val loss=0.2114 auc=0.9521 ap=0.9889 f1=0.9478
  Epoch  22/50 | val loss=0.2416 auc=0.9525 ap=0.9889 f1=0.9397
    -> Saved best model (val AUC=0.9525)
  Epoch  23/50 | val loss=0.2112 auc=0.9530 ap=0.9891 f1=0.9485
    -> Saved best model (val AUC=0.9530)
  Epoch  24/50 | val loss=0.2318 auc=0.9531 ap=0.9890 f1=0.9429
    -> Saved best model (val AUC=0.9531)
  Epoch  25/50 | val loss=0.2064 auc=0.9529 ap=0.9891 f1=0.9499
  Epoch  26/50 | val loss=0.2373 auc=0.9534 ap=0.9891 f1=0.9413
    -> Saved best model (val AUC=0.9534)
  Epoch  27/50 | val loss=0.2220 auc=0.9535 ap=0.9892 f1=0.9457
    -> Saved best model (val AUC=0.9535)
  Epoch  28/50 | val loss=0.2051 auc=0.9536 ap=0.9892 f1=0.9501
    -> Saved best model (val AUC=0.9536)
  Epoch  29/50 | val loss=0.2485 auc=0.9538 ap=0.9892 f1=0.9388
    -> Saved best model (val AUC=0.9538)
  Epoch  30/50 | val loss=0.2238 auc=0.9538 ap=0.9893 f1=0.9455
    -> Saved best model (val AUC=0.9538)
  Epoch  31/50 | val loss=0.2255 auc=0.9544 ap=0.9894 f1=0.9447
    -> Saved best model (val AUC=0.9544)
  Epoch  32/50 | val loss=0.2247 auc=0.9541 ap=0.9893 f1=0.9454
  Epoch  33/50 | val loss=0.2251 auc=0.9541 ap=0.9892 f1=0.9446
  Epoch  34/50 | val loss=0.2152 auc=0.9547 ap=0.9895 f1=0.9473
    -> Saved best model (val AUC=0.9547)
  Epoch  35/50 | val loss=0.2117 auc=0.9545 ap=0.9894 f1=0.9477
  Epoch  36/50 | val loss=0.2358 auc=0.9545 ap=0.9894 f1=0.9424
  Epoch  37/50 | val loss=0.2153 auc=0.9543 ap=0.9895 f1=0.9476
  Epoch  38/50 | val loss=0.2158 auc=0.9544 ap=0.9894 f1=0.9471
  Epoch  39/50 | val loss=0.2208 auc=0.9550 ap=0.9895 f1=0.9457
    -> Saved best model (val AUC=0.9550)
  Epoch  40/50 | val loss=0.2086 auc=0.9548 ap=0.9895 f1=0.9484
  Epoch  41/50 | val loss=0.2265 auc=0.9547 ap=0.9895 f1=0.9445
  Epoch  42/50 | val loss=0.2264 auc=0.9548 ap=0.9895 f1=0.9442
  Epoch  43/50 | val loss=0.2204 auc=0.9554 ap=0.9896 f1=0.9457
    -> Saved best model (val AUC=0.9554)
  Epoch  44/50 | val loss=0.2092 auc=0.9551 ap=0.9896 f1=0.9488
  Epoch  45/50 | val loss=0.2169 auc=0.9552 ap=0.9896 f1=0.9468
  Epoch  46/50 | val loss=0.2304 auc=0.9553 ap=0.9896 f1=0.9434
  Epoch  47/50 | val loss=0.2080 auc=0.9557 ap=0.9898 f1=0.9490
    -> Saved best model (val AUC=0.9557)
  Epoch  48/50 | val loss=0.2239 auc=0.9555 ap=0.9897 f1=0.9452
  Epoch  49/50 | val loss=0.2046 auc=0.9556 ap=0.9897 f1=0.9499
  Epoch  50/50 | val loss=0.2074 auc=0.9554 ap=0.9896 f1=0.9486

============================================================
Run=thr_70_l2_0.0001 -- Retraining final model on all folds combined
============================================================
  Combined dataset: 234,800 rows
  Loaded 234,800 rows from /user/hasmig.aintablian01/u26864/.project/dir.project/hasmig/pmhc-binding-prediction/results/02_baseline_lr/thr_70_l2_0.0001/combined_train.parquet
  Final model epoch 10/50
  Final model epoch 20/50
  Final model epoch 30/50
  Final model epoch 40/50
  Final model epoch 50/50
  Loaded 8,494 rows from /user/hasmig.aintablian01/u26864/.project/dir.project/hasmig/data/combined_dendrogram_splits/70/splits/test/test.parquet
  Test | auc=0.9603 ap=0.9958 f1=0.9614 precision=0.9828 recall=0.9408 tpr@fpr10=0.9062

Metrics saved to /user/hasmig.aintablian01/u26864/.project/dir.project/hasmig/pmhc-binding-prediction/results/02_baseline_lr/all_metrics.csv  (90 rows total)

=== Summary (median val AUC per threshold / config) ===
threshold  layer_norm  regularization
50         False       l1                0.9536
                       l2                0.9560
                       none              0.9581
           True        l1                0.9512
                       l2                0.9596
                       none              0.9629
60         False       l1                0.9551
                       l2                0.9462
                       none              0.9620
           True        l1                0.9608
                       l2                0.9577
                       none              0.9659
70         False       none              0.9613
80         False       none              0.9658
70         False       l2                0.9573
============ Job Information ===================================================
Submitted: 2026-05-14T13:36:32
Started: 2026-05-14T13:36:33
Ended: 2026-05-14T15:39:58
Elapsed: 124 min, Limit: 720 min, Difference: 596 min
CPUs: 4, Nodes: 1
Estimated credit Consumption: 310.00 core-hours
================================================================================
