================================================================================
JobID = 13801219
User = u26864, Account = scc_mgmn_soeding
Partition = scc-gpu, Nodelist = ggpu197
================================================================================
Using device: cuda
Config: layer_norm=True, regularization=none, reg_lambda=0.0001
Model parameters: 129

============================================================
Run=thr_50_layer_norm  Fold=0
============================================================
  Loaded 166,893 rows from /user/hasmig.aintablian01/u26864/.project/dir.project/hasmig/data/combined_dendrogram_splits/50/splits/fold_0/train.parquet
  Loaded 18,749 rows from /user/hasmig.aintablian01/u26864/.project/dir.project/hasmig/data/combined_dendrogram_splits/50/splits/fold_0/val.parquet
  Epoch   1/50 | val loss=0.2264 auc=0.9471 ap=0.9859 f1=0.9457
    -> Saved best model (val AUC=0.9471)
  Epoch   2/50 | val loss=0.2310 auc=0.9497 ap=0.9867 f1=0.9438
    -> Saved best model (val AUC=0.9497)
  Epoch   3/50 | val loss=0.2320 auc=0.9515 ap=0.9872 f1=0.9442
    -> Saved best model (val AUC=0.9515)
  Epoch   4/50 | val loss=0.2353 auc=0.9528 ap=0.9874 f1=0.9445
    -> Saved best model (val AUC=0.9528)
  Epoch   5/50 | val loss=0.2523 auc=0.9539 ap=0.9879 f1=0.9378
    -> Saved best model (val AUC=0.9539)
  Epoch   6/50 | val loss=0.2197 auc=0.9546 ap=0.9881 f1=0.9464
    -> Saved best model (val AUC=0.9546)
  Epoch   7/50 | val loss=0.2143 auc=0.9543 ap=0.9880 f1=0.9477
  Epoch   8/50 | val loss=0.2166 auc=0.9551 ap=0.9882 f1=0.9478
    -> Saved best model (val AUC=0.9551)
  Epoch   9/50 | val loss=0.2226 auc=0.9549 ap=0.9878 f1=0.9462
  Epoch  10/50 | val loss=0.2143 auc=0.9546 ap=0.9880 f1=0.9479
  Epoch  11/50 | val loss=0.2085 auc=0.9549 ap=0.9882 f1=0.9504
  Epoch  12/50 | val loss=0.2275 auc=0.9560 ap=0.9885 f1=0.9432
    -> Saved best model (val AUC=0.9560)
  Epoch  13/50 | val loss=0.2306 auc=0.9563 ap=0.9886 f1=0.9423
    -> Saved best model (val AUC=0.9563)
  Epoch  14/50 | val loss=0.2098 auc=0.9564 ap=0.9885 f1=0.9500
    -> Saved best model (val AUC=0.9564)
  Epoch  15/50 | val loss=0.2061 auc=0.9564 ap=0.9886 f1=0.9514
  Epoch  16/50 | val loss=0.2150 auc=0.9569 ap=0.9887 f1=0.9480
    -> Saved best model (val AUC=0.9569)
  Epoch  17/50 | val loss=0.2381 auc=0.9575 ap=0.9889 f1=0.9402
    -> Saved best model (val AUC=0.9575)
  Epoch  18/50 | val loss=0.2014 auc=0.9570 ap=0.9887 f1=0.9518
  Epoch  19/50 | val loss=0.2182 auc=0.9571 ap=0.9888 f1=0.9465
  Epoch  20/50 | val loss=0.2269 auc=0.9582 ap=0.9892 f1=0.9432
    -> Saved best model (val AUC=0.9582)
  Epoch  21/50 | val loss=0.2157 auc=0.9586 ap=0.9893 f1=0.9472
    -> Saved best model (val AUC=0.9586)
  Epoch  22/50 | val loss=0.2256 auc=0.9583 ap=0.9893 f1=0.9439
  Epoch  23/50 | val loss=0.2023 auc=0.9586 ap=0.9893 f1=0.9516
  Epoch  24/50 | val loss=0.2107 auc=0.9594 ap=0.9896 f1=0.9489
    -> Saved best model (val AUC=0.9594)
  Epoch  25/50 | val loss=0.2197 auc=0.9599 ap=0.9898 f1=0.9453
    -> Saved best model (val AUC=0.9599)
  Epoch  26/50 | val loss=0.2582 auc=0.9597 ap=0.9897 f1=0.9348
  Epoch  27/50 | val loss=0.1959 auc=0.9599 ap=0.9897 f1=0.9535
  Epoch  28/50 | val loss=0.1964 auc=0.9600 ap=0.9897 f1=0.9532
    -> Saved best model (val AUC=0.9600)
  Epoch  29/50 | val loss=0.2088 auc=0.9593 ap=0.9896 f1=0.9489
  Epoch  30/50 | val loss=0.2090 auc=0.9605 ap=0.9899 f1=0.9488
    -> Saved best model (val AUC=0.9605)
  Epoch  31/50 | val loss=0.2021 auc=0.9606 ap=0.9899 f1=0.9510
    -> Saved best model (val AUC=0.9606)
  Epoch  32/50 | val loss=0.2136 auc=0.9600 ap=0.9898 f1=0.9474
  Epoch  33/50 | val loss=0.2002 auc=0.9609 ap=0.9900 f1=0.9511
    -> Saved best model (val AUC=0.9609)
  Epoch  34/50 | val loss=0.1940 auc=0.9606 ap=0.9899 f1=0.9520
  Epoch  35/50 | val loss=0.1991 auc=0.9604 ap=0.9899 f1=0.9515
  Epoch  36/50 | val loss=0.1943 auc=0.9614 ap=0.9902 f1=0.9529
    -> Saved best model (val AUC=0.9614)
  Epoch  37/50 | val loss=0.1993 auc=0.9606 ap=0.9900 f1=0.9516
  Epoch  38/50 | val loss=0.1949 auc=0.9617 ap=0.9903 f1=0.9523
    -> Saved best model (val AUC=0.9617)
  Epoch  39/50 | val loss=0.1983 auc=0.9609 ap=0.9900 f1=0.9518
  Epoch  40/50 | val loss=0.2052 auc=0.9618 ap=0.9904 f1=0.9492
    -> Saved best model (val AUC=0.9618)
  Epoch  41/50 | val loss=0.2281 auc=0.9607 ap=0.9900 f1=0.9423
  Epoch  42/50 | val loss=0.1933 auc=0.9618 ap=0.9903 f1=0.9525
  Epoch  43/50 | val loss=0.2446 auc=0.9625 ap=0.9906 f1=0.9363
    -> Saved best model (val AUC=0.9625)
  Epoch  44/50 | val loss=0.2248 auc=0.9623 ap=0.9905 f1=0.9423
  Epoch  45/50 | val loss=0.1958 auc=0.9624 ap=0.9905 f1=0.9521
  Epoch  46/50 | val loss=0.1987 auc=0.9595 ap=0.9896 f1=0.9516
  Epoch  47/50 | val loss=0.2024 auc=0.9625 ap=0.9905 f1=0.9494
  Epoch  48/50 | val loss=0.1908 auc=0.9623 ap=0.9905 f1=0.9538
  Epoch  49/50 | val loss=0.1988 auc=0.9628 ap=0.9906 f1=0.9505
    -> Saved best model (val AUC=0.9628)
  Epoch  50/50 | val loss=0.2026 auc=0.9629 ap=0.9907 f1=0.9491
    -> Saved best model (val AUC=0.9629)

============================================================
Run=thr_50_layer_norm  Fold=1
============================================================
  Loaded 182,008 rows from /user/hasmig.aintablian01/u26864/.project/dir.project/hasmig/data/combined_dendrogram_splits/50/splits/fold_1/train.parquet
  Loaded 7,857 rows from /user/hasmig.aintablian01/u26864/.project/dir.project/hasmig/data/combined_dendrogram_splits/50/splits/fold_1/val.parquet
  Epoch   1/50 | val loss=0.2662 auc=0.9373 ap=0.9860 f1=0.9321
    -> Saved best model (val AUC=0.9373)
  Epoch   2/50 | val loss=0.2305 auc=0.9495 ap=0.9890 f1=0.9438
    -> Saved best model (val AUC=0.9495)
  Epoch   3/50 | val loss=0.2197 auc=0.9530 ap=0.9896 f1=0.9483
    -> Saved best model (val AUC=0.9530)
  Epoch   4/50 | val loss=0.2139 auc=0.9545 ap=0.9898 f1=0.9508
    -> Saved best model (val AUC=0.9545)
  Epoch   5/50 | val loss=0.1956 auc=0.9563 ap=0.9902 f1=0.9574
    -> Saved best model (val AUC=0.9563)
  Epoch   6/50 | val loss=0.2136 auc=0.9587 ap=0.9909 f1=0.9516
    -> Saved best model (val AUC=0.9587)
  Epoch   7/50 | val loss=0.2287 auc=0.9602 ap=0.9912 f1=0.9483
    -> Saved best model (val AUC=0.9602)
  Epoch   8/50 | val loss=0.2028 auc=0.9620 ap=0.9918 f1=0.9545
    -> Saved best model (val AUC=0.9620)
  Epoch   9/50 | val loss=0.2008 auc=0.9635 ap=0.9921 f1=0.9556
    -> Saved best model (val AUC=0.9635)
  Epoch  10/50 | val loss=0.1928 auc=0.9646 ap=0.9924 f1=0.9575
    -> Saved best model (val AUC=0.9646)
  Epoch  11/50 | val loss=0.1927 auc=0.9654 ap=0.9926 f1=0.9575
    -> Saved best model (val AUC=0.9654)
  Epoch  12/50 | val loss=0.2002 auc=0.9662 ap=0.9928 f1=0.9562
    -> Saved best model (val AUC=0.9662)
  Epoch  13/50 | val loss=0.2173 auc=0.9667 ap=0.9930 f1=0.9507
    -> Saved best model (val AUC=0.9667)
  Epoch  14/50 | val loss=0.1955 auc=0.9671 ap=0.9931 f1=0.9563
    -> Saved best model (val AUC=0.9671)
  Epoch  15/50 | val loss=0.2127 auc=0.9677 ap=0.9932 f1=0.9518
    -> Saved best model (val AUC=0.9677)
  Epoch  16/50 | val loss=0.2267 auc=0.9686 ap=0.9934 f1=0.9482
    -> Saved best model (val AUC=0.9686)
  Epoch  17/50 | val loss=0.1743 auc=0.9690 ap=0.9935 f1=0.9597
    -> Saved best model (val AUC=0.9690)
  Epoch  18/50 | val loss=0.1968 auc=0.9697 ap=0.9937 f1=0.9554
    -> Saved best model (val AUC=0.9697)
  Epoch  19/50 | val loss=0.1840 auc=0.9708 ap=0.9939 f1=0.9577
    -> Saved best model (val AUC=0.9708)
  Epoch  20/50 | val loss=0.1690 auc=0.9705 ap=0.9939 f1=0.9607
  Epoch  21/50 | val loss=0.1676 auc=0.9716 ap=0.9941 f1=0.9611
    -> Saved best model (val AUC=0.9716)
  Epoch  22/50 | val loss=0.1998 auc=0.9719 ap=0.9942 f1=0.9546
    -> Saved best model (val AUC=0.9719)
  Epoch  23/50 | val loss=0.1661 auc=0.9725 ap=0.9943 f1=0.9616
    -> Saved best model (val AUC=0.9725)
  Epoch  24/50 | val loss=0.2286 auc=0.9731 ap=0.9945 f1=0.9486
    -> Saved best model (val AUC=0.9731)
  Epoch  25/50 | val loss=0.2064 auc=0.9731 ap=0.9944 f1=0.9548
    -> Saved best model (val AUC=0.9731)
  Epoch  26/50 | val loss=0.1886 auc=0.9729 ap=0.9944 f1=0.9580
  Epoch  27/50 | val loss=0.1824 auc=0.9724 ap=0.9943 f1=0.9580
  Epoch  28/50 | val loss=0.1891 auc=0.9731 ap=0.9945 f1=0.9568
    -> Saved best model (val AUC=0.9731)
  Epoch  29/50 | val loss=0.1878 auc=0.9733 ap=0.9945 f1=0.9574
    -> Saved best model (val AUC=0.9733)
  Epoch  30/50 | val loss=0.2145 auc=0.9735 ap=0.9945 f1=0.9518
    -> Saved best model (val AUC=0.9735)
  Epoch  31/50 | val loss=0.1969 auc=0.9738 ap=0.9945 f1=0.9571
    -> Saved best model (val AUC=0.9738)
  Epoch  32/50 | val loss=0.2069 auc=0.9738 ap=0.9946 f1=0.9542
    -> Saved best model (val AUC=0.9738)
  Epoch  33/50 | val loss=0.1776 auc=0.9737 ap=0.9945 f1=0.9597
  Epoch  34/50 | val loss=0.1559 auc=0.9732 ap=0.9944 f1=0.9640
  Epoch  35/50 | val loss=0.1915 auc=0.9741 ap=0.9946 f1=0.9570
    -> Saved best model (val AUC=0.9741)
  Epoch  36/50 | val loss=0.1741 auc=0.9742 ap=0.9946 f1=0.9611
    -> Saved best model (val AUC=0.9742)
  Epoch  37/50 | val loss=0.1931 auc=0.9753 ap=0.9949 f1=0.9568
    -> Saved best model (val AUC=0.9753)
  Epoch  38/50 | val loss=0.1665 auc=0.9737 ap=0.9945 f1=0.9632
  Epoch  39/50 | val loss=0.1570 auc=0.9750 ap=0.9948 f1=0.9637
  Epoch  40/50 | val loss=0.1667 auc=0.9753 ap=0.9949 f1=0.9619
    -> Saved best model (val AUC=0.9753)
  Epoch  41/50 | val loss=0.2031 auc=0.9761 ap=0.9951 f1=0.9534
    -> Saved best model (val AUC=0.9761)
  Epoch  42/50 | val loss=0.2177 auc=0.9758 ap=0.9951 f1=0.9501
  Epoch  43/50 | val loss=0.1799 auc=0.9756 ap=0.9950 f1=0.9604
  Epoch  44/50 | val loss=0.1651 auc=0.9762 ap=0.9952 f1=0.9622
    -> Saved best model (val AUC=0.9762)
  Epoch  45/50 | val loss=0.1783 auc=0.9757 ap=0.9950 f1=0.9606
  Epoch  46/50 | val loss=0.1625 auc=0.9759 ap=0.9951 f1=0.9632
  Epoch  47/50 | val loss=0.1782 auc=0.9764 ap=0.9952 f1=0.9595
    -> Saved best model (val AUC=0.9764)
  Epoch  48/50 | val loss=0.2049 auc=0.9757 ap=0.9950 f1=0.9529
  Epoch  49/50 | val loss=0.1825 auc=0.9764 ap=0.9952 f1=0.9591
  Epoch  50/50 | val loss=0.1715 auc=0.9761 ap=0.9951 f1=0.9604

============================================================
Run=thr_50_layer_norm  Fold=2
============================================================
  Loaded 173,114 rows from /user/hasmig.aintablian01/u26864/.project/dir.project/hasmig/data/combined_dendrogram_splits/50/splits/fold_2/train.parquet
  Loaded 10,406 rows from /user/hasmig.aintablian01/u26864/.project/dir.project/hasmig/data/combined_dendrogram_splits/50/splits/fold_2/val.parquet
  Epoch   1/50 | val loss=0.3463 auc=0.9396 ap=0.9872 f1=0.9054
    -> Saved best model (val AUC=0.9396)
  Epoch   2/50 | val loss=0.2641 auc=0.9437 ap=0.9889 f1=0.9291
    -> Saved best model (val AUC=0.9437)
  Epoch   3/50 | val loss=0.2609 auc=0.9441 ap=0.9888 f1=0.9308
    -> Saved best model (val AUC=0.9441)
  Epoch   4/50 | val loss=0.2533 auc=0.9453 ap=0.9893 f1=0.9341
    -> Saved best model (val AUC=0.9453)
  Epoch   5/50 | val loss=0.3054 auc=0.9452 ap=0.9893 f1=0.9136
  Epoch   6/50 | val loss=0.2982 auc=0.9452 ap=0.9893 f1=0.9171
  Epoch   7/50 | val loss=0.2824 auc=0.9458 ap=0.9895 f1=0.9224
    -> Saved best model (val AUC=0.9458)
  Epoch   8/50 | val loss=0.2365 auc=0.9476 ap=0.9899 f1=0.9375
    -> Saved best model (val AUC=0.9476)
  Epoch   9/50 | val loss=0.2730 auc=0.9467 ap=0.9897 f1=0.9253
  Epoch  10/50 | val loss=0.2947 auc=0.9470 ap=0.9898 f1=0.9175
  Epoch  11/50 | val loss=0.3149 auc=0.9475 ap=0.9899 f1=0.9117
  Epoch  12/50 | val loss=0.2480 auc=0.9491 ap=0.9904 f1=0.9341
    -> Saved best model (val AUC=0.9491)
  Epoch  13/50 | val loss=0.2322 auc=0.9497 ap=0.9905 f1=0.9385
    -> Saved best model (val AUC=0.9497)
  Epoch  14/50 | val loss=0.2982 auc=0.9475 ap=0.9900 f1=0.9162
  Epoch  15/50 | val loss=0.2606 auc=0.9493 ap=0.9905 f1=0.9291
  Epoch  16/50 | val loss=0.2498 auc=0.9487 ap=0.9902 f1=0.9338
  Epoch  17/50 | val loss=0.2780 auc=0.9473 ap=0.9900 f1=0.9226
  Epoch  18/50 | val loss=0.3609 auc=0.9479 ap=0.9901 f1=0.8958
  Epoch  19/50 | val loss=0.3050 auc=0.9494 ap=0.9905 f1=0.9139
  Epoch  20/50 | val loss=0.2563 auc=0.9505 ap=0.9908 f1=0.9301
    -> Saved best model (val AUC=0.9505)
  Epoch  21/50 | val loss=0.2596 auc=0.9496 ap=0.9906 f1=0.9277
  Epoch  22/50 | val loss=0.3189 auc=0.9459 ap=0.9897 f1=0.9084
  Epoch  23/50 | val loss=0.2810 auc=0.9493 ap=0.9905 f1=0.9218
  Epoch  24/50 | val loss=0.2828 auc=0.9481 ap=0.9902 f1=0.9206
  Epoch  25/50 | val loss=0.3673 auc=0.9466 ap=0.9898 f1=0.8950
  Epoch  26/50 | val loss=0.2495 auc=0.9511 ap=0.9909 f1=0.9315
    -> Saved best model (val AUC=0.9511)
  Epoch  27/50 | val loss=0.2969 auc=0.9489 ap=0.9903 f1=0.9169
  Epoch  28/50 | val loss=0.2779 auc=0.9493 ap=0.9904 f1=0.9230
  Epoch  29/50 | val loss=0.2501 auc=0.9509 ap=0.9908 f1=0.9322
  Epoch  30/50 | val loss=0.2789 auc=0.9507 ap=0.9908 f1=0.9219
  Epoch  31/50 | val loss=0.2527 auc=0.9503 ap=0.9906 f1=0.9306
  Epoch  32/50 | val loss=0.2525 auc=0.9507 ap=0.9907 f1=0.9317
  Epoch  33/50 | val loss=0.2941 auc=0.9501 ap=0.9906 f1=0.9179
  Epoch  34/50 | val loss=0.2489 auc=0.9518 ap=0.9910 f1=0.9315
    -> Saved best model (val AUC=0.9518)
  Epoch  35/50 | val loss=0.2162 auc=0.9532 ap=0.9913 f1=0.9410
    -> Saved best model (val AUC=0.9532)
  Epoch  36/50 | val loss=0.2757 auc=0.9514 ap=0.9909 f1=0.9238
  Epoch  37/50 | val loss=0.2810 auc=0.9522 ap=0.9911 f1=0.9220
  Epoch  38/50 | val loss=0.2782 auc=0.9516 ap=0.9910 f1=0.9235
  Epoch  39/50 | val loss=0.2433 auc=0.9522 ap=0.9911 f1=0.9346
  Epoch  40/50 | val loss=0.2642 auc=0.9517 ap=0.9910 f1=0.9267
  Epoch  41/50 | val loss=0.2416 auc=0.9517 ap=0.9909 f1=0.9343
  Epoch  42/50 | val loss=0.2407 auc=0.9524 ap=0.9911 f1=0.9344
  Epoch  43/50 | val loss=0.2487 auc=0.9532 ap=0.9913 f1=0.9323
    -> Saved best model (val AUC=0.9532)
  Epoch  44/50 | val loss=0.2364 auc=0.9525 ap=0.9911 f1=0.9365
  Epoch  45/50 | val loss=0.2281 auc=0.9535 ap=0.9913 f1=0.9386
    -> Saved best model (val AUC=0.9535)
  Epoch  46/50 | val loss=0.3021 auc=0.9512 ap=0.9909 f1=0.9156
  Epoch  47/50 | val loss=0.2361 auc=0.9536 ap=0.9914 f1=0.9362
    -> Saved best model (val AUC=0.9536)
  Epoch  48/50 | val loss=0.3626 auc=0.9489 ap=0.9904 f1=0.8963
  Epoch  49/50 | val loss=0.2238 auc=0.9541 ap=0.9915 f1=0.9392
    -> Saved best model (val AUC=0.9541)
  Epoch  50/50 | val loss=0.2378 auc=0.9541 ap=0.9915 f1=0.9367

============================================================
Run=thr_50_layer_norm  Fold=3
============================================================
  Loaded 164,667 rows from /user/hasmig.aintablian01/u26864/.project/dir.project/hasmig/data/combined_dendrogram_splits/50/splits/fold_3/train.parquet
  Loaded 6,833 rows from /user/hasmig.aintablian01/u26864/.project/dir.project/hasmig/data/combined_dendrogram_splits/50/splits/fold_3/val.parquet
  Epoch   1/50 | val loss=0.3029 auc=0.9455 ap=0.9525 f1=0.8756
    -> Saved best model (val AUC=0.9455)
  Epoch   2/50 | val loss=0.3085 auc=0.9410 ap=0.9524 f1=0.8811
  Epoch   3/50 | val loss=0.2951 auc=0.9515 ap=0.9587 f1=0.8793
    -> Saved best model (val AUC=0.9515)
  Epoch   4/50 | val loss=0.2912 auc=0.9560 ap=0.9610 f1=0.8769
    -> Saved best model (val AUC=0.9560)
  Epoch   5/50 | val loss=0.2741 auc=0.9600 ap=0.9635 f1=0.8774
    -> Saved best model (val AUC=0.9600)
  Epoch   6/50 | val loss=0.2799 auc=0.9605 ap=0.9640 f1=0.8751
    -> Saved best model (val AUC=0.9605)
  Epoch   7/50 | val loss=0.2743 auc=0.9615 ap=0.9649 f1=0.8840
    -> Saved best model (val AUC=0.9615)
  Epoch   8/50 | val loss=0.2695 auc=0.9616 ap=0.9649 f1=0.8783
    -> Saved best model (val AUC=0.9616)
  Epoch   9/50 | val loss=0.2733 auc=0.9620 ap=0.9654 f1=0.8859
    -> Saved best model (val AUC=0.9620)
  Epoch  10/50 | val loss=0.2688 auc=0.9621 ap=0.9655 f1=0.8865
    -> Saved best model (val AUC=0.9621)
  Epoch  11/50 | val loss=0.2633 auc=0.9621 ap=0.9655 f1=0.8823
  Epoch  12/50 | val loss=0.2703 auc=0.9620 ap=0.9654 f1=0.8775
  Epoch  13/50 | val loss=0.2667 auc=0.9621 ap=0.9655 f1=0.8822
    -> Saved best model (val AUC=0.9621)
  Epoch  14/50 | val loss=0.2688 auc=0.9620 ap=0.9654 f1=0.8862
  Epoch  15/50 | val loss=0.2607 auc=0.9620 ap=0.9654 f1=0.8848
  Epoch  16/50 | val loss=0.2691 auc=0.9621 ap=0.9655 f1=0.8803
  Epoch  17/50 | val loss=0.2692 auc=0.9623 ap=0.9656 f1=0.8838
    -> Saved best model (val AUC=0.9623)
  Epoch  18/50 | val loss=0.2667 auc=0.9622 ap=0.9656 f1=0.8829
  Epoch  19/50 | val loss=0.2659 auc=0.9621 ap=0.9655 f1=0.8820
  Epoch  20/50 | val loss=0.2637 auc=0.9621 ap=0.9654 f1=0.8829
  Epoch  21/50 | val loss=0.2730 auc=0.9622 ap=0.9656 f1=0.8826
  Epoch  22/50 | val loss=0.2689 auc=0.9618 ap=0.9652 f1=0.8867
  Epoch  23/50 | val loss=0.2808 auc=0.9623 ap=0.9655 f1=0.8762
    -> Saved best model (val AUC=0.9623)
  Epoch  24/50 | val loss=0.2597 auc=0.9620 ap=0.9652 f1=0.8909
  Epoch  25/50 | val loss=0.2558 auc=0.9619 ap=0.9650 f1=0.8942
  Epoch  26/50 | val loss=0.2609 auc=0.9622 ap=0.9653 f1=0.8933
  Epoch  27/50 | val loss=0.2666 auc=0.9624 ap=0.9653 f1=0.8827
    -> Saved best model (val AUC=0.9624)
  Epoch  28/50 | val loss=0.2683 auc=0.9624 ap=0.9654 f1=0.8917
    -> Saved best model (val AUC=0.9624)
  Epoch  29/50 | val loss=0.2711 auc=0.9627 ap=0.9655 f1=0.8869
    -> Saved best model (val AUC=0.9627)
  Epoch  30/50 | val loss=0.2972 auc=0.9623 ap=0.9653 f1=0.8765
  Epoch  31/50 | val loss=0.2591 auc=0.9626 ap=0.9654 f1=0.8938
  Epoch  32/50 | val loss=0.2586 auc=0.9625 ap=0.9653 f1=0.8959
  Epoch  33/50 | val loss=0.2537 auc=0.9626 ap=0.9654 f1=0.8968
  Epoch  34/50 | val loss=0.2616 auc=0.9629 ap=0.9656 f1=0.8937
    -> Saved best model (val AUC=0.9629)
  Epoch  35/50 | val loss=0.2825 auc=0.9628 ap=0.9656 f1=0.8841
  Epoch  36/50 | val loss=0.2530 auc=0.9627 ap=0.9653 f1=0.8979
  Epoch  37/50 | val loss=0.2685 auc=0.9631 ap=0.9658 f1=0.8919
    -> Saved best model (val AUC=0.9631)
  Epoch  38/50 | val loss=0.2526 auc=0.9632 ap=0.9655 f1=0.8989
    -> Saved best model (val AUC=0.9632)
  Epoch  39/50 | val loss=0.2803 auc=0.9631 ap=0.9656 f1=0.8863
  Epoch  40/50 | val loss=0.2560 auc=0.9631 ap=0.9654 f1=0.8965
  Epoch  41/50 | val loss=0.2830 auc=0.9631 ap=0.9654 f1=0.8831
  Epoch  42/50 | val loss=0.2810 auc=0.9632 ap=0.9657 f1=0.8831
  Epoch  43/50 | val loss=0.2649 auc=0.9634 ap=0.9655 f1=0.8917
    -> Saved best model (val AUC=0.9634)
  Epoch  44/50 | val loss=0.2627 auc=0.9635 ap=0.9658 f1=0.8917
    -> Saved best model (val AUC=0.9635)
  Epoch  45/50 | val loss=0.2577 auc=0.9636 ap=0.9660 f1=0.8944
    -> Saved best model (val AUC=0.9636)
  Epoch  46/50 | val loss=0.2697 auc=0.9632 ap=0.9654 f1=0.8872
  Epoch  47/50 | val loss=0.2659 auc=0.9633 ap=0.9659 f1=0.8897
  Epoch  48/50 | val loss=0.2686 auc=0.9643 ap=0.9670 f1=0.8861
    -> Saved best model (val AUC=0.9643)
  Epoch  49/50 | val loss=0.2503 auc=0.9656 ap=0.9679 f1=0.8994
    -> Saved best model (val AUC=0.9656)
  Epoch  50/50 | val loss=0.2448 auc=0.9666 ap=0.9692 f1=0.9015
    -> Saved best model (val AUC=0.9666)

============================================================
Run=thr_50_layer_norm  Fold=4
============================================================
  Loaded 170,806 rows from /user/hasmig.aintablian01/u26864/.project/dir.project/hasmig/data/combined_dendrogram_splits/50/splits/fold_4/train.parquet
  Loaded 14,066 rows from /user/hasmig.aintablian01/u26864/.project/dir.project/hasmig/data/combined_dendrogram_splits/50/splits/fold_4/val.parquet
  Epoch   1/50 | val loss=0.2861 auc=0.9225 ap=0.9818 f1=0.9249
    -> Saved best model (val AUC=0.9225)
  Epoch   2/50 | val loss=0.2781 auc=0.9370 ap=0.9856 f1=0.9275
    -> Saved best model (val AUC=0.9370)
  Epoch   3/50 | val loss=0.2255 auc=0.9390 ap=0.9860 f1=0.9459
    -> Saved best model (val AUC=0.9390)
  Epoch   4/50 | val loss=0.2516 auc=0.9413 ap=0.9867 f1=0.9372
    -> Saved best model (val AUC=0.9413)
  Epoch   5/50 | val loss=0.2761 auc=0.9417 ap=0.9868 f1=0.9269
    -> Saved best model (val AUC=0.9417)
  Epoch   6/50 | val loss=0.2484 auc=0.9428 ap=0.9871 f1=0.9388
    -> Saved best model (val AUC=0.9428)
  Epoch   7/50 | val loss=0.2259 auc=0.9430 ap=0.9871 f1=0.9446
    -> Saved best model (val AUC=0.9430)
  Epoch   8/50 | val loss=0.2249 auc=0.9438 ap=0.9874 f1=0.9451
    -> Saved best model (val AUC=0.9438)
  Epoch   9/50 | val loss=0.2385 auc=0.9452 ap=0.9878 f1=0.9429
    -> Saved best model (val AUC=0.9452)
  Epoch  10/50 | val loss=0.2326 auc=0.9456 ap=0.9878 f1=0.9443
    -> Saved best model (val AUC=0.9456)
  Epoch  11/50 | val loss=0.2537 auc=0.9469 ap=0.9881 f1=0.9354
    -> Saved best model (val AUC=0.9469)
  Epoch  12/50 | val loss=0.2314 auc=0.9474 ap=0.9883 f1=0.9439
    -> Saved best model (val AUC=0.9474)
  Epoch  13/50 | val loss=0.2395 auc=0.9484 ap=0.9885 f1=0.9412
    -> Saved best model (val AUC=0.9484)
  Epoch  14/50 | val loss=0.2545 auc=0.9482 ap=0.9886 f1=0.9377
  Epoch  15/50 | val loss=0.2487 auc=0.9493 ap=0.9889 f1=0.9370
    -> Saved best model (val AUC=0.9493)
  Epoch  16/50 | val loss=0.2532 auc=0.9499 ap=0.9890 f1=0.9363
    -> Saved best model (val AUC=0.9499)
  Epoch  17/50 | val loss=0.2377 auc=0.9502 ap=0.9891 f1=0.9413
    -> Saved best model (val AUC=0.9502)
  Epoch  18/50 | val loss=0.2382 auc=0.9501 ap=0.9892 f1=0.9416
  Epoch  19/50 | val loss=0.2378 auc=0.9505 ap=0.9892 f1=0.9406
    -> Saved best model (val AUC=0.9505)
  Epoch  20/50 | val loss=0.2358 auc=0.9505 ap=0.9892 f1=0.9421
    -> Saved best model (val AUC=0.9505)
  Epoch  21/50 | val loss=0.2414 auc=0.9509 ap=0.9893 f1=0.9399
    -> Saved best model (val AUC=0.9509)
  Epoch  22/50 | val loss=0.2265 auc=0.9507 ap=0.9892 f1=0.9436
  Epoch  23/50 | val loss=0.2445 auc=0.9513 ap=0.9894 f1=0.9384
    -> Saved best model (val AUC=0.9513)
  Epoch  24/50 | val loss=0.2247 auc=0.9507 ap=0.9893 f1=0.9446
  Epoch  25/50 | val loss=0.2510 auc=0.9507 ap=0.9893 f1=0.9368
  Epoch  26/50 | val loss=0.2434 auc=0.9513 ap=0.9894 f1=0.9389
  Epoch  27/50 | val loss=0.2399 auc=0.9516 ap=0.9895 f1=0.9398
    -> Saved best model (val AUC=0.9516)
  Epoch  28/50 | val loss=0.2461 auc=0.9511 ap=0.9894 f1=0.9377
  Epoch  29/50 | val loss=0.2373 auc=0.9513 ap=0.9895 f1=0.9413
  Epoch  30/50 | val loss=0.2255 auc=0.9519 ap=0.9896 f1=0.9441
    -> Saved best model (val AUC=0.9519)
  Epoch  31/50 | val loss=0.2440 auc=0.9518 ap=0.9896 f1=0.9381
  Epoch  32/50 | val loss=0.2285 auc=0.9517 ap=0.9896 f1=0.9433
  Epoch  33/50 | val loss=0.2298 auc=0.9524 ap=0.9897 f1=0.9426
    -> Saved best model (val AUC=0.9524)
  Epoch  34/50 | val loss=0.2185 auc=0.9524 ap=0.9898 f1=0.9461
  Epoch  35/50 | val loss=0.2126 auc=0.9525 ap=0.9898 f1=0.9480
    -> Saved best model (val AUC=0.9525)
  Epoch  36/50 | val loss=0.2256 auc=0.9525 ap=0.9898 f1=0.9441
    -> Saved best model (val AUC=0.9525)
  Epoch  37/50 | val loss=0.2352 auc=0.9526 ap=0.9898 f1=0.9405
    -> Saved best model (val AUC=0.9526)
  Epoch  38/50 | val loss=0.2214 auc=0.9528 ap=0.9899 f1=0.9450
    -> Saved best model (val AUC=0.9528)
  Epoch  39/50 | val loss=0.2371 auc=0.9527 ap=0.9899 f1=0.9399
  Epoch  40/50 | val loss=0.2169 auc=0.9525 ap=0.9899 f1=0.9456
  Epoch  41/50 | val loss=0.2383 auc=0.9521 ap=0.9898 f1=0.9401
  Epoch  42/50 | val loss=0.2280 auc=0.9530 ap=0.9900 f1=0.9425
    -> Saved best model (val AUC=0.9530)
  Epoch  43/50 | val loss=0.2247 auc=0.9529 ap=0.9900 f1=0.9434
  Epoch  44/50 | val loss=0.2370 auc=0.9531 ap=0.9901 f1=0.9396
    -> Saved best model (val AUC=0.9531)
  Epoch  45/50 | val loss=0.2141 auc=0.9533 ap=0.9901 f1=0.9466
    -> Saved best model (val AUC=0.9533)
  Epoch  46/50 | val loss=0.2402 auc=0.9532 ap=0.9901 f1=0.9385
  Epoch  47/50 | val loss=0.2364 auc=0.9534 ap=0.9902 f1=0.9389
    -> Saved best model (val AUC=0.9534)
  Epoch  48/50 | val loss=0.2219 auc=0.9534 ap=0.9902 f1=0.9436
    -> Saved best model (val AUC=0.9534)
  Epoch  49/50 | val loss=0.2209 auc=0.9530 ap=0.9901 f1=0.9442
  Epoch  50/50 | val loss=0.2460 auc=0.9536 ap=0.9902 f1=0.9354
    -> Saved best model (val AUC=0.9536)

============================================================
Run=thr_50_layer_norm -- Retraining final model on all folds combined
============================================================
  Combined dataset: 215,854 rows
  Loaded 215,854 rows from /user/hasmig.aintablian01/u26864/.project/dir.project/hasmig/pmhc-binding-prediction/results/02_baseline_lr/thr_50_layer_norm/combined_train.parquet
  Final model epoch 10/50
  Final model epoch 20/50
  Final model epoch 30/50
  Final model epoch 40/50
  Final model epoch 50/50
  Loaded 11,176 rows from /user/hasmig.aintablian01/u26864/.project/dir.project/hasmig/data/combined_dendrogram_splits/50/splits/test/test.parquet
  Test | auc=0.9606 ap=0.9953 f1=0.9651 precision=0.9768 recall=0.9536 tpr@fpr10=0.8907

Metrics saved to /user/hasmig.aintablian01/u26864/.project/dir.project/hasmig/pmhc-binding-prediction/results/02_baseline_lr/all_metrics.csv  (60 rows total)

=== Summary (median val AUC per threshold / config) ===
threshold  layer_norm  regularization
50         False       none              0.9581
           True        l1                0.9512
                       l2                0.9596
60         False       l2                0.9462
                       none              0.9620
           True        l1                0.9608
                       l2                0.9577
70         False       none              0.9613
80         False       none              0.9658
50         True        none              0.9629
============ Job Information ===================================================
Submitted: 2026-05-14T13:35:17
Started: 2026-05-14T13:35:47
Ended: 2026-05-14T15:18:20
Elapsed: 103 min, Limit: 720 min, Difference: 617 min
CPUs: 4, Nodes: 1
Estimated credit Consumption: 257.50 core-hours
================================================================================
