================================================================================
JobID = 13801224
User = u26864, Account = scc_mgmn_soeding
Partition = scc-gpu, Nodelist = ggpu135
================================================================================
Using device: cuda
Config: layer_norm=False, regularization=l2, reg_lambda=0.0001
Model parameters: 97

============================================================
Run=thr_50_l2_0.0001  Fold=0
============================================================
  Loaded 166,893 rows from /user/hasmig.aintablian01/u26864/.project/dir.project/hasmig/data/combined_dendrogram_splits/50/splits/fold_0/train.parquet
  Loaded 18,749 rows from /user/hasmig.aintablian01/u26864/.project/dir.project/hasmig/data/combined_dendrogram_splits/50/splits/fold_0/val.parquet
  Epoch   1/50 | val loss=0.2896 auc=0.9265 ap=0.9795 f1=0.9314
    -> Saved best model (val AUC=0.9265)
  Epoch   2/50 | val loss=0.2548 auc=0.9372 ap=0.9826 f1=0.9396
    -> Saved best model (val AUC=0.9372)
  Epoch   3/50 | val loss=0.2473 auc=0.9411 ap=0.9836 f1=0.9417
    -> Saved best model (val AUC=0.9411)
  Epoch   4/50 | val loss=0.2394 auc=0.9448 ap=0.9848 f1=0.9444
    -> Saved best model (val AUC=0.9448)
  Epoch   5/50 | val loss=0.2357 auc=0.9478 ap=0.9858 f1=0.9459
    -> Saved best model (val AUC=0.9478)
  Epoch   6/50 | val loss=0.2307 auc=0.9486 ap=0.9862 f1=0.9465
    -> Saved best model (val AUC=0.9486)
  Epoch   7/50 | val loss=0.2363 auc=0.9500 ap=0.9867 f1=0.9452
    -> Saved best model (val AUC=0.9500)
  Epoch   8/50 | val loss=0.2366 auc=0.9499 ap=0.9867 f1=0.9448
  Epoch   9/50 | val loss=0.2325 auc=0.9507 ap=0.9870 f1=0.9461
    -> Saved best model (val AUC=0.9507)
  Epoch  10/50 | val loss=0.2287 auc=0.9511 ap=0.9871 f1=0.9467
    -> Saved best model (val AUC=0.9511)
  Epoch  11/50 | val loss=0.2340 auc=0.9513 ap=0.9872 f1=0.9443
    -> Saved best model (val AUC=0.9513)
  Epoch  12/50 | val loss=0.2259 auc=0.9516 ap=0.9873 f1=0.9468
    -> Saved best model (val AUC=0.9516)
  Epoch  13/50 | val loss=0.2159 auc=0.9516 ap=0.9873 f1=0.9490
    -> Saved best model (val AUC=0.9516)
  Epoch  14/50 | val loss=0.2353 auc=0.9523 ap=0.9875 f1=0.9441
    -> Saved best model (val AUC=0.9523)
  Epoch  15/50 | val loss=0.2326 auc=0.9523 ap=0.9875 f1=0.9450
    -> Saved best model (val AUC=0.9523)
  Epoch  16/50 | val loss=0.2236 auc=0.9527 ap=0.9876 f1=0.9472
    -> Saved best model (val AUC=0.9527)
  Epoch  17/50 | val loss=0.2224 auc=0.9520 ap=0.9875 f1=0.9478
  Epoch  18/50 | val loss=0.2317 auc=0.9527 ap=0.9876 f1=0.9448
    -> Saved best model (val AUC=0.9527)
  Epoch  19/50 | val loss=0.2276 auc=0.9527 ap=0.9876 f1=0.9463
  Epoch  20/50 | val loss=0.2181 auc=0.9528 ap=0.9876 f1=0.9484
    -> Saved best model (val AUC=0.9528)
  Epoch  21/50 | val loss=0.2419 auc=0.9534 ap=0.9878 f1=0.9410
    -> Saved best model (val AUC=0.9534)
  Epoch  22/50 | val loss=0.2249 auc=0.9533 ap=0.9878 f1=0.9470
  Epoch  23/50 | val loss=0.2226 auc=0.9537 ap=0.9879 f1=0.9477
    -> Saved best model (val AUC=0.9537)
  Epoch  24/50 | val loss=0.2300 auc=0.9532 ap=0.9878 f1=0.9450
  Epoch  25/50 | val loss=0.2226 auc=0.9542 ap=0.9881 f1=0.9475
    -> Saved best model (val AUC=0.9542)
  Epoch  26/50 | val loss=0.2161 auc=0.9540 ap=0.9880 f1=0.9491
  Epoch  27/50 | val loss=0.2376 auc=0.9545 ap=0.9881 f1=0.9430
    -> Saved best model (val AUC=0.9545)
  Epoch  28/50 | val loss=0.2288 auc=0.9543 ap=0.9881 f1=0.9451
  Epoch  29/50 | val loss=0.2207 auc=0.9544 ap=0.9881 f1=0.9477
  Epoch  30/50 | val loss=0.2193 auc=0.9548 ap=0.9882 f1=0.9481
    -> Saved best model (val AUC=0.9548)
  Epoch  31/50 | val loss=0.2257 auc=0.9541 ap=0.9880 f1=0.9460
  Epoch  32/50 | val loss=0.2258 auc=0.9542 ap=0.9881 f1=0.9459
  Epoch  33/50 | val loss=0.2114 auc=0.9547 ap=0.9882 f1=0.9504
  Epoch  34/50 | val loss=0.2115 auc=0.9553 ap=0.9884 f1=0.9502
    -> Saved best model (val AUC=0.9553)
  Epoch  35/50 | val loss=0.2248 auc=0.9553 ap=0.9883 f1=0.9460
  Epoch  36/50 | val loss=0.2182 auc=0.9550 ap=0.9883 f1=0.9482
  Epoch  37/50 | val loss=0.2311 auc=0.9555 ap=0.9884 f1=0.9445
    -> Saved best model (val AUC=0.9555)
  Epoch  38/50 | val loss=0.2228 auc=0.9556 ap=0.9884 f1=0.9468
    -> Saved best model (val AUC=0.9556)
  Epoch  39/50 | val loss=0.2220 auc=0.9558 ap=0.9885 f1=0.9470
    -> Saved best model (val AUC=0.9558)
  Epoch  40/50 | val loss=0.2288 auc=0.9552 ap=0.9883 f1=0.9451
  Epoch  41/50 | val loss=0.2109 auc=0.9558 ap=0.9885 f1=0.9504
  Epoch  42/50 | val loss=0.2113 auc=0.9550 ap=0.9883 f1=0.9504
  Epoch  43/50 | val loss=0.2180 auc=0.9558 ap=0.9885 f1=0.9483
  Epoch  44/50 | val loss=0.2091 auc=0.9560 ap=0.9886 f1=0.9507
    -> Saved best model (val AUC=0.9560)
  Epoch  45/50 | val loss=0.2228 auc=0.9557 ap=0.9885 f1=0.9468
  Epoch  46/50 | val loss=0.2199 auc=0.9559 ap=0.9885 f1=0.9477
  Epoch  47/50 | val loss=0.2213 auc=0.9559 ap=0.9886 f1=0.9470
  Epoch  48/50 | val loss=0.2147 auc=0.9557 ap=0.9885 f1=0.9495
  Epoch  49/50 | val loss=0.2187 auc=0.9559 ap=0.9885 f1=0.9478
  Epoch  50/50 | val loss=0.2135 auc=0.9559 ap=0.9886 f1=0.9498

============================================================
Run=thr_50_l2_0.0001  Fold=1
============================================================
  Loaded 182,008 rows from /user/hasmig.aintablian01/u26864/.project/dir.project/hasmig/data/combined_dendrogram_splits/50/splits/fold_1/train.parquet
  Loaded 7,857 rows from /user/hasmig.aintablian01/u26864/.project/dir.project/hasmig/data/combined_dendrogram_splits/50/splits/fold_1/val.parquet
  Epoch   1/50 | val loss=0.3226 auc=0.9224 ap=0.9815 f1=0.9115
    -> Saved best model (val AUC=0.9224)
  Epoch   2/50 | val loss=0.2772 auc=0.9407 ap=0.9864 f1=0.9303
    -> Saved best model (val AUC=0.9407)
  Epoch   3/50 | val loss=0.2463 auc=0.9468 ap=0.9877 f1=0.9403
    -> Saved best model (val AUC=0.9468)
  Epoch   4/50 | val loss=0.2523 auc=0.9482 ap=0.9883 f1=0.9381
    -> Saved best model (val AUC=0.9482)
  Epoch   5/50 | val loss=0.2237 auc=0.9492 ap=0.9885 f1=0.9476
    -> Saved best model (val AUC=0.9492)
  Epoch   6/50 | val loss=0.2477 auc=0.9502 ap=0.9890 f1=0.9394
    -> Saved best model (val AUC=0.9502)
  Epoch   7/50 | val loss=0.2804 auc=0.9511 ap=0.9893 f1=0.9284
    -> Saved best model (val AUC=0.9511)
  Epoch   8/50 | val loss=0.2499 auc=0.9519 ap=0.9896 f1=0.9393
    -> Saved best model (val AUC=0.9519)
  Epoch   9/50 | val loss=0.2165 auc=0.9528 ap=0.9898 f1=0.9497
    -> Saved best model (val AUC=0.9528)
  Epoch  10/50 | val loss=0.2220 auc=0.9543 ap=0.9901 f1=0.9481
    -> Saved best model (val AUC=0.9543)
  Epoch  11/50 | val loss=0.2186 auc=0.9554 ap=0.9903 f1=0.9484
    -> Saved best model (val AUC=0.9554)
  Epoch  12/50 | val loss=0.2292 auc=0.9559 ap=0.9904 f1=0.9463
    -> Saved best model (val AUC=0.9559)
  Epoch  13/50 | val loss=0.2328 auc=0.9565 ap=0.9906 f1=0.9468
    -> Saved best model (val AUC=0.9565)
  Epoch  14/50 | val loss=0.2255 auc=0.9563 ap=0.9905 f1=0.9481
  Epoch  15/50 | val loss=0.2121 auc=0.9565 ap=0.9905 f1=0.9517
  Epoch  16/50 | val loss=0.2151 auc=0.9565 ap=0.9905 f1=0.9508
  Epoch  17/50 | val loss=0.2044 auc=0.9565 ap=0.9904 f1=0.9533
  Epoch  18/50 | val loss=0.2219 auc=0.9564 ap=0.9904 f1=0.9490
  Epoch  19/50 | val loss=0.2433 auc=0.9564 ap=0.9904 f1=0.9442
  Epoch  20/50 | val loss=0.2448 auc=0.9560 ap=0.9902 f1=0.9440
  Epoch  21/50 | val loss=0.2392 auc=0.9561 ap=0.9903 f1=0.9459
  Epoch  22/50 | val loss=0.2349 auc=0.9561 ap=0.9903 f1=0.9467
  Epoch  23/50 | val loss=0.2363 auc=0.9560 ap=0.9902 f1=0.9457
  Epoch  24/50 | val loss=0.2276 auc=0.9561 ap=0.9903 f1=0.9484
  Epoch  25/50 | val loss=0.2113 auc=0.9562 ap=0.9903 f1=0.9508
  Epoch  26/50 | val loss=0.2351 auc=0.9563 ap=0.9903 f1=0.9464
  Epoch  27/50 | val loss=0.2459 auc=0.9559 ap=0.9902 f1=0.9430
  Epoch  28/50 | val loss=0.2263 auc=0.9560 ap=0.9902 f1=0.9492
  Epoch  29/50 | val loss=0.2401 auc=0.9560 ap=0.9902 f1=0.9451
  Epoch  30/50 | val loss=0.2448 auc=0.9557 ap=0.9900 f1=0.9442
  Epoch  31/50 | val loss=0.2278 auc=0.9560 ap=0.9902 f1=0.9486
  Epoch  32/50 | val loss=0.2334 auc=0.9561 ap=0.9902 f1=0.9467
  Epoch  33/50 | val loss=0.2509 auc=0.9559 ap=0.9901 f1=0.9416
  Epoch  34/50 | val loss=0.2054 auc=0.9559 ap=0.9902 f1=0.9529
  Epoch  35/50 | val loss=0.2504 auc=0.9560 ap=0.9902 f1=0.9412
  Epoch  36/50 | val loss=0.2595 auc=0.9557 ap=0.9901 f1=0.9394
  Epoch  37/50 | val loss=0.2104 auc=0.9558 ap=0.9901 f1=0.9514
  Epoch  38/50 | val loss=0.2231 auc=0.9561 ap=0.9902 f1=0.9498
  Epoch  39/50 | val loss=0.2298 auc=0.9557 ap=0.9901 f1=0.9477
  Epoch  40/50 | val loss=0.2205 auc=0.9556 ap=0.9900 f1=0.9495
  Epoch  41/50 | val loss=0.2274 auc=0.9559 ap=0.9901 f1=0.9493
  Epoch  42/50 | val loss=0.2144 auc=0.9557 ap=0.9900 f1=0.9497
  Epoch  43/50 | val loss=0.2468 auc=0.9555 ap=0.9899 f1=0.9426
  Epoch  44/50 | val loss=0.2287 auc=0.9557 ap=0.9900 f1=0.9485
  Epoch  45/50 | val loss=0.2190 auc=0.9555 ap=0.9899 f1=0.9494
  Epoch  46/50 | val loss=0.2098 auc=0.9560 ap=0.9901 f1=0.9519
  Epoch  47/50 | val loss=0.2298 auc=0.9558 ap=0.9901 f1=0.9476
  Epoch  48/50 | val loss=0.2296 auc=0.9557 ap=0.9900 f1=0.9486
  Epoch  49/50 | val loss=0.2541 auc=0.9557 ap=0.9900 f1=0.9399
  Epoch  50/50 | val loss=0.2135 auc=0.9558 ap=0.9900 f1=0.9505

============================================================
Run=thr_50_l2_0.0001  Fold=2
============================================================
  Loaded 173,114 rows from /user/hasmig.aintablian01/u26864/.project/dir.project/hasmig/data/combined_dendrogram_splits/50/splits/fold_2/train.parquet
  Loaded 10,406 rows from /user/hasmig.aintablian01/u26864/.project/dir.project/hasmig/data/combined_dendrogram_splits/50/splits/fold_2/val.parquet
  Epoch   1/50 | val loss=0.2722 auc=0.9298 ap=0.9850 f1=0.9323
    -> Saved best model (val AUC=0.9298)
  Epoch   2/50 | val loss=0.2661 auc=0.9297 ap=0.9849 f1=0.9355
  Epoch   3/50 | val loss=0.2614 auc=0.9311 ap=0.9853 f1=0.9348
    -> Saved best model (val AUC=0.9311)
  Epoch   4/50 | val loss=0.2554 auc=0.9324 ap=0.9856 f1=0.9353
    -> Saved best model (val AUC=0.9324)
  Epoch   5/50 | val loss=0.2504 auc=0.9322 ap=0.9855 f1=0.9373
  Epoch   6/50 | val loss=0.2488 auc=0.9320 ap=0.9854 f1=0.9372
  Epoch   7/50 | val loss=0.2412 auc=0.9319 ap=0.9854 f1=0.9391
  Epoch   8/50 | val loss=0.2735 auc=0.9321 ap=0.9855 f1=0.9283
  Epoch   9/50 | val loss=0.2710 auc=0.9320 ap=0.9854 f1=0.9289
  Epoch  10/50 | val loss=0.2866 auc=0.9320 ap=0.9855 f1=0.9235
  Epoch  11/50 | val loss=0.2756 auc=0.9320 ap=0.9855 f1=0.9277
  Epoch  12/50 | val loss=0.2575 auc=0.9318 ap=0.9855 f1=0.9332
  Epoch  13/50 | val loss=0.2836 auc=0.9320 ap=0.9856 f1=0.9251
  Epoch  14/50 | val loss=0.2951 auc=0.9321 ap=0.9857 f1=0.9202
  Epoch  15/50 | val loss=0.2866 auc=0.9323 ap=0.9857 f1=0.9230
  Epoch  16/50 | val loss=0.2781 auc=0.9323 ap=0.9857 f1=0.9260
  Epoch  17/50 | val loss=0.3388 auc=0.9328 ap=0.9859 f1=0.9054
    -> Saved best model (val AUC=0.9328)
  Epoch  18/50 | val loss=0.2920 auc=0.9333 ap=0.9861 f1=0.9218
    -> Saved best model (val AUC=0.9333)
  Epoch  19/50 | val loss=0.2748 auc=0.9342 ap=0.9863 f1=0.9276
    -> Saved best model (val AUC=0.9342)
  Epoch  20/50 | val loss=0.2994 auc=0.9348 ap=0.9865 f1=0.9203
    -> Saved best model (val AUC=0.9348)
  Epoch  21/50 | val loss=0.3013 auc=0.9354 ap=0.9868 f1=0.9193
    -> Saved best model (val AUC=0.9354)
  Epoch  22/50 | val loss=0.3117 auc=0.9360 ap=0.9869 f1=0.9156
    -> Saved best model (val AUC=0.9360)
  Epoch  23/50 | val loss=0.3242 auc=0.9364 ap=0.9871 f1=0.9112
    -> Saved best model (val AUC=0.9364)
  Epoch  24/50 | val loss=0.3116 auc=0.9367 ap=0.9871 f1=0.9158
    -> Saved best model (val AUC=0.9367)
  Epoch  25/50 | val loss=0.2699 auc=0.9371 ap=0.9872 f1=0.9296
    -> Saved best model (val AUC=0.9371)
  Epoch  26/50 | val loss=0.2842 auc=0.9371 ap=0.9872 f1=0.9258
    -> Saved best model (val AUC=0.9371)
  Epoch  27/50 | val loss=0.3013 auc=0.9371 ap=0.9873 f1=0.9191
    -> Saved best model (val AUC=0.9371)
  Epoch  28/50 | val loss=0.2825 auc=0.9372 ap=0.9873 f1=0.9268
    -> Saved best model (val AUC=0.9372)
  Epoch  29/50 | val loss=0.2884 auc=0.9376 ap=0.9874 f1=0.9238
    -> Saved best model (val AUC=0.9376)
  Epoch  30/50 | val loss=0.3004 auc=0.9377 ap=0.9874 f1=0.9195
    -> Saved best model (val AUC=0.9377)
  Epoch  31/50 | val loss=0.3068 auc=0.9379 ap=0.9875 f1=0.9167
    -> Saved best model (val AUC=0.9379)
  Epoch  32/50 | val loss=0.2885 auc=0.9381 ap=0.9875 f1=0.9237
    -> Saved best model (val AUC=0.9381)
  Epoch  33/50 | val loss=0.2782 auc=0.9384 ap=0.9876 f1=0.9268
    -> Saved best model (val AUC=0.9384)
  Epoch  34/50 | val loss=0.3084 auc=0.9389 ap=0.9878 f1=0.9163
    -> Saved best model (val AUC=0.9389)
  Epoch  35/50 | val loss=0.2864 auc=0.9389 ap=0.9878 f1=0.9235
    -> Saved best model (val AUC=0.9389)
  Epoch  36/50 | val loss=0.3008 auc=0.9394 ap=0.9879 f1=0.9183
    -> Saved best model (val AUC=0.9394)
  Epoch  37/50 | val loss=0.2962 auc=0.9392 ap=0.9878 f1=0.9200
  Epoch  38/50 | val loss=0.3056 auc=0.9394 ap=0.9879 f1=0.9165
    -> Saved best model (val AUC=0.9394)
  Epoch  39/50 | val loss=0.2834 auc=0.9392 ap=0.9878 f1=0.9248
  Epoch  40/50 | val loss=0.2871 auc=0.9398 ap=0.9879 f1=0.9234
    -> Saved best model (val AUC=0.9398)
  Epoch  41/50 | val loss=0.2992 auc=0.9403 ap=0.9881 f1=0.9188
    -> Saved best model (val AUC=0.9403)
  Epoch  42/50 | val loss=0.2750 auc=0.9411 ap=0.9882 f1=0.9279
    -> Saved best model (val AUC=0.9411)
  Epoch  43/50 | val loss=0.2798 auc=0.9417 ap=0.9884 f1=0.9258
    -> Saved best model (val AUC=0.9417)
  Epoch  44/50 | val loss=0.2774 auc=0.9422 ap=0.9885 f1=0.9270
    -> Saved best model (val AUC=0.9422)
  Epoch  45/50 | val loss=0.2645 auc=0.9430 ap=0.9887 f1=0.9317
    -> Saved best model (val AUC=0.9430)
  Epoch  46/50 | val loss=0.2945 auc=0.9434 ap=0.9888 f1=0.9209
    -> Saved best model (val AUC=0.9434)
  Epoch  47/50 | val loss=0.2487 auc=0.9442 ap=0.9890 f1=0.9370
    -> Saved best model (val AUC=0.9442)
  Epoch  48/50 | val loss=0.2555 auc=0.9450 ap=0.9892 f1=0.9346
    -> Saved best model (val AUC=0.9450)
  Epoch  49/50 | val loss=0.2586 auc=0.9446 ap=0.9891 f1=0.9338
  Epoch  50/50 | val loss=0.2509 auc=0.9453 ap=0.9893 f1=0.9365
    -> Saved best model (val AUC=0.9453)

============================================================
Run=thr_50_l2_0.0001  Fold=3
============================================================
  Loaded 164,667 rows from /user/hasmig.aintablian01/u26864/.project/dir.project/hasmig/data/combined_dendrogram_splits/50/splits/fold_3/train.parquet
  Loaded 6,833 rows from /user/hasmig.aintablian01/u26864/.project/dir.project/hasmig/data/combined_dendrogram_splits/50/splits/fold_3/val.parquet
  Epoch   1/50 | val loss=0.3070 auc=0.9459 ap=0.9510 f1=0.8726
    -> Saved best model (val AUC=0.9459)
  Epoch   2/50 | val loss=0.3049 auc=0.9500 ap=0.9559 f1=0.8685
    -> Saved best model (val AUC=0.9500)
  Epoch   3/50 | val loss=0.3012 auc=0.9518 ap=0.9577 f1=0.8709
    -> Saved best model (val AUC=0.9518)
  Epoch   4/50 | val loss=0.2879 auc=0.9563 ap=0.9607 f1=0.8842
    -> Saved best model (val AUC=0.9563)
  Epoch   5/50 | val loss=0.2890 auc=0.9581 ap=0.9617 f1=0.8790
    -> Saved best model (val AUC=0.9581)
  Epoch   6/50 | val loss=0.2766 auc=0.9582 ap=0.9618 f1=0.8869
    -> Saved best model (val AUC=0.9582)
  Epoch   7/50 | val loss=0.2706 auc=0.9575 ap=0.9613 f1=0.8915
  Epoch   8/50 | val loss=0.2873 auc=0.9576 ap=0.9612 f1=0.8819
  Epoch   9/50 | val loss=0.2778 auc=0.9573 ap=0.9611 f1=0.8882
  Epoch  10/50 | val loss=0.2737 auc=0.9568 ap=0.9602 f1=0.8903
  Epoch  11/50 | val loss=0.2734 auc=0.9566 ap=0.9601 f1=0.8904
  Epoch  12/50 | val loss=0.2753 auc=0.9565 ap=0.9600 f1=0.8898
  Epoch  13/50 | val loss=0.2974 auc=0.9558 ap=0.9591 f1=0.8779
  Epoch  14/50 | val loss=0.2876 auc=0.9554 ap=0.9588 f1=0.8829
  Epoch  15/50 | val loss=0.2939 auc=0.9554 ap=0.9587 f1=0.8802
  Epoch  16/50 | val loss=0.2993 auc=0.9545 ap=0.9578 f1=0.8776
  Epoch  17/50 | val loss=0.2944 auc=0.9545 ap=0.9578 f1=0.8806
  Epoch  18/50 | val loss=0.2807 auc=0.9540 ap=0.9573 f1=0.8872
  Epoch  19/50 | val loss=0.2916 auc=0.9541 ap=0.9571 f1=0.8798
  Epoch  20/50 | val loss=0.2839 auc=0.9538 ap=0.9570 f1=0.8855
  Epoch  21/50 | val loss=0.3132 auc=0.9534 ap=0.9559 f1=0.8696
  Epoch  22/50 | val loss=0.2913 auc=0.9536 ap=0.9565 f1=0.8804
  Epoch  23/50 | val loss=0.2933 auc=0.9535 ap=0.9568 f1=0.8810
  Epoch  24/50 | val loss=0.2926 auc=0.9532 ap=0.9563 f1=0.8808
  Epoch  25/50 | val loss=0.3070 auc=0.9531 ap=0.9558 f1=0.8719
  Epoch  26/50 | val loss=0.3038 auc=0.9531 ap=0.9559 f1=0.8739
  Epoch  27/50 | val loss=0.3015 auc=0.9528 ap=0.9554 f1=0.8746
  Epoch  28/50 | val loss=0.2996 auc=0.9531 ap=0.9557 f1=0.8761
  Epoch  29/50 | val loss=0.2986 auc=0.9534 ap=0.9563 f1=0.8774
  Epoch  30/50 | val loss=0.3010 auc=0.9528 ap=0.9554 f1=0.8751
  Epoch  31/50 | val loss=0.2986 auc=0.9536 ap=0.9562 f1=0.8761
  Epoch  32/50 | val loss=0.3033 auc=0.9532 ap=0.9559 f1=0.8738
  Epoch  33/50 | val loss=0.3073 auc=0.9533 ap=0.9559 f1=0.8712
  Epoch  34/50 | val loss=0.3003 auc=0.9535 ap=0.9562 f1=0.8764
  Epoch  35/50 | val loss=0.2968 auc=0.9535 ap=0.9562 f1=0.8782
  Epoch  36/50 | val loss=0.2968 auc=0.9524 ap=0.9550 f1=0.8776
  Epoch  37/50 | val loss=0.3068 auc=0.9529 ap=0.9555 f1=0.8716
  Epoch  38/50 | val loss=0.3120 auc=0.9529 ap=0.9555 f1=0.8686
  Epoch  39/50 | val loss=0.3024 auc=0.9536 ap=0.9562 f1=0.8742
  Epoch  40/50 | val loss=0.3039 auc=0.9533 ap=0.9558 f1=0.8722
  Epoch  41/50 | val loss=0.2817 auc=0.9533 ap=0.9558 f1=0.8855
  Epoch  42/50 | val loss=0.3030 auc=0.9531 ap=0.9556 f1=0.8734
  Epoch  43/50 | val loss=0.3080 auc=0.9534 ap=0.9561 f1=0.8696
  Epoch  44/50 | val loss=0.2967 auc=0.9533 ap=0.9558 f1=0.8749
  Epoch  45/50 | val loss=0.2980 auc=0.9545 ap=0.9570 f1=0.8752
  Epoch  46/50 | val loss=0.3004 auc=0.9535 ap=0.9560 f1=0.8736
  Epoch  47/50 | val loss=0.2917 auc=0.9542 ap=0.9568 f1=0.8779
  Epoch  48/50 | val loss=0.3021 auc=0.9535 ap=0.9561 f1=0.8725
  Epoch  49/50 | val loss=0.2896 auc=0.9534 ap=0.9560 f1=0.8802
  Epoch  50/50 | val loss=0.3105 auc=0.9534 ap=0.9559 f1=0.8668

============================================================
Run=thr_50_l2_0.0001  Fold=4
============================================================
  Loaded 170,806 rows from /user/hasmig.aintablian01/u26864/.project/dir.project/hasmig/data/combined_dendrogram_splits/50/splits/fold_4/train.parquet
  Loaded 14,066 rows from /user/hasmig.aintablian01/u26864/.project/dir.project/hasmig/data/combined_dendrogram_splits/50/splits/fold_4/val.parquet
  Epoch   1/50 | val loss=0.3047 auc=0.9240 ap=0.9823 f1=0.9211
    -> Saved best model (val AUC=0.9240)
  Epoch   2/50 | val loss=0.2702 auc=0.9311 ap=0.9841 f1=0.9324
    -> Saved best model (val AUC=0.9311)
  Epoch   3/50 | val loss=0.2609 auc=0.9344 ap=0.9850 f1=0.9353
    -> Saved best model (val AUC=0.9344)
  Epoch   4/50 | val loss=0.2622 auc=0.9367 ap=0.9856 f1=0.9352
    -> Saved best model (val AUC=0.9367)
  Epoch   5/50 | val loss=0.2581 auc=0.9387 ap=0.9861 f1=0.9357
    -> Saved best model (val AUC=0.9387)
  Epoch   6/50 | val loss=0.2722 auc=0.9400 ap=0.9864 f1=0.9299
    -> Saved best model (val AUC=0.9400)
  Epoch   7/50 | val loss=0.2463 auc=0.9403 ap=0.9865 f1=0.9394
    -> Saved best model (val AUC=0.9403)
  Epoch   8/50 | val loss=0.2447 auc=0.9403 ap=0.9865 f1=0.9396
    -> Saved best model (val AUC=0.9403)
  Epoch   9/50 | val loss=0.2578 auc=0.9409 ap=0.9866 f1=0.9356
    -> Saved best model (val AUC=0.9409)
  Epoch  10/50 | val loss=0.2596 auc=0.9409 ap=0.9866 f1=0.9359
  Epoch  11/50 | val loss=0.2999 auc=0.9415 ap=0.9867 f1=0.9209
    -> Saved best model (val AUC=0.9415)
  Epoch  12/50 | val loss=0.2709 auc=0.9413 ap=0.9867 f1=0.9322
  Epoch  13/50 | val loss=0.2952 auc=0.9419 ap=0.9868 f1=0.9232
    -> Saved best model (val AUC=0.9419)
  Epoch  14/50 | val loss=0.2569 auc=0.9415 ap=0.9868 f1=0.9368
  Epoch  15/50 | val loss=0.2433 auc=0.9421 ap=0.9869 f1=0.9405
    -> Saved best model (val AUC=0.9421)
  Epoch  16/50 | val loss=0.2773 auc=0.9426 ap=0.9870 f1=0.9287
    -> Saved best model (val AUC=0.9426)
  Epoch  17/50 | val loss=0.2555 auc=0.9428 ap=0.9871 f1=0.9364
    -> Saved best model (val AUC=0.9428)
  Epoch  18/50 | val loss=0.2454 auc=0.9426 ap=0.9870 f1=0.9398
  Epoch  19/50 | val loss=0.2553 auc=0.9430 ap=0.9871 f1=0.9375
    -> Saved best model (val AUC=0.9430)
  Epoch  20/50 | val loss=0.2658 auc=0.9432 ap=0.9872 f1=0.9337
    -> Saved best model (val AUC=0.9432)
  Epoch  21/50 | val loss=0.2564 auc=0.9435 ap=0.9873 f1=0.9356
    -> Saved best model (val AUC=0.9435)
  Epoch  22/50 | val loss=0.2467 auc=0.9436 ap=0.9873 f1=0.9395
    -> Saved best model (val AUC=0.9436)
  Epoch  23/50 | val loss=0.2544 auc=0.9436 ap=0.9873 f1=0.9375
  Epoch  24/50 | val loss=0.2327 auc=0.9439 ap=0.9874 f1=0.9428
    -> Saved best model (val AUC=0.9439)
  Epoch  25/50 | val loss=0.2600 auc=0.9441 ap=0.9874 f1=0.9360
    -> Saved best model (val AUC=0.9441)
  Epoch  26/50 | val loss=0.2685 auc=0.9443 ap=0.9875 f1=0.9333
    -> Saved best model (val AUC=0.9443)
  Epoch  27/50 | val loss=0.2305 auc=0.9443 ap=0.9875 f1=0.9437
    -> Saved best model (val AUC=0.9443)
  Epoch  28/50 | val loss=0.2521 auc=0.9448 ap=0.9876 f1=0.9376
    -> Saved best model (val AUC=0.9448)
  Epoch  29/50 | val loss=0.3016 auc=0.9449 ap=0.9876 f1=0.9207
    -> Saved best model (val AUC=0.9449)
  Epoch  30/50 | val loss=0.2273 auc=0.9450 ap=0.9877 f1=0.9449
    -> Saved best model (val AUC=0.9450)
  Epoch  31/50 | val loss=0.3225 auc=0.9453 ap=0.9877 f1=0.9132
    -> Saved best model (val AUC=0.9453)
  Epoch  32/50 | val loss=0.2329 auc=0.9449 ap=0.9876 f1=0.9434
  Epoch  33/50 | val loss=0.2484 auc=0.9454 ap=0.9878 f1=0.9387
    -> Saved best model (val AUC=0.9454)
  Epoch  34/50 | val loss=0.2405 auc=0.9454 ap=0.9878 f1=0.9418
  Epoch  35/50 | val loss=0.2366 auc=0.9457 ap=0.9878 f1=0.9432
    -> Saved best model (val AUC=0.9457)
  Epoch  36/50 | val loss=0.2472 auc=0.9459 ap=0.9879 f1=0.9389
    -> Saved best model (val AUC=0.9459)
  Epoch  37/50 | val loss=0.2592 auc=0.9460 ap=0.9879 f1=0.9355
    -> Saved best model (val AUC=0.9460)
  Epoch  38/50 | val loss=0.2479 auc=0.9460 ap=0.9879 f1=0.9384
    -> Saved best model (val AUC=0.9460)
  Epoch  39/50 | val loss=0.2290 auc=0.9463 ap=0.9880 f1=0.9450
    -> Saved best model (val AUC=0.9463)
  Epoch  40/50 | val loss=0.2714 auc=0.9463 ap=0.9880 f1=0.9312
    -> Saved best model (val AUC=0.9463)
  Epoch  41/50 | val loss=0.2178 auc=0.9463 ap=0.9880 f1=0.9475
  Epoch  42/50 | val loss=0.2168 auc=0.9465 ap=0.9880 f1=0.9476
    -> Saved best model (val AUC=0.9465)
  Epoch  43/50 | val loss=0.2575 auc=0.9467 ap=0.9881 f1=0.9370
    -> Saved best model (val AUC=0.9467)
  Epoch  44/50 | val loss=0.2245 auc=0.9468 ap=0.9881 f1=0.9456
    -> Saved best model (val AUC=0.9468)
  Epoch  45/50 | val loss=0.2205 auc=0.9467 ap=0.9881 f1=0.9470
  Epoch  46/50 | val loss=0.2419 auc=0.9470 ap=0.9882 f1=0.9412
    -> Saved best model (val AUC=0.9470)
  Epoch  47/50 | val loss=0.2303 auc=0.9470 ap=0.9882 f1=0.9446
    -> Saved best model (val AUC=0.9470)
  Epoch  48/50 | val loss=0.2509 auc=0.9471 ap=0.9882 f1=0.9387
    -> Saved best model (val AUC=0.9471)
  Epoch  49/50 | val loss=0.2614 auc=0.9474 ap=0.9882 f1=0.9350
    -> Saved best model (val AUC=0.9474)
  Epoch  50/50 | val loss=0.2686 auc=0.9473 ap=0.9882 f1=0.9333

============================================================
Run=thr_50_l2_0.0001 -- Retraining final model on all folds combined
============================================================
  Combined dataset: 215,854 rows
  Loaded 215,854 rows from /user/hasmig.aintablian01/u26864/.project/dir.project/hasmig/pmhc-binding-prediction/results/02_baseline_lr/thr_50_l2_0.0001/combined_train.parquet
  Final model epoch 10/50
  Final model epoch 20/50
  Final model epoch 30/50
  Final model epoch 40/50
  Final model epoch 50/50
  Loaded 11,176 rows from /user/hasmig.aintablian01/u26864/.project/dir.project/hasmig/data/combined_dendrogram_splits/50/splits/test/test.parquet
  Test | auc=0.9551 ap=0.9945 f1=0.9619 precision=0.9777 recall=0.9466 tpr@fpr10=0.8877

Metrics saved to /user/hasmig.aintablian01/u26864/.project/dir.project/hasmig/pmhc-binding-prediction/results/02_baseline_lr/all_metrics.csv  (66 rows total)

=== Summary (median val AUC per threshold / config) ===
threshold  layer_norm  regularization
50         False       none              0.9581
           True        l1                0.9512
                       l2                0.9596
                       none              0.9629
60         False       l2                0.9462
                       none              0.9620
           True        l1                0.9608
                       l2                0.9577
70         False       none              0.9613
80         False       none              0.9658
50         False       l2                0.9560
============ Job Information ===================================================
Submitted: 2026-05-14T13:36:32
Started: 2026-05-14T13:36:33
Ended: 2026-05-14T15:20:18
Elapsed: 104 min, Limit: 720 min, Difference: 616 min
CPUs: 4, Nodes: 1
Estimated credit Consumption: 260.00 core-hours
================================================================================
